{
  "Entries": [
    {
      "RequestUri": "https://REDACTED/acr/v1/library%2Fhello-world/_manifests?api-version=2021-07-01",
      "RequestMethod": "GET",
      "RequestHeaders": {
        "Accept": "application/json",
        "Content-Length": "0",
        "Date": "Fri, 21 Apr 2023 21:09:01 GMT",
        "User-Agent": "azsdk-java-azure-containers-containerregistry/1.1.0-beta.5 (17.0.1; Windows 11; 10.0)",
        "x-ms-client-request-id": "8510fdfe-4859-408d-9675-3224e21d125d"
      },
      "RequestBody": null,
      "StatusCode": 401,
      "ResponseHeaders": {
        "Access-Control-Expose-Headers": [
          "Docker-Content-Digest",
          "WWW-Authenticate",
          "Link",
          "X-Ms-Correlation-Request-Id"
        ],
        "Connection": "keep-alive",
        "Content-Length": "222",
        "Content-Type": "application/json; charset=utf-8",
        "Date": "Fri, 21 Apr 2023 21:09:02 GMT",
        "Docker-Distribution-Api-Version": "registry/2.0",
        "Server": "openresty",
        "Strict-Transport-Security": [
          "max-age=31536000; includeSubDomains",
          "max-age=31536000; includeSubDomains"
        ],
        "WWW-Authenticate": "Bearer realm=\u0022https://REDACTED\u0022,service=\u0022REDACTED\u0022,scope=\u0022repository:library/hello-world:metadata_read\u0022",
        "X-Content-Type-Options": "nosniff",
        "X-Ms-Correlation-Request-Id": "3f8ea199-eb04-47e2-9206-40b23ee942d9"
      },
      "ResponseBody": {
        "errors": [
          {
            "code": "UNAUTHORIZED",
            "message": "authentication required, visit https://aka.ms/acr/authorization for more information.",
            "detail": [
              {
                "Type": "repository",
                "Name": "library/hello-world",
                "Action": "metadata_read"
              }
            ]
          }
        ]
      }
    },
    {
      "RequestUri": "https://REDACTED/oauth2/exchange?api-version=2021-07-01",
      "RequestMethod": "POST",
      "RequestHeaders": {
        "Accept": "application/json",
        "Content-Length": "62",
        "Content-Type": "application/x-www-form-urlencoded",
        "Date": "Fri, 21 Apr 2023 21:09:02 GMT",
        "User-Agent": "azsdk-java-azure-containers-containerregistry/1.1.0-beta.5 (17.0.1; Windows 11; 10.0)",
        "x-ms-client-request-id": "231c535b-0dbb-4883-83e9-ca13e03de172"
      },
      "RequestBody": "grant_type=access_token\u0026service=REDACTED\u0026access_token=REDACTED",
      "StatusCode": 200,
      "ResponseHeaders": {
        "Connection": "keep-alive",
        "Content-Type": "application/json; charset=utf-8",
        "Date": "Fri, 21 Apr 2023 21:09:02 GMT",
        "Server": "openresty",
        "Strict-Transport-Security": "max-age=31536000; includeSubDomains",
        "Transfer-Encoding": "chunked",
        "X-Ms-Correlation-Request-Id": "288d9d2f-3db8-4acd-a29f-1dde94348027",
        "x-ms-ratelimit-remaining-calls-per-second": "332.95"
      },
      "ResponseBody": {
        "refresh_token": "Sanitized"
      }
    },
    {
      "RequestUri": "https://REDACTED/oauth2/token?api-version=2021-07-01",
      "RequestMethod": "POST",
      "RequestHeaders": {
        "Accept": "application/json",
        "Content-Length": "121",
        "Content-Type": "application/x-www-form-urlencoded",
        "Date": "Fri, 21 Apr 2023 21:09:03 GMT",
        "User-Agent": "azsdk-java-azure-containers-containerregistry/1.1.0-beta.5 (17.0.1; Windows 11; 10.0)",
        "x-ms-client-request-id": "aba5e3e3-d2d7-47e6-bf45-289970b236c3"
      },
      "RequestBody": "service=REDACTED\u0026scope=repository%3Alibrary%2Fhello-world%3Ametadata_read\u0026refresh_token=REDACTED\u0026grant_type=refresh_token",
      "StatusCode": 200,
      "ResponseHeaders": {
        "Connection": "keep-alive",
        "Content-Type": "application/json; charset=utf-8",
        "Date": "Fri, 21 Apr 2023 21:09:03 GMT",
        "Server": "openresty",
        "Strict-Transport-Security": "max-age=31536000; includeSubDomains",
        "Transfer-Encoding": "chunked",
        "X-Ms-Correlation-Request-Id": "212006e4-de48-4d2f-b28f-78513d4c6788",
        "x-ms-ratelimit-remaining-calls-per-second": "331.766667"
      },
      "ResponseBody": {
        "access_token": "Sanitized"
      }
    },
    {
      "RequestUri": "https://REDACTED/acr/v1/library%2Fhello-world/_manifests?api-version=2021-07-01",
      "RequestMethod": "GET",
      "RequestHeaders": {
        "Accept": "application/json",
        "Authorization": "Sanitized",
        "Content-Length": "0",
        "Date": "Fri, 21 Apr 2023 21:09:01 GMT",
        "User-Agent": "azsdk-java-azure-containers-containerregistry/1.1.0-beta.5 (17.0.1; Windows 11; 10.0)",
        "x-ms-client-request-id": "8510fdfe-4859-408d-9675-3224e21d125d"
      },
      "RequestBody": null,
      "StatusCode": 200,
      "ResponseHeaders": {
        "Access-Control-Expose-Headers": [
          "Docker-Content-Digest",
          "WWW-Authenticate",
          "Link",
          "X-Ms-Correlation-Request-Id"
        ],
        "Connection": "keep-alive",
        "Content-Type": "application/json; charset=utf-8",
        "Date": "Fri, 21 Apr 2023 21:09:03 GMT",
        "Docker-Distribution-Api-Version": "registry/2.0",
        "Server": "openresty",
        "Strict-Transport-Security": [
          "max-age=31536000; includeSubDomains",
          "max-age=31536000; includeSubDomains"
        ],
        "Transfer-Encoding": "chunked",
        "X-Content-Type-Options": "nosniff",
        "X-Ms-Correlation-Request-Id": "c220fb46-9520-46e5-bb0f-46eb3c7e815b"
      },
      "ResponseBody": {
        "registry": "limolkovaacr.azurecr.io",
        "imageName": "library/hello-world",
        "manifests": [
          {
            "digest": "sha256:222fd58970d97d818081fee49fa57821d0acad88697639692e5cd0bd26f9f174",
            "imageSize": 106689854,
            "createdTime": "2023-03-16T03:17:57.2668497Z",
            "lastUpdateTime": "2023-03-16T03:17:57.2668497Z",
            "architecture": "amd64",
            "os": "windows",
            "mediaType": "application/vnd.docker.distribution.manifest.v2\u002Bjson",
            "changeableAttributes": {
              "deleteEnabled": true,
              "writeEnabled": true,
              "readEnabled": true,
              "listEnabled": true
            }
          },
          {
            "digest": "sha256:3209b9aec056b296ea55b2af7757d078bf92e55a3ea29c5fdef5c785bcef09c4",
            "imageSize": 5923,
            "createdTime": "2023-03-15T02:42:24.9488419Z",
            "lastUpdateTime": "2023-03-15T02:42:24.9488419Z",
            "architecture": "ppc64le",
            "os": "linux",
            "mediaType": "application/vnd.docker.distribution.manifest.v2\u002Bjson",
            "changeableAttributes": {
              "deleteEnabled": true,
              "writeEnabled": true,
              "readEnabled": true,
              "listEnabled": true
            }
          },
          {
            "digest": "sha256:40d0cfd0861719208ff9f7747ab3f97844eeca509df705db44a736df863b76af",
            "imageSize": 5001,
            "createdTime": "2023-01-30T17:44:40.8730362Z",
            "lastUpdateTime": "2023-01-30T17:44:40.8730362Z",
            "architecture": "arm",
            "os": "linux",
            "mediaType": "application/vnd.docker.distribution.manifest.v2\u002Bjson",
            "changeableAttributes": {
              "deleteEnabled": true,
              "writeEnabled": true,
              "readEnabled": true,
              "listEnabled": true
            }
          },
          {
            "digest": "sha256:432f982638b3aefab73cc58ab28f5c16e96fdb504e8c134fc58dff4bae8bf338",
            "imageSize": 5218,
            "createdTime": "2023-01-30T17:44:40.9407415Z",
            "lastUpdateTime": "2023-01-30T17:44:40.9407415Z",
            "architecture": "arm64",
            "os": "linux",
            "mediaType": "application/vnd.docker.distribution.manifest.v2\u002Bjson",
            "changeableAttributes": {
              "deleteEnabled": true,
              "writeEnabled": true,
              "readEnabled": true,
              "listEnabled": true
            }
          },
          {
            "digest": "sha256:4e83453afed1b4fa1a3500525091dbfca6ce1e66903fd4c01ff015dbcb1ba33e",
            "imageSize": 229179042,
            "createdTime": "2023-04-17T20:53:53.0440199Z",
            "lastUpdateTime": "2023-04-17T20:53:53.0440199Z",
            "mediaType": "application/vnd.docker.distribution.manifest.list.v2\u002Bjson",
            "tags": [
              "latest",
              "v1",
              "v2",
              "v3",
              "v4"
            ],
            "changeableAttributes": {
              "deleteEnabled": true,
              "writeEnabled": true,
              "readEnabled": true,
              "listEnabled": true
            }
          },
          {
            "digest": "sha256:5a68d6d4e86b52b9bacc57847167c33a9c90f54924d2538ef2a75281c94a7bcc",
            "imageSize": 0,
            "createdTime": "2023-03-16T21:44:54.295038Z",
            "lastUpdateTime": "2023-03-16T21:44:54.295038Z",
            "mediaType": "application/vnd.oci.artifact.manifest.v1\u002Bjson",
            "changeableAttributes": {
              "deleteEnabled": true,
              "writeEnabled": true,
              "readEnabled": true,
              "listEnabled": true
            }
          },
          {
            "digest": "sha256:5e022189f7e57e0b8b59d87a7c8d448eef7fc7a94418395ca8f0ffbed1d4cb84",
            "imageSize": 122334473,
            "createdTime": "2023-04-17T20:53:59.8769722Z",
            "lastUpdateTime": "2023-04-17T20:53:59.8769722Z",
            "architecture": "amd64",
            "os": "windows",
            "mediaType": "application/vnd.docker.distribution.manifest.v2\u002Bjson",
            "changeableAttributes": {
              "deleteEnabled": true,
              "writeEnabled": true,
              "readEnabled": true,
              "listEnabled": true
            }
          },
          {
            "digest": "sha256:6253ef1af25aabd67777a01c686e7c69ee612961db34c8b90da079e5473be83b",
            "imageSize": 5690,
            "createdTime": "2023-03-15T02:42:24.0012757Z",
            "lastUpdateTime": "2023-03-15T02:42:24.0012757Z",
            "architecture": "arm",
            "os": "linux",
            "mediaType": "application/vnd.docker.distribution.manifest.v2\u002Bjson",
            "changeableAttributes": {
              "deleteEnabled": true,
              "writeEnabled": true,
              "readEnabled": true,
              "listEnabled": true
            }
          },
          {
            "digest": "sha256:63421b18c1443a9a85139225293fae7541fb40b7832d9deff80b6a9a75ce3604",
            "imageSize": 228854995,
            "createdTime": "2023-03-15T02:42:24.8252355Z",
            "lastUpdateTime": "2023-03-15T02:42:24.8252355Z",
            "mediaType": "application/vnd.docker.distribution.manifest.list.v2\u002Bjson",
            "changeableAttributes": {
              "deleteEnabled": true,
              "writeEnabled": true,
              "readEnabled": true,
              "listEnabled": true
            }
          },
          {
            "digest": "sha256:660408e6ce09363b7dc1a30b210e1888bfa4ff7342e7d69e87463d184dc0cbad",
            "imageSize": 122124580,
            "createdTime": "2023-02-17T02:13:11.577232Z",
            "lastUpdateTime": "2023-02-17T02:13:11.577232Z",
            "architecture": "amd64",
            "os": "windows",
            "mediaType": "application/vnd.docker.distribution.manifest.v2\u002Bjson",
            "changeableAttributes": {
              "deleteEnabled": true,
              "writeEnabled": true,
              "readEnabled": true,
              "listEnabled": true
            }
          },
          {
            "digest": "sha256:6e8b6f026e0b9c419ea0fd02d3905dd0952ad1feea67543f525c73a0a790fefb",
            "imageSize": 228854998,
            "createdTime": "2023-02-17T02:13:03.3899403Z",
            "lastUpdateTime": "2023-02-17T02:13:03.3899403Z",
            "mediaType": "application/vnd.docker.distribution.manifest.list.v2\u002Bjson",
            "changeableAttributes": {
              "deleteEnabled": true,
              "writeEnabled": true,
              "readEnabled": true,
              "listEnabled": true
            }
          },
          {
            "digest": "sha256:7b8b7289d0536a08eabdf71c20246e23f7116641db7e1d278592236ea4dcb30c",
            "imageSize": 5691,
            "createdTime": "2023-01-30T17:44:39.6327471Z",
            "lastUpdateTime": "2023-01-30T17:44:39.6327471Z",
            "architecture": "arm",
            "os": "linux",
            "mediaType": "application/vnd.docker.distribution.manifest.v2\u002Bjson",
            "changeableAttributes": {
              "deleteEnabled": true,
              "writeEnabled": true,
              "readEnabled": true,
              "listEnabled": true
            }
          },
          {
            "digest": "sha256:85cb8a21bf48b235130639896249c369832588da34f8ae8c7f3995aa824be7d5",
            "imageSize": 122105243,
            "createdTime": "2023-01-30T17:44:40.9850695Z",
            "lastUpdateTime": "2023-01-30T17:44:40.9850695Z",
            "architecture": "amd64",
            "os": "windows",
            "mediaType": "application/vnd.docker.distribution.manifest.v2\u002Bjson",
            "changeableAttributes": {
              "deleteEnabled": true,
              "writeEnabled": true,
              "readEnabled": true,
              "listEnabled": true
            }
          },
          {
            "digest": "sha256:87b9ca29151260634b95efb84d43b05335dc3ed36cc132e2b920dd1955342d20",
            "imageSize": 106671756,
            "createdTime": "2023-01-30T17:44:40.6348419Z",
            "lastUpdateTime": "2023-01-30T17:44:40.6348419Z",
            "architecture": "amd64",
            "os": "windows",
            "mediaType": "application/vnd.docker.distribution.manifest.v2\u002Bjson",
            "changeableAttributes": {
              "deleteEnabled": true,
              "writeEnabled": true,
              "readEnabled": true,
              "listEnabled": true
            }
          },
          {
            "digest": "sha256:8ecc1906cb80f3250bc965d853a1d0ad964ab40d2ae929d0a8b9f04250d749b5",
            "imageSize": 106794618,
            "createdTime": "2023-04-17T20:53:58.8667526Z",
            "lastUpdateTime": "2023-04-17T20:53:58.8667526Z",
            "architecture": "amd64",
            "os": "windows",
            "mediaType": "application/vnd.docker.distribution.manifest.v2\u002Bjson",
            "changeableAttributes": {
              "deleteEnabled": true,
              "writeEnabled": true,
              "readEnabled": true,
              "listEnabled": true
            }
          },
          {
            "digest": "sha256:98c9722322be649df94780d3fbe594fce7996234b259f27eac9428b84050c849",
            "imageSize": 4996,
            "createdTime": "2023-01-30T17:44:40.6737843Z",
            "lastUpdateTime": "2023-01-30T17:44:40.6737843Z",
            "architecture": "riscv64",
            "os": "linux",
            "mediaType": "application/vnd.docker.distribution.manifest.v2\u002Bjson",
            "changeableAttributes": {
              "deleteEnabled": true,
              "writeEnabled": true,
              "readEnabled": true,
              "listEnabled": true
            }
          },
          {
            "digest": "sha256:995efde2e81b21d1ea7066aa77a59298a62a9e9fbb4b77f36c189774ec9b1089",
            "imageSize": 4729,
            "createdTime": "2023-01-30T17:44:39.8721049Z",
            "lastUpdateTime": "2023-01-30T17:44:39.8721049Z",
            "architecture": "386",
            "os": "linux",
            "mediaType": "application/vnd.docker.distribution.manifest.v2\u002Bjson",
            "changeableAttributes": {
              "deleteEnabled": true,
              "writeEnabled": true,
              "readEnabled": true,
              "listEnabled": true
            }
          },
          {
            "digest": "sha256:aa0cc8055b82dc2509bed2e19b275c8f463506616377219d9642221ab53cf9fe",
            "imageSize": 228826953,
            "createdTime": "2023-01-30T17:44:39.8443205Z",
            "lastUpdateTime": "2023-01-30T17:44:39.8443205Z",
            "mediaType": "application/vnd.docker.distribution.manifest.list.v2\u002Bjson",
            "changeableAttributes": {
              "deleteEnabled": true,
              "writeEnabled": true,
              "readEnabled": true,
              "listEnabled": true
            }
          },
          {
            "digest": "sha256:b836bb24a270b9cc935962d8228517fde0f16990e88893d935efcb1b14c0017a",
            "imageSize": 5925,
            "createdTime": "2023-01-30T17:44:41.3291185Z",
            "lastUpdateTime": "2023-01-30T17:44:41.3291185Z",
            "architecture": "ppc64le",
            "os": "linux",
            "mediaType": "application/vnd.docker.distribution.manifest.v2\u002Bjson",
            "changeableAttributes": {
              "deleteEnabled": true,
              "writeEnabled": true,
              "readEnabled": true,
              "listEnabled": true
            }
          },
          {
            "digest": "sha256:c7b6944911848ce39b44ed660d95fb54d69bbd531de724c7ce6fc9f743c0b861",
            "imageSize": 5270,
            "createdTime": "2023-01-30T17:44:40.7885419Z",
            "lastUpdateTime": "2023-01-30T17:44:40.7885419Z",
            "architecture": "s390x",
            "os": "linux",
            "mediaType": "application/vnd.docker.distribution.manifest.v2\u002Bjson",
            "changeableAttributes": {
              "deleteEnabled": true,
              "writeEnabled": true,
              "readEnabled": true,
              "listEnabled": true
            }
          },
          {
            "digest": "sha256:eb11b1a194ff8e236a01eff392c4e1296a53b0fb4780d8b0382f7996a15d5392",
            "imageSize": 6090,
            "createdTime": "2023-01-30T17:44:40.7386105Z",
            "lastUpdateTime": "2023-01-30T17:44:40.7386105Z",
            "architecture": "mips64le",
            "os": "linux",
            "mediaType": "application/vnd.docker.distribution.manifest.v2\u002Bjson",
            "changeableAttributes": {
              "deleteEnabled": true,
              "writeEnabled": true,
              "readEnabled": true,
              "listEnabled": true
            }
          },
          {
            "digest": "sha256:f01c39d7dc9bff6475b855fe3a94a5233955696b3b8090222807010230a553c6",
            "imageSize": 106680464,
            "createdTime": "2023-02-17T02:13:11.3019299Z",
            "lastUpdateTime": "2023-02-17T02:13:11.3019299Z",
            "architecture": "amd64",
            "os": "windows",
            "mediaType": "application/vnd.docker.distribution.manifest.v2\u002Bjson",
            "changeableAttributes": {
              "deleteEnabled": true,
              "writeEnabled": true,
              "readEnabled": true,
              "listEnabled": true
            }
          },
          {
            "digest": "sha256:f5094c800af671abfc125480b44bd223bdb54d0d2b065de6f9f8e9cdf25dead8",
            "imageSize": 122177389,
            "createdTime": "2023-03-16T03:17:58.3453962Z",
            "lastUpdateTime": "2023-03-16T03:17:58.3453962Z",
            "architecture": "amd64",
            "os": "windows",
            "mediaType": "application/vnd.docker.distribution.manifest.v2\u002Bjson",
            "changeableAttributes": {
              "deleteEnabled": true,
              "writeEnabled": true,
              "readEnabled": true,
              "listEnabled": true
            }
          },
          {
            "digest": "sha256:f54a58bc1aac5ea1a25d796ae155dc228b3f0e11d046ae276b39c4bf2f13d8c4",
            "imageSize": 4473,
            "createdTime": "2023-01-30T17:44:39.6779114Z",
            "lastUpdateTime": "2023-01-30T17:44:39.6779114Z",
            "architecture": "amd64",
            "os": "linux",
            "mediaType": "application/vnd.docker.distribution.manifest.v2\u002Bjson",
            "changeableAttributes": {
              "deleteEnabled": true,
              "writeEnabled": true,
              "readEnabled": true,
              "listEnabled": true
            }
          },
          {
            "digest": "sha256:ffb13da98453e0f04d33a6eee5bb8e46ee50d08ebe17735fc0779d0349e889e9",
            "imageSize": 228917194,
            "createdTime": "2023-03-16T03:17:50.4343333Z",
            "lastUpdateTime": "2023-03-16T03:17:50.4343333Z",
            "mediaType": "application/vnd.docker.distribution.manifest.list.v2\u002Bjson",
            "changeableAttributes": {
              "deleteEnabled": true,
              "writeEnabled": true,
              "readEnabled": true,
              "listEnabled": true
            }
          }
        ]
      }
    },
    {
      "RequestUri": "https://REDACTED/acr/v1/library%2Fhello-world/_manifests?api-version=2021-07-01",
      "RequestMethod": "GET",
      "RequestHeaders": {
        "Accept": "application/json",
        "Content-Length": "0",
        "Date": "Fri, 21 Apr 2023 21:09:03 GMT",
        "User-Agent": "azsdk-java-azure-containers-containerregistry/1.1.0-beta.5 (17.0.1; Windows 11; 10.0)",
        "x-ms-client-request-id": "69f95e03-c6da-45dd-b522-e355244e84f9"
      },
      "RequestBody": null,
      "StatusCode": 401,
      "ResponseHeaders": {
        "Access-Control-Expose-Headers": [
          "Docker-Content-Digest",
          "WWW-Authenticate",
          "Link",
          "X-Ms-Correlation-Request-Id"
        ],
        "Connection": "keep-alive",
        "Content-Length": "222",
        "Content-Type": "application/json; charset=utf-8",
        "Date": "Fri, 21 Apr 2023 21:09:03 GMT",
        "Docker-Distribution-Api-Version": "registry/2.0",
        "Server": "openresty",
        "Strict-Transport-Security": [
          "max-age=31536000; includeSubDomains",
          "max-age=31536000; includeSubDomains"
        ],
        "WWW-Authenticate": "Bearer realm=\u0022https://REDACTED\u0022,service=\u0022REDACTED\u0022,scope=\u0022repository:library/hello-world:metadata_read\u0022",
        "X-Content-Type-Options": "nosniff",
        "X-Ms-Correlation-Request-Id": "0c23ae44-677d-4784-856d-4b776947ca8b"
      },
      "ResponseBody": {
        "errors": [
          {
            "code": "UNAUTHORIZED",
            "message": "authentication required, visit https://aka.ms/acr/authorization for more information.",
            "detail": [
              {
                "Type": "repository",
                "Name": "library/hello-world",
                "Action": "metadata_read"
              }
            ]
          }
        ]
      }
    },
    {
      "RequestUri": "https://REDACTED/oauth2/exchange?api-version=2021-07-01",
      "RequestMethod": "POST",
      "RequestHeaders": {
        "Accept": "application/json",
        "Content-Length": "62",
        "Content-Type": "application/x-www-form-urlencoded",
        "Date": "Fri, 21 Apr 2023 21:09:04 GMT",
        "User-Agent": "azsdk-java-azure-containers-containerregistry/1.1.0-beta.5 (17.0.1; Windows 11; 10.0)",
        "x-ms-client-request-id": "bbdf2638-7951-4461-abaf-71fbf59f581c"
      },
      "RequestBody": "grant_type=access_token\u0026service=REDACTED\u0026access_token=REDACTED",
      "StatusCode": 200,
      "ResponseHeaders": {
        "Connection": "keep-alive",
        "Content-Type": "application/json; charset=utf-8",
        "Date": "Fri, 21 Apr 2023 21:09:04 GMT",
        "Server": "openresty",
        "Strict-Transport-Security": "max-age=31536000; includeSubDomains",
        "Transfer-Encoding": "chunked",
        "X-Ms-Correlation-Request-Id": "a78f1a40-90d0-480f-a35d-961e9a7fb4d7",
        "x-ms-ratelimit-remaining-calls-per-second": "331.683333"
      },
      "ResponseBody": {
        "refresh_token": "Sanitized"
      }
    },
    {
      "RequestUri": "https://REDACTED/oauth2/token?api-version=2021-07-01",
      "RequestMethod": "POST",
      "RequestHeaders": {
        "Accept": "application/json",
        "Content-Length": "121",
        "Content-Type": "application/x-www-form-urlencoded",
        "Date": "Fri, 21 Apr 2023 21:09:04 GMT",
        "User-Agent": "azsdk-java-azure-containers-containerregistry/1.1.0-beta.5 (17.0.1; Windows 11; 10.0)",
        "x-ms-client-request-id": "a5348054-cd1d-4aaa-ad75-5d904b750be4"
      },
      "RequestBody": "service=REDACTED\u0026scope=repository%3Alibrary%2Fhello-world%3Ametadata_read\u0026refresh_token=REDACTED\u0026grant_type=refresh_token",
      "StatusCode": 200,
      "ResponseHeaders": {
        "Connection": "keep-alive",
        "Content-Type": "application/json; charset=utf-8",
        "Date": "Fri, 21 Apr 2023 21:09:04 GMT",
        "Server": "openresty",
        "Strict-Transport-Security": "max-age=31536000; includeSubDomains",
        "Transfer-Encoding": "chunked",
        "X-Ms-Correlation-Request-Id": "3d118993-5448-46dd-937f-60d7d07949d3",
        "x-ms-ratelimit-remaining-calls-per-second": "331.65"
      },
      "ResponseBody": {
        "access_token": "Sanitized"
      }
    },
    {
      "RequestUri": "https://REDACTED/acr/v1/library%2Fhello-world/_manifests?api-version=2021-07-01",
      "RequestMethod": "GET",
      "RequestHeaders": {
        "Accept": "application/json",
        "Authorization": "Sanitized",
        "Content-Length": "0",
        "Date": "Fri, 21 Apr 2023 21:09:03 GMT",
        "User-Agent": "azsdk-java-azure-containers-containerregistry/1.1.0-beta.5 (17.0.1; Windows 11; 10.0)",
        "x-ms-client-request-id": "69f95e03-c6da-45dd-b522-e355244e84f9"
      },
      "RequestBody": null,
      "StatusCode": 200,
      "ResponseHeaders": {
        "Access-Control-Expose-Headers": [
          "Docker-Content-Digest",
          "WWW-Authenticate",
          "Link",
          "X-Ms-Correlation-Request-Id"
        ],
        "Connection": "keep-alive",
        "Content-Type": "application/json; charset=utf-8",
        "Date": "Fri, 21 Apr 2023 21:09:04 GMT",
        "Docker-Distribution-Api-Version": "registry/2.0",
        "Server": "openresty",
        "Strict-Transport-Security": [
          "max-age=31536000; includeSubDomains",
          "max-age=31536000; includeSubDomains"
        ],
        "Transfer-Encoding": "chunked",
        "X-Content-Type-Options": "nosniff",
        "X-Ms-Correlation-Request-Id": "462e4a21-7f33-448c-86f3-f9bb76931fcb"
      },
      "ResponseBody": {
        "registry": "limolkovaacr.azurecr.io",
        "imageName": "library/hello-world",
        "manifests": [
          {
            "digest": "sha256:222fd58970d97d818081fee49fa57821d0acad88697639692e5cd0bd26f9f174",
            "imageSize": 106689854,
            "createdTime": "2023-03-16T03:17:57.2668497Z",
            "lastUpdateTime": "2023-03-16T03:17:57.2668497Z",
            "architecture": "amd64",
            "os": "windows",
            "mediaType": "application/vnd.docker.distribution.manifest.v2\u002Bjson",
            "changeableAttributes": {
              "deleteEnabled": true,
              "writeEnabled": true,
              "readEnabled": true,
              "listEnabled": true
            }
          },
          {
            "digest": "sha256:3209b9aec056b296ea55b2af7757d078bf92e55a3ea29c5fdef5c785bcef09c4",
            "imageSize": 5923,
            "createdTime": "2023-03-15T02:42:24.9488419Z",
            "lastUpdateTime": "2023-03-15T02:42:24.9488419Z",
            "architecture": "ppc64le",
            "os": "linux",
            "mediaType": "application/vnd.docker.distribution.manifest.v2\u002Bjson",
            "changeableAttributes": {
              "deleteEnabled": true,
              "writeEnabled": true,
              "readEnabled": true,
              "listEnabled": true
            }
          },
          {
            "digest": "sha256:40d0cfd0861719208ff9f7747ab3f97844eeca509df705db44a736df863b76af",
            "imageSize": 5001,
            "createdTime": "2023-01-30T17:44:40.8730362Z",
            "lastUpdateTime": "2023-01-30T17:44:40.8730362Z",
            "architecture": "arm",
            "os": "linux",
            "mediaType": "application/vnd.docker.distribution.manifest.v2\u002Bjson",
            "changeableAttributes": {
              "deleteEnabled": true,
              "writeEnabled": true,
              "readEnabled": true,
              "listEnabled": true
            }
          },
          {
            "digest": "sha256:432f982638b3aefab73cc58ab28f5c16e96fdb504e8c134fc58dff4bae8bf338",
            "imageSize": 5218,
            "createdTime": "2023-01-30T17:44:40.9407415Z",
            "lastUpdateTime": "2023-01-30T17:44:40.9407415Z",
            "architecture": "arm64",
            "os": "linux",
            "mediaType": "application/vnd.docker.distribution.manifest.v2\u002Bjson",
            "changeableAttributes": {
              "deleteEnabled": true,
              "writeEnabled": true,
              "readEnabled": true,
              "listEnabled": true
            }
          },
          {
            "digest": "sha256:4e83453afed1b4fa1a3500525091dbfca6ce1e66903fd4c01ff015dbcb1ba33e",
            "imageSize": 229179042,
            "createdTime": "2023-04-17T20:53:53.0440199Z",
            "lastUpdateTime": "2023-04-17T20:53:53.0440199Z",
            "mediaType": "application/vnd.docker.distribution.manifest.list.v2\u002Bjson",
            "tags": [
              "latest",
              "v1",
              "v2",
              "v3",
              "v4"
            ],
            "changeableAttributes": {
              "deleteEnabled": true,
              "writeEnabled": true,
              "readEnabled": true,
              "listEnabled": true
            }
          },
          {
            "digest": "sha256:5a68d6d4e86b52b9bacc57847167c33a9c90f54924d2538ef2a75281c94a7bcc",
            "imageSize": 0,
            "createdTime": "2023-03-16T21:44:54.295038Z",
            "lastUpdateTime": "2023-03-16T21:44:54.295038Z",
            "mediaType": "application/vnd.oci.artifact.manifest.v1\u002Bjson",
            "changeableAttributes": {
              "deleteEnabled": true,
              "writeEnabled": true,
              "readEnabled": true,
              "listEnabled": true
            }
          },
          {
            "digest": "sha256:5e022189f7e57e0b8b59d87a7c8d448eef7fc7a94418395ca8f0ffbed1d4cb84",
            "imageSize": 122334473,
            "createdTime": "2023-04-17T20:53:59.8769722Z",
            "lastUpdateTime": "2023-04-17T20:53:59.8769722Z",
            "architecture": "amd64",
            "os": "windows",
            "mediaType": "application/vnd.docker.distribution.manifest.v2\u002Bjson",
            "changeableAttributes": {
              "deleteEnabled": true,
              "writeEnabled": true,
              "readEnabled": true,
              "listEnabled": true
            }
          },
          {
            "digest": "sha256:6253ef1af25aabd67777a01c686e7c69ee612961db34c8b90da079e5473be83b",
            "imageSize": 5690,
            "createdTime": "2023-03-15T02:42:24.0012757Z",
            "lastUpdateTime": "2023-03-15T02:42:24.0012757Z",
            "architecture": "arm",
            "os": "linux",
            "mediaType": "application/vnd.docker.distribution.manifest.v2\u002Bjson",
            "changeableAttributes": {
              "deleteEnabled": true,
              "writeEnabled": true,
              "readEnabled": true,
              "listEnabled": true
            }
          },
          {
            "digest": "sha256:63421b18c1443a9a85139225293fae7541fb40b7832d9deff80b6a9a75ce3604",
            "imageSize": 228854995,
            "createdTime": "2023-03-15T02:42:24.8252355Z",
            "lastUpdateTime": "2023-03-15T02:42:24.8252355Z",
            "mediaType": "application/vnd.docker.distribution.manifest.list.v2\u002Bjson",
            "changeableAttributes": {
              "deleteEnabled": true,
              "writeEnabled": true,
              "readEnabled": true,
              "listEnabled": true
            }
          },
          {
            "digest": "sha256:660408e6ce09363b7dc1a30b210e1888bfa4ff7342e7d69e87463d184dc0cbad",
            "imageSize": 122124580,
            "createdTime": "2023-02-17T02:13:11.577232Z",
            "lastUpdateTime": "2023-02-17T02:13:11.577232Z",
            "architecture": "amd64",
            "os": "windows",
            "mediaType": "application/vnd.docker.distribution.manifest.v2\u002Bjson",
            "changeableAttributes": {
              "deleteEnabled": true,
              "writeEnabled": true,
              "readEnabled": true,
              "listEnabled": true
            }
          },
          {
            "digest": "sha256:6e8b6f026e0b9c419ea0fd02d3905dd0952ad1feea67543f525c73a0a790fefb",
            "imageSize": 228854998,
            "createdTime": "2023-02-17T02:13:03.3899403Z",
            "lastUpdateTime": "2023-02-17T02:13:03.3899403Z",
            "mediaType": "application/vnd.docker.distribution.manifest.list.v2\u002Bjson",
            "changeableAttributes": {
              "deleteEnabled": true,
              "writeEnabled": true,
              "readEnabled": true,
              "listEnabled": true
            }
          },
          {
            "digest": "sha256:7b8b7289d0536a08eabdf71c20246e23f7116641db7e1d278592236ea4dcb30c",
            "imageSize": 5691,
            "createdTime": "2023-01-30T17:44:39.6327471Z",
            "lastUpdateTime": "2023-01-30T17:44:39.6327471Z",
            "architecture": "arm",
            "os": "linux",
            "mediaType": "application/vnd.docker.distribution.manifest.v2\u002Bjson",
            "changeableAttributes": {
              "deleteEnabled": true,
              "writeEnabled": true,
              "readEnabled": true,
              "listEnabled": true
            }
          },
          {
            "digest": "sha256:85cb8a21bf48b235130639896249c369832588da34f8ae8c7f3995aa824be7d5",
            "imageSize": 122105243,
            "createdTime": "2023-01-30T17:44:40.9850695Z",
            "lastUpdateTime": "2023-01-30T17:44:40.9850695Z",
            "architecture": "amd64",
            "os": "windows",
            "mediaType": "application/vnd.docker.distribution.manifest.v2\u002Bjson",
            "changeableAttributes": {
              "deleteEnabled": true,
              "writeEnabled": true,
              "readEnabled": true,
              "listEnabled": true
            }
          },
          {
            "digest": "sha256:87b9ca29151260634b95efb84d43b05335dc3ed36cc132e2b920dd1955342d20",
            "imageSize": 106671756,
            "createdTime": "2023-01-30T17:44:40.6348419Z",
            "lastUpdateTime": "2023-01-30T17:44:40.6348419Z",
            "architecture": "amd64",
            "os": "windows",
            "mediaType": "application/vnd.docker.distribution.manifest.v2\u002Bjson",
            "changeableAttributes": {
              "deleteEnabled": true,
              "writeEnabled": true,
              "readEnabled": true,
              "listEnabled": true
            }
          },
          {
            "digest": "sha256:8ecc1906cb80f3250bc965d853a1d0ad964ab40d2ae929d0a8b9f04250d749b5",
            "imageSize": 106794618,
            "createdTime": "2023-04-17T20:53:58.8667526Z",
            "lastUpdateTime": "2023-04-17T20:53:58.8667526Z",
            "architecture": "amd64",
            "os": "windows",
            "mediaType": "application/vnd.docker.distribution.manifest.v2\u002Bjson",
            "changeableAttributes": {
              "deleteEnabled": true,
              "writeEnabled": true,
              "readEnabled": true,
              "listEnabled": true
            }
          },
          {
            "digest": "sha256:98c9722322be649df94780d3fbe594fce7996234b259f27eac9428b84050c849",
            "imageSize": 4996,
            "createdTime": "2023-01-30T17:44:40.6737843Z",
            "lastUpdateTime": "2023-01-30T17:44:40.6737843Z",
            "architecture": "riscv64",
            "os": "linux",
            "mediaType": "application/vnd.docker.distribution.manifest.v2\u002Bjson",
            "changeableAttributes": {
              "deleteEnabled": true,
              "writeEnabled": true,
              "readEnabled": true,
              "listEnabled": true
            }
          },
          {
            "digest": "sha256:995efde2e81b21d1ea7066aa77a59298a62a9e9fbb4b77f36c189774ec9b1089",
            "imageSize": 4729,
            "createdTime": "2023-01-30T17:44:39.8721049Z",
            "lastUpdateTime": "2023-01-30T17:44:39.8721049Z",
            "architecture": "386",
            "os": "linux",
            "mediaType": "application/vnd.docker.distribution.manifest.v2\u002Bjson",
            "changeableAttributes": {
              "deleteEnabled": true,
              "writeEnabled": true,
              "readEnabled": true,
              "listEnabled": true
            }
          },
          {
            "digest": "sha256:aa0cc8055b82dc2509bed2e19b275c8f463506616377219d9642221ab53cf9fe",
            "imageSize": 228826953,
            "createdTime": "2023-01-30T17:44:39.8443205Z",
            "lastUpdateTime": "2023-01-30T17:44:39.8443205Z",
            "mediaType": "application/vnd.docker.distribution.manifest.list.v2\u002Bjson",
            "changeableAttributes": {
              "deleteEnabled": true,
              "writeEnabled": true,
              "readEnabled": true,
              "listEnabled": true
            }
          },
          {
            "digest": "sha256:b836bb24a270b9cc935962d8228517fde0f16990e88893d935efcb1b14c0017a",
            "imageSize": 5925,
            "createdTime": "2023-01-30T17:44:41.3291185Z",
            "lastUpdateTime": "2023-01-30T17:44:41.3291185Z",
            "architecture": "ppc64le",
            "os": "linux",
            "mediaType": "application/vnd.docker.distribution.manifest.v2\u002Bjson",
            "changeableAttributes": {
              "deleteEnabled": true,
              "writeEnabled": true,
              "readEnabled": true,
              "listEnabled": true
            }
          },
          {
            "digest": "sha256:c7b6944911848ce39b44ed660d95fb54d69bbd531de724c7ce6fc9f743c0b861",
            "imageSize": 5270,
            "createdTime": "2023-01-30T17:44:40.7885419Z",
            "lastUpdateTime": "2023-01-30T17:44:40.7885419Z",
            "architecture": "s390x",
            "os": "linux",
            "mediaType": "application/vnd.docker.distribution.manifest.v2\u002Bjson",
            "changeableAttributes": {
              "deleteEnabled": true,
              "writeEnabled": true,
              "readEnabled": true,
              "listEnabled": true
            }
          },
          {
            "digest": "sha256:eb11b1a194ff8e236a01eff392c4e1296a53b0fb4780d8b0382f7996a15d5392",
            "imageSize": 6090,
            "createdTime": "2023-01-30T17:44:40.7386105Z",
            "lastUpdateTime": "2023-01-30T17:44:40.7386105Z",
            "architecture": "mips64le",
            "os": "linux",
            "mediaType": "application/vnd.docker.distribution.manifest.v2\u002Bjson",
            "changeableAttributes": {
              "deleteEnabled": true,
              "writeEnabled": true,
              "readEnabled": true,
              "listEnabled": true
            }
          },
          {
            "digest": "sha256:f01c39d7dc9bff6475b855fe3a94a5233955696b3b8090222807010230a553c6",
            "imageSize": 106680464,
            "createdTime": "2023-02-17T02:13:11.3019299Z",
            "lastUpdateTime": "2023-02-17T02:13:11.3019299Z",
            "architecture": "amd64",
            "os": "windows",
            "mediaType": "application/vnd.docker.distribution.manifest.v2\u002Bjson",
            "changeableAttributes": {
              "deleteEnabled": true,
              "writeEnabled": true,
              "readEnabled": true,
              "listEnabled": true
            }
          },
          {
            "digest": "sha256:f5094c800af671abfc125480b44bd223bdb54d0d2b065de6f9f8e9cdf25dead8",
            "imageSize": 122177389,
            "createdTime": "2023-03-16T03:17:58.3453962Z",
            "lastUpdateTime": "2023-03-16T03:17:58.3453962Z",
            "architecture": "amd64",
            "os": "windows",
            "mediaType": "application/vnd.docker.distribution.manifest.v2\u002Bjson",
            "changeableAttributes": {
              "deleteEnabled": true,
              "writeEnabled": true,
              "readEnabled": true,
              "listEnabled": true
            }
          },
          {
            "digest": "sha256:f54a58bc1aac5ea1a25d796ae155dc228b3f0e11d046ae276b39c4bf2f13d8c4",
            "imageSize": 4473,
            "createdTime": "2023-01-30T17:44:39.6779114Z",
            "lastUpdateTime": "2023-01-30T17:44:39.6779114Z",
            "architecture": "amd64",
            "os": "linux",
            "mediaType": "application/vnd.docker.distribution.manifest.v2\u002Bjson",
            "changeableAttributes": {
              "deleteEnabled": true,
              "writeEnabled": true,
              "readEnabled": true,
              "listEnabled": true
            }
          },
          {
            "digest": "sha256:ffb13da98453e0f04d33a6eee5bb8e46ee50d08ebe17735fc0779d0349e889e9",
            "imageSize": 228917194,
            "createdTime": "2023-03-16T03:17:50.4343333Z",
            "lastUpdateTime": "2023-03-16T03:17:50.4343333Z",
            "mediaType": "application/vnd.docker.distribution.manifest.list.v2\u002Bjson",
            "changeableAttributes": {
              "deleteEnabled": true,
              "writeEnabled": true,
              "readEnabled": true,
              "listEnabled": true
            }
          }
        ]
      }
    }
  ],
  "Variables": {}
}
