{
  "Entries": [
    {
      "RequestUri": "https://REDACTED/v2/library%2Fhello-world/manifests/sha256:REDACTED",
      "RequestMethod": "PUT",
      "RequestHeaders": {
        "Accept": "application/json",
        "Content-Length": "112",
        "Content-Type": "application/vnd.oci.artifact.manifest.v1\u002Bjson",
        "Date": "Fri, 21 Apr 2023 21:09:32 GMT",
        "User-Agent": "azsdk-java-azure-containers-containerregistry/1.1.0-beta.5 (17.0.1; Windows 11; 10.0)",
        "x-ms-client-request-id": "fb771ccf-803d-4225-8a0d-f6ba5560b7d4"
      },
      "RequestBody": {
        "mediaType": "application/vnd.oci.artifact.manifest.v1\u002Bjson",
        "artifactType": "application/vnd.example.sbom.v1"
      },
      "StatusCode": 401,
      "ResponseHeaders": {
        "Access-Control-Expose-Headers": [
          "Docker-Content-Digest",
          "WWW-Authenticate",
          "Link",
          "X-Ms-Correlation-Request-Id"
        ],
        "Connection": "keep-alive",
        "Content-Length": "280",
        "Content-Type": "application/json; charset=utf-8",
        "Date": "Fri, 21 Apr 2023 21:09:32 GMT",
        "Docker-Distribution-Api-Version": "registry/2.0",
        "Server": "openresty",
        "Strict-Transport-Security": [
          "max-age=31536000; includeSubDomains",
          "max-age=31536000; includeSubDomains"
        ],
        "WWW-Authenticate": "Bearer realm=\u0022https://REDACTED\u0022,service=\u0022REDACTED\u0022,scope=\u0022repository:library/hello-world:pull,push\u0022",
        "X-Content-Type-Options": "nosniff",
        "X-Ms-Correlation-Request-Id": "3632c853-ab4e-4069-932c-97df3018d6fb"
      },
      "ResponseBody": {
        "errors": [
          {
            "code": "UNAUTHORIZED",
            "message": "authentication required, visit https://aka.ms/acr/authorization for more information.",
            "detail": [
              {
                "Type": "repository",
                "Name": "library/hello-world",
                "Action": "pull"
              },
              {
                "Type": "repository",
                "Name": "library/hello-world",
                "Action": "push"
              }
            ]
          }
        ]
      }
    },
    {
      "RequestUri": "https://REDACTED/oauth2/exchange?api-version=2021-07-01",
      "RequestMethod": "POST",
      "RequestHeaders": {
        "Accept": "application/json",
        "Content-Length": "62",
        "Content-Type": "application/x-www-form-urlencoded",
        "Date": "Fri, 21 Apr 2023 21:09:32 GMT",
        "User-Agent": "azsdk-java-azure-containers-containerregistry/1.1.0-beta.5 (17.0.1; Windows 11; 10.0)",
        "x-ms-client-request-id": "4b1e3428-1f64-4600-a019-d6e1291cb84d"
      },
      "RequestBody": "grant_type=access_token\u0026service=REDACTED\u0026access_token=REDACTED",
      "StatusCode": 200,
      "ResponseHeaders": {
        "Connection": "keep-alive",
        "Content-Type": "application/json; charset=utf-8",
        "Date": "Fri, 21 Apr 2023 21:09:32 GMT",
        "Server": "openresty",
        "Strict-Transport-Security": "max-age=31536000; includeSubDomains",
        "Transfer-Encoding": "chunked",
        "X-Ms-Correlation-Request-Id": "2f2f00dc-4c75-498a-82ad-349c96373338",
        "x-ms-ratelimit-remaining-calls-per-second": "327.7"
      },
      "ResponseBody": {
        "refresh_token": "Sanitized"
      }
    },
    {
      "RequestUri": "https://REDACTED/oauth2/token?api-version=2021-07-01",
      "RequestMethod": "POST",
      "RequestHeaders": {
        "Accept": "application/json",
        "Content-Length": "119",
        "Content-Type": "application/x-www-form-urlencoded",
        "Date": "Fri, 21 Apr 2023 21:09:32 GMT",
        "User-Agent": "azsdk-java-azure-containers-containerregistry/1.1.0-beta.5 (17.0.1; Windows 11; 10.0)",
        "x-ms-client-request-id": "ba209aed-de78-45c7-acc4-62a8b552c281"
      },
      "RequestBody": "service=REDACTED\u0026scope=repository%3Alibrary%2Fhello-world%3Apull%2Cpush\u0026refresh_token=REDACTED\u0026grant_type=refresh_token",
      "StatusCode": 200,
      "ResponseHeaders": {
        "Connection": "keep-alive",
        "Content-Type": "application/json; charset=utf-8",
        "Date": "Fri, 21 Apr 2023 21:09:32 GMT",
        "Server": "openresty",
        "Strict-Transport-Security": "max-age=31536000; includeSubDomains",
        "Transfer-Encoding": "chunked",
        "X-Ms-Correlation-Request-Id": "2a7e4f88-33d1-4764-b3bb-17d6eeb84da2",
        "x-ms-ratelimit-remaining-calls-per-second": "327.683333"
      },
      "ResponseBody": {
        "access_token": "Sanitized"
      }
    },
    {
      "RequestUri": "https://REDACTED/v2/library%2Fhello-world/manifests/sha256:REDACTED",
      "RequestMethod": "PUT",
      "RequestHeaders": {
        "Accept": "application/json",
        "Authorization": "Sanitized",
        "Content-Length": "112",
        "Content-Type": "application/vnd.oci.artifact.manifest.v1\u002Bjson",
        "Date": "Fri, 21 Apr 2023 21:09:32 GMT",
        "User-Agent": "azsdk-java-azure-containers-containerregistry/1.1.0-beta.5 (17.0.1; Windows 11; 10.0)",
        "x-ms-client-request-id": "fb771ccf-803d-4225-8a0d-f6ba5560b7d4"
      },
      "RequestBody": {
        "mediaType": "application/vnd.oci.artifact.manifest.v1\u002Bjson",
        "artifactType": "application/vnd.example.sbom.v1"
      },
      "StatusCode": 201,
      "ResponseHeaders": {
        "Access-Control-Expose-Headers": [
          "Docker-Content-Digest",
          "WWW-Authenticate",
          "Link",
          "X-Ms-Correlation-Request-Id"
        ],
        "Connection": "keep-alive",
        "Content-Length": "0",
        "Date": "Fri, 21 Apr 2023 21:09:32 GMT",
        "Docker-Content-Digest": "sha256:5a68d6d4e86b52b9bacc57847167c33a9c90f54924d2538ef2a75281c94a7bcc",
        "Docker-Distribution-Api-Version": "registry/2.0",
        "Location": "/v2/library/hello-world/manifests/sha256:5a68d6d4e86b52b9bacc57847167c33a9c90f54924d2538ef2a75281c94a7bcc",
        "Server": "openresty",
        "Strict-Transport-Security": [
          "max-age=31536000; includeSubDomains",
          "max-age=31536000; includeSubDomains"
        ],
        "X-Content-Type-Options": "nosniff",
        "X-Ms-Client-Request-Id": "fb771ccf-803d-4225-8a0d-f6ba5560b7d4",
        "X-Ms-Correlation-Request-Id": "f01bd7e5-3eb1-49bf-86fe-160b85e8c5b1",
        "X-Ms-Request-Id": "91e56180-9a56-434b-b153-c1e9adeb62e0"
      },
      "ResponseBody": null
    },
    {
      "RequestUri": "https://REDACTED/v2/library%2Fhello-world/manifests/sha256:REDACTED",
      "RequestMethod": "GET",
      "RequestHeaders": {
        "Accept": "*/*,application/vnd.oci.image.manifest.v1\u002Bjson,application/vnd.docker.distribution.manifest.v2\u002Bjson,application/vnd.oci.image.index.v1\u002Bjson,application/vnd.docker.distribution.manifest.list.v2\u002Bjson,application/vnd.cncf.oras.artifact.manifest.v1\u002Bjson",
        "Content-Length": "0",
        "Date": "Fri, 21 Apr 2023 21:09:32 GMT",
        "User-Agent": "azsdk-java-azure-containers-containerregistry/1.1.0-beta.5 (17.0.1; Windows 11; 10.0)",
        "x-ms-client-request-id": "17970b62-4271-431f-bfe7-4e8e33ad640f"
      },
      "RequestBody": null,
      "StatusCode": 401,
      "ResponseHeaders": {
        "Access-Control-Expose-Headers": [
          "Docker-Content-Digest",
          "WWW-Authenticate",
          "Link",
          "X-Ms-Correlation-Request-Id"
        ],
        "Connection": "keep-alive",
        "Content-Length": "213",
        "Content-Type": "application/json; charset=utf-8",
        "Date": "Fri, 21 Apr 2023 21:09:32 GMT",
        "Docker-Distribution-Api-Version": "registry/2.0",
        "Server": "openresty",
        "Strict-Transport-Security": [
          "max-age=31536000; includeSubDomains",
          "max-age=31536000; includeSubDomains"
        ],
        "WWW-Authenticate": "Bearer realm=\u0022https://REDACTED\u0022,service=\u0022REDACTED\u0022,scope=\u0022repository:library/hello-world:pull\u0022",
        "X-Content-Type-Options": "nosniff",
        "X-Ms-Correlation-Request-Id": "890482e0-c62a-4441-bea5-c2951712316b"
      },
      "ResponseBody": {
        "errors": [
          {
            "code": "UNAUTHORIZED",
            "message": "authentication required, visit https://aka.ms/acr/authorization for more information.",
            "detail": [
              {
                "Type": "repository",
                "Name": "library/hello-world",
                "Action": "pull"
              }
            ]
          }
        ]
      }
    },
    {
      "RequestUri": "https://REDACTED/oauth2/token?api-version=2021-07-01",
      "RequestMethod": "POST",
      "RequestHeaders": {
        "Accept": "application/json",
        "Content-Length": "112",
        "Content-Type": "application/x-www-form-urlencoded",
        "Date": "Fri, 21 Apr 2023 21:09:32 GMT",
        "User-Agent": "azsdk-java-azure-containers-containerregistry/1.1.0-beta.5 (17.0.1; Windows 11; 10.0)",
        "x-ms-client-request-id": "79806352-ac11-4cb8-92b0-a5ebd4916ba5"
      },
      "RequestBody": "service=REDACTED\u0026scope=repository%3Alibrary%2Fhello-world%3Apull\u0026refresh_token=REDACTED\u0026grant_type=refresh_token",
      "StatusCode": 200,
      "ResponseHeaders": {
        "Connection": "keep-alive",
        "Content-Type": "application/json; charset=utf-8",
        "Date": "Fri, 21 Apr 2023 21:09:32 GMT",
        "Server": "openresty",
        "Strict-Transport-Security": "max-age=31536000; includeSubDomains",
        "Transfer-Encoding": "chunked",
        "X-Ms-Correlation-Request-Id": "0fc3227a-9d9f-4bf0-acdb-45172af5e5c7",
        "x-ms-ratelimit-remaining-calls-per-second": "327.666667"
      },
      "ResponseBody": {
        "access_token": "Sanitized"
      }
    },
    {
      "RequestUri": "https://REDACTED/v2/library%2Fhello-world/manifests/sha256:REDACTED",
      "RequestMethod": "GET",
      "RequestHeaders": {
        "Accept": "*/*,application/vnd.oci.image.manifest.v1\u002Bjson,application/vnd.docker.distribution.manifest.v2\u002Bjson,application/vnd.oci.image.index.v1\u002Bjson,application/vnd.docker.distribution.manifest.list.v2\u002Bjson,application/vnd.cncf.oras.artifact.manifest.v1\u002Bjson",
        "Authorization": "Sanitized",
        "Content-Length": "0",
        "Date": "Fri, 21 Apr 2023 21:09:32 GMT",
        "User-Agent": "azsdk-java-azure-containers-containerregistry/1.1.0-beta.5 (17.0.1; Windows 11; 10.0)",
        "x-ms-client-request-id": "17970b62-4271-431f-bfe7-4e8e33ad640f"
      },
      "RequestBody": null,
      "StatusCode": 404,
      "ResponseHeaders": {
        "Access-Control-Expose-Headers": [
          "Docker-Content-Digest",
          "WWW-Authenticate",
          "Link",
          "X-Ms-Correlation-Request-Id"
        ],
        "Connection": "keep-alive",
        "Content-Length": "122",
        "Content-Type": "application/json; charset=utf-8",
        "Date": "Fri, 21 Apr 2023 21:09:32 GMT",
        "Docker-Distribution-Api-Version": "registry/2.0",
        "Server": "openresty",
        "Strict-Transport-Security": [
          "max-age=31536000; includeSubDomains",
          "max-age=31536000; includeSubDomains"
        ],
        "X-Content-Type-Options": "nosniff",
        "X-Ms-Client-Request-Id": "17970b62-4271-431f-bfe7-4e8e33ad640f",
        "X-Ms-Correlation-Request-Id": "5eba3e78-f41c-4d60-96c8-6985a42e1386",
        "X-Ms-Request-Id": "6fca18b8-4513-45d1-8a5f-514d78faf038"
      },
      "ResponseBody": {
        "errors": [
          {
            "code": "MANIFEST_UNKNOWN",
            "message": "OCI artifact found, but accept header does not support OCI artifacts"
          }
        ]
      }
    },
    {
      "RequestUri": "https://REDACTED/v2/library%2Fhello-world/blobs/sha256:REDACTED",
      "RequestMethod": "DELETE",
      "RequestHeaders": {
        "Accept": "*/*",
        "Content-Length": "0",
        "Date": "Fri, 21 Apr 2023 21:09:32 GMT",
        "User-Agent": "azsdk-java-azure-containers-containerregistry/1.1.0-beta.5 (17.0.1; Windows 11; 10.0)",
        "x-ms-client-request-id": "d1aac456-e1c1-484e-917a-9d33650bde77"
      },
      "RequestBody": null,
      "StatusCode": 401,
      "ResponseHeaders": {
        "Access-Control-Expose-Headers": [
          "Docker-Content-Digest",
          "WWW-Authenticate",
          "Link",
          "X-Ms-Correlation-Request-Id"
        ],
        "Connection": "keep-alive",
        "Content-Length": "215",
        "Content-Type": "application/json; charset=utf-8",
        "Date": "Fri, 21 Apr 2023 21:09:32 GMT",
        "Docker-Distribution-Api-Version": "registry/2.0",
        "Server": "openresty",
        "Strict-Transport-Security": [
          "max-age=31536000; includeSubDomains",
          "max-age=31536000; includeSubDomains"
        ],
        "WWW-Authenticate": "Bearer realm=\u0022https://REDACTED\u0022,service=\u0022REDACTED\u0022,scope=\u0022repository:library/hello-world:delete\u0022",
        "X-Content-Type-Options": "nosniff",
        "X-Ms-Correlation-Request-Id": "5b374dcb-9c95-4dcc-b331-d353fd889978"
      },
      "ResponseBody": {
        "errors": [
          {
            "code": "UNAUTHORIZED",
            "message": "authentication required, visit https://aka.ms/acr/authorization for more information.",
            "detail": [
              {
                "Type": "repository",
                "Name": "library/hello-world",
                "Action": "delete"
              }
            ]
          }
        ]
      }
    },
    {
      "RequestUri": "https://REDACTED/oauth2/token?api-version=2021-07-01",
      "RequestMethod": "POST",
      "RequestHeaders": {
        "Accept": "application/json",
        "Content-Length": "114",
        "Content-Type": "application/x-www-form-urlencoded",
        "Date": "Fri, 21 Apr 2023 21:09:33 GMT",
        "User-Agent": "azsdk-java-azure-containers-containerregistry/1.1.0-beta.5 (17.0.1; Windows 11; 10.0)",
        "x-ms-client-request-id": "de58745c-a7ed-49fd-8575-a020dcaf039c"
      },
      "RequestBody": "service=REDACTED\u0026scope=repository%3Alibrary%2Fhello-world%3Adelete\u0026refresh_token=REDACTED\u0026grant_type=refresh_token",
      "StatusCode": 200,
      "ResponseHeaders": {
        "Connection": "keep-alive",
        "Content-Type": "application/json; charset=utf-8",
        "Date": "Fri, 21 Apr 2023 21:09:33 GMT",
        "Server": "openresty",
        "Strict-Transport-Security": "max-age=31536000; includeSubDomains",
        "Transfer-Encoding": "chunked",
        "X-Ms-Correlation-Request-Id": "d8b84648-f5ab-41ca-a88c-b027c029750b",
        "x-ms-ratelimit-remaining-calls-per-second": "327.65"
      },
      "ResponseBody": {
        "access_token": "Sanitized"
      }
    },
    {
      "RequestUri": "https://REDACTED/v2/library%2Fhello-world/blobs/sha256:REDACTED",
      "RequestMethod": "DELETE",
      "RequestHeaders": {
        "Accept": "*/*",
        "Authorization": "Sanitized",
        "Content-Length": "0",
        "Date": "Fri, 21 Apr 2023 21:09:32 GMT",
        "User-Agent": "azsdk-java-azure-containers-containerregistry/1.1.0-beta.5 (17.0.1; Windows 11; 10.0)",
        "x-ms-client-request-id": "d1aac456-e1c1-484e-917a-9d33650bde77"
      },
      "RequestBody": null,
      "StatusCode": 404,
      "ResponseHeaders": {
        "Access-Control-Expose-Headers": [
          "Docker-Content-Digest",
          "WWW-Authenticate",
          "Link",
          "X-Ms-Correlation-Request-Id"
        ],
        "Connection": "keep-alive",
        "Content-Length": "74",
        "Content-Type": "application/json; charset=utf-8",
        "Date": "Fri, 21 Apr 2023 21:09:33 GMT",
        "Docker-Distribution-Api-Version": "registry/2.0",
        "Server": "openresty",
        "Strict-Transport-Security": [
          "max-age=31536000; includeSubDomains",
          "max-age=31536000; includeSubDomains"
        ],
        "X-Content-Type-Options": "nosniff",
        "X-Ms-Client-Request-Id": "d1aac456-e1c1-484e-917a-9d33650bde77",
        "X-Ms-Correlation-Request-Id": "950b15c4-779d-4345-8e1d-663c50a40de2",
        "X-Ms-Ratelimit-Remaining-Calls-Per-Second": "32.000000",
        "X-Ms-Request-Id": "e58b0359-aadb-409e-a320-c57e94b5a9d6"
      },
      "ResponseBody": {
        "errors": [
          {
            "code": "BLOB_UNKNOWN",
            "message": "blob unknown to registry"
          }
        ]
      }
    },
    {
      "RequestUri": "https://REDACTED/v2/library%2Fhello-world/blobs/sha256:REDACTED",
      "RequestMethod": "DELETE",
      "RequestHeaders": {
        "Accept": "*/*",
        "Content-Length": "0",
        "Date": "Fri, 21 Apr 2023 21:09:33 GMT",
        "User-Agent": "azsdk-java-azure-containers-containerregistry/1.1.0-beta.5 (17.0.1; Windows 11; 10.0)",
        "x-ms-client-request-id": "01c73241-b4f2-4285-b719-d3cd160bc8f5"
      },
      "RequestBody": null,
      "StatusCode": 401,
      "ResponseHeaders": {
        "Access-Control-Expose-Headers": [
          "Docker-Content-Digest",
          "WWW-Authenticate",
          "Link",
          "X-Ms-Correlation-Request-Id"
        ],
        "Connection": "keep-alive",
        "Content-Length": "215",
        "Content-Type": "application/json; charset=utf-8",
        "Date": "Fri, 21 Apr 2023 21:09:33 GMT",
        "Docker-Distribution-Api-Version": "registry/2.0",
        "Server": "openresty",
        "Strict-Transport-Security": [
          "max-age=31536000; includeSubDomains",
          "max-age=31536000; includeSubDomains"
        ],
        "WWW-Authenticate": "Bearer realm=\u0022https://REDACTED\u0022,service=\u0022REDACTED\u0022,scope=\u0022repository:library/hello-world:delete\u0022",
        "X-Content-Type-Options": "nosniff",
        "X-Ms-Correlation-Request-Id": "c8a372e8-26c3-4580-b37f-4358a625be96"
      },
      "ResponseBody": {
        "errors": [
          {
            "code": "UNAUTHORIZED",
            "message": "authentication required, visit https://aka.ms/acr/authorization for more information.",
            "detail": [
              {
                "Type": "repository",
                "Name": "library/hello-world",
                "Action": "delete"
              }
            ]
          }
        ]
      }
    },
    {
      "RequestUri": "https://REDACTED/oauth2/token?api-version=2021-07-01",
      "RequestMethod": "POST",
      "RequestHeaders": {
        "Accept": "application/json",
        "Content-Length": "114",
        "Content-Type": "application/x-www-form-urlencoded",
        "Date": "Fri, 21 Apr 2023 21:09:33 GMT",
        "User-Agent": "azsdk-java-azure-containers-containerregistry/1.1.0-beta.5 (17.0.1; Windows 11; 10.0)",
        "x-ms-client-request-id": "1d745576-8572-4f45-a343-da97e78a457b"
      },
      "RequestBody": "service=REDACTED\u0026scope=repository%3Alibrary%2Fhello-world%3Adelete\u0026refresh_token=REDACTED\u0026grant_type=refresh_token",
      "StatusCode": 200,
      "ResponseHeaders": {
        "Connection": "keep-alive",
        "Content-Type": "application/json; charset=utf-8",
        "Date": "Fri, 21 Apr 2023 21:09:33 GMT",
        "Server": "openresty",
        "Strict-Transport-Security": "max-age=31536000; includeSubDomains",
        "Transfer-Encoding": "chunked",
        "X-Ms-Correlation-Request-Id": "580d0af4-4b3d-49ef-ba3d-0c4c599b45cf",
        "x-ms-ratelimit-remaining-calls-per-second": "327.633333"
      },
      "ResponseBody": {
        "access_token": "Sanitized"
      }
    },
    {
      "RequestUri": "https://REDACTED/v2/library%2Fhello-world/blobs/sha256:REDACTED",
      "RequestMethod": "DELETE",
      "RequestHeaders": {
        "Accept": "*/*",
        "Authorization": "Sanitized",
        "Content-Length": "0",
        "Date": "Fri, 21 Apr 2023 21:09:33 GMT",
        "User-Agent": "azsdk-java-azure-containers-containerregistry/1.1.0-beta.5 (17.0.1; Windows 11; 10.0)",
        "x-ms-client-request-id": "01c73241-b4f2-4285-b719-d3cd160bc8f5"
      },
      "RequestBody": null,
      "StatusCode": 404,
      "ResponseHeaders": {
        "Access-Control-Expose-Headers": [
          "Docker-Content-Digest",
          "WWW-Authenticate",
          "Link",
          "X-Ms-Correlation-Request-Id"
        ],
        "Connection": "keep-alive",
        "Content-Length": "74",
        "Content-Type": "application/json; charset=utf-8",
        "Date": "Fri, 21 Apr 2023 21:09:33 GMT",
        "Docker-Distribution-Api-Version": "registry/2.0",
        "Server": "openresty",
        "Strict-Transport-Security": [
          "max-age=31536000; includeSubDomains",
          "max-age=31536000; includeSubDomains"
        ],
        "X-Content-Type-Options": "nosniff",
        "X-Ms-Client-Request-Id": "01c73241-b4f2-4285-b719-d3cd160bc8f5",
        "X-Ms-Correlation-Request-Id": "72bb1624-1ff5-4248-b74e-2955bb83df6d",
        "X-Ms-Ratelimit-Remaining-Calls-Per-Second": "31.000000",
        "X-Ms-Request-Id": "51b8b4fe-6750-4ea4-8385-0d5161f213aa"
      },
      "ResponseBody": {
        "errors": [
          {
            "code": "BLOB_UNKNOWN",
            "message": "blob unknown to registry"
          }
        ]
      }
    },
    {
      "RequestUri": "https://REDACTED/v2/library%2Fhello-world/manifests/sha256:REDACTED",
      "RequestMethod": "DELETE",
      "RequestHeaders": {
        "Accept": "application/json",
        "Content-Length": "0",
        "Date": "Fri, 21 Apr 2023 21:09:33 GMT",
        "User-Agent": "azsdk-java-azure-containers-containerregistry/1.1.0-beta.5 (17.0.1; Windows 11; 10.0)",
        "x-ms-client-request-id": "5dd1f745-8e0c-47c1-a5f9-f5a2ed96dce1"
      },
      "RequestBody": null,
      "StatusCode": 401,
      "ResponseHeaders": {
        "Access-Control-Expose-Headers": [
          "Docker-Content-Digest",
          "WWW-Authenticate",
          "Link",
          "X-Ms-Correlation-Request-Id"
        ],
        "Connection": "keep-alive",
        "Content-Length": "215",
        "Content-Type": "application/json; charset=utf-8",
        "Date": "Fri, 21 Apr 2023 21:09:33 GMT",
        "Docker-Distribution-Api-Version": "registry/2.0",
        "Server": "openresty",
        "Strict-Transport-Security": [
          "max-age=31536000; includeSubDomains",
          "max-age=31536000; includeSubDomains"
        ],
        "WWW-Authenticate": "Bearer realm=\u0022https://REDACTED\u0022,service=\u0022REDACTED\u0022,scope=\u0022repository:library/hello-world:delete\u0022",
        "X-Content-Type-Options": "nosniff",
        "X-Ms-Correlation-Request-Id": "c79c5d83-1353-4410-835a-bcbdb1f629c5"
      },
      "ResponseBody": {
        "errors": [
          {
            "code": "UNAUTHORIZED",
            "message": "authentication required, visit https://aka.ms/acr/authorization for more information.",
            "detail": [
              {
                "Type": "repository",
                "Name": "library/hello-world",
                "Action": "delete"
              }
            ]
          }
        ]
      }
    },
    {
      "RequestUri": "https://REDACTED/oauth2/token?api-version=2021-07-01",
      "RequestMethod": "POST",
      "RequestHeaders": {
        "Accept": "application/json",
        "Content-Length": "114",
        "Content-Type": "application/x-www-form-urlencoded",
        "Date": "Fri, 21 Apr 2023 21:09:33 GMT",
        "User-Agent": "azsdk-java-azure-containers-containerregistry/1.1.0-beta.5 (17.0.1; Windows 11; 10.0)",
        "x-ms-client-request-id": "bd839eae-9833-4a88-ab8c-5b21a9288b2c"
      },
      "RequestBody": "service=REDACTED\u0026scope=repository%3Alibrary%2Fhello-world%3Adelete\u0026refresh_token=REDACTED\u0026grant_type=refresh_token",
      "StatusCode": 200,
      "ResponseHeaders": {
        "Connection": "keep-alive",
        "Content-Type": "application/json; charset=utf-8",
        "Date": "Fri, 21 Apr 2023 21:09:33 GMT",
        "Server": "openresty",
        "Strict-Transport-Security": "max-age=31536000; includeSubDomains",
        "Transfer-Encoding": "chunked",
        "X-Ms-Correlation-Request-Id": "b5f2ec73-4324-4d42-b5f6-c9d34043efbb",
        "x-ms-ratelimit-remaining-calls-per-second": "327.616667"
      },
      "ResponseBody": {
        "access_token": "Sanitized"
      }
    },
    {
      "RequestUri": "https://REDACTED/v2/library%2Fhello-world/manifests/sha256:REDACTED",
      "RequestMethod": "DELETE",
      "RequestHeaders": {
        "Accept": "application/json",
        "Authorization": "Sanitized",
        "Content-Length": "0",
        "Date": "Fri, 21 Apr 2023 21:09:33 GMT",
        "User-Agent": "azsdk-java-azure-containers-containerregistry/1.1.0-beta.5 (17.0.1; Windows 11; 10.0)",
        "x-ms-client-request-id": "5dd1f745-8e0c-47c1-a5f9-f5a2ed96dce1"
      },
      "RequestBody": null,
      "StatusCode": 404,
      "ResponseHeaders": {
        "Access-Control-Expose-Headers": [
          "Docker-Content-Digest",
          "WWW-Authenticate",
          "Link",
          "X-Ms-Correlation-Request-Id"
        ],
        "Connection": "keep-alive",
        "Content-Length": "147",
        "Content-Type": "application/json; charset=utf-8",
        "Date": "Fri, 21 Apr 2023 21:09:33 GMT",
        "Docker-Distribution-Api-Version": "registry/2.0",
        "Server": "openresty",
        "Strict-Transport-Security": [
          "max-age=31536000; includeSubDomains",
          "max-age=31536000; includeSubDomains"
        ],
        "X-Content-Type-Options": "nosniff",
        "X-Ms-Client-Request-Id": "5dd1f745-8e0c-47c1-a5f9-f5a2ed96dce1",
        "X-Ms-Correlation-Request-Id": "3b5901ce-7dae-4189-becf-b12a5258e965",
        "X-Ms-Ratelimit-Remaining-Calls-Per-Second": "30.000000",
        "X-Ms-Request-Id": "71cff42f-a36f-444b-a037-8a1d183e2d00"
      },
      "ResponseBody": {
        "errors": [
          {
            "code": "MANIFEST_UNKNOWN",
            "message": "manifest sha256:492bc88863bdf51159c4efe84e851c48d7034881159b56c4338003e50e801598 is not found"
          }
        ]
      }
    }
  ],
  "Variables": {}
}
