{
  "Entries": [
    {
      "RequestUri": "https://REDACTED/v2/oci-artifact/blobs/uploads/",
      "RequestMethod": "POST",
      "RequestHeaders": {
        "Accept": "application/json",
        "Content-Length": "0",
        "Date": "Fri, 21 Apr 2023 21:09:25 GMT",
        "User-Agent": "azsdk-java-azure-containers-containerregistry/1.1.0-beta.5 (17.0.1; Windows 11; 10.0)",
        "x-ms-client-request-id": "9b554d6c-3702-4931-a5b8-c33748d07058"
      },
      "RequestBody": null,
      "StatusCode": 401,
      "ResponseHeaders": {
        "Access-Control-Expose-Headers": [
          "Docker-Content-Digest",
          "WWW-Authenticate",
          "Link",
          "X-Ms-Correlation-Request-Id"
        ],
        "Connection": "keep-alive",
        "Content-Length": "266",
        "Content-Type": "application/json; charset=utf-8",
        "Date": "Fri, 21 Apr 2023 21:09:25 GMT",
        "Docker-Distribution-Api-Version": "registry/2.0",
        "Server": "openresty",
        "Strict-Transport-Security": [
          "max-age=31536000; includeSubDomains",
          "max-age=31536000; includeSubDomains"
        ],
        "WWW-Authenticate": "Bearer realm=\u0022https://REDACTED\u0022,service=\u0022REDACTED\u0022,scope=\u0022repository:oci-artifact:pull,push\u0022",
        "X-Content-Type-Options": "nosniff",
        "X-Ms-Correlation-Request-Id": "bbfb35d6-6659-4487-a2a3-0cf73d482353"
      },
      "ResponseBody": {
        "errors": [
          {
            "code": "UNAUTHORIZED",
            "message": "authentication required, visit https://aka.ms/acr/authorization for more information.",
            "detail": [
              {
                "Type": "repository",
                "Name": "oci-artifact",
                "Action": "pull"
              },
              {
                "Type": "repository",
                "Name": "oci-artifact",
                "Action": "push"
              }
            ]
          }
        ]
      }
    },
    {
      "RequestUri": "https://REDACTED/oauth2/exchange?api-version=2021-07-01",
      "RequestMethod": "POST",
      "RequestHeaders": {
        "Accept": "application/json",
        "Content-Length": "62",
        "Content-Type": "application/x-www-form-urlencoded",
        "Date": "Fri, 21 Apr 2023 21:09:25 GMT",
        "User-Agent": "azsdk-java-azure-containers-containerregistry/1.1.0-beta.5 (17.0.1; Windows 11; 10.0)",
        "x-ms-client-request-id": "2c047cab-7aed-4f83-ac2f-0381fec03293"
      },
      "RequestBody": "grant_type=access_token\u0026service=REDACTED\u0026access_token=REDACTED",
      "StatusCode": 200,
      "ResponseHeaders": {
        "Connection": "keep-alive",
        "Content-Type": "application/json; charset=utf-8",
        "Date": "Fri, 21 Apr 2023 21:09:25 GMT",
        "Server": "openresty",
        "Strict-Transport-Security": "max-age=31536000; includeSubDomains",
        "Transfer-Encoding": "chunked",
        "X-Ms-Correlation-Request-Id": "94bb1cab-3919-40cb-97d4-8a6c2845eaef",
        "x-ms-ratelimit-remaining-calls-per-second": "328.866667"
      },
      "ResponseBody": {
        "refresh_token": "Sanitized"
      }
    },
    {
      "RequestUri": "https://REDACTED/oauth2/token?api-version=2021-07-01",
      "RequestMethod": "POST",
      "RequestHeaders": {
        "Accept": "application/json",
        "Content-Length": "110",
        "Content-Type": "application/x-www-form-urlencoded",
        "Date": "Fri, 21 Apr 2023 21:09:25 GMT",
        "User-Agent": "azsdk-java-azure-containers-containerregistry/1.1.0-beta.5 (17.0.1; Windows 11; 10.0)",
        "x-ms-client-request-id": "eab198e0-9fd1-47e6-a6c3-427f222ea0c8"
      },
      "RequestBody": "service=REDACTED\u0026scope=repository%3Aoci-artifact%3Apull%2Cpush\u0026refresh_token=REDACTED\u0026grant_type=refresh_token",
      "StatusCode": 200,
      "ResponseHeaders": {
        "Connection": "keep-alive",
        "Content-Type": "application/json; charset=utf-8",
        "Date": "Fri, 21 Apr 2023 21:09:25 GMT",
        "Server": "openresty",
        "Strict-Transport-Security": "max-age=31536000; includeSubDomains",
        "Transfer-Encoding": "chunked",
        "X-Ms-Correlation-Request-Id": "fb266b85-d1c5-4954-8a01-997f2781a747",
        "x-ms-ratelimit-remaining-calls-per-second": "328.85"
      },
      "ResponseBody": {
        "access_token": "Sanitized"
      }
    },
    {
      "RequestUri": "https://REDACTED/v2/oci-artifact/blobs/uploads/",
      "RequestMethod": "POST",
      "RequestHeaders": {
        "Accept": "application/json",
        "Authorization": "Sanitized",
        "Content-Length": "0",
        "Date": "Fri, 21 Apr 2023 21:09:25 GMT",
        "User-Agent": "azsdk-java-azure-containers-containerregistry/1.1.0-beta.5 (17.0.1; Windows 11; 10.0)",
        "x-ms-client-request-id": "9b554d6c-3702-4931-a5b8-c33748d07058"
      },
      "RequestBody": null,
      "StatusCode": 202,
      "ResponseHeaders": {
        "Access-Control-Expose-Headers": [
          "Docker-Content-Digest",
          "WWW-Authenticate",
          "Link",
          "X-Ms-Correlation-Request-Id"
        ],
        "Connection": "keep-alive",
        "Content-Length": "0",
        "Date": "Fri, 21 Apr 2023 21:09:25 GMT",
        "Docker-Distribution-Api-Version": "registry/2.0",
        "Docker-Upload-Uuid": "04103afe-95b9-4dcc-a855-d31c68caa33b",
        "Location": "/v2/oci-artifact/blobs/uploads/04103afe-95b9-4dcc-a855-d31c68caa33b?_nouploadcache=false\u0026_state=cACliVWx83CxQ0fdhXAnPMl--RILMaGifyIRP_xDrlx7Ik5hbWUiOiJvY2ktYXJ0aWZhY3QiLCJVVUlEIjoiMDQxMDNhZmUtOTViOS00ZGNjLWE4NTUtZDMxYzY4Y2FhMzNiIiwiT2Zmc2V0IjowLCJTdGFydGVkQXQiOiIyMDIzLTA0LTIxVDIxOjA5OjI1LjM3ODY2MTgyNFoifQ%3D%3D",
        "Range": "0-0",
        "Server": "openresty",
        "Strict-Transport-Security": [
          "max-age=31536000; includeSubDomains",
          "max-age=31536000; includeSubDomains"
        ],
        "X-Content-Type-Options": "nosniff",
        "X-Ms-Client-Request-Id": "9b554d6c-3702-4931-a5b8-c33748d07058",
        "X-Ms-Correlation-Request-Id": "0037b060-3d33-4653-bb62-324a2d4a43f9",
        "X-Ms-Request-Id": "5ea5fcb4-66a3-420e-bd15-7f7ef171303f"
      },
      "ResponseBody": null
    },
    {
      "RequestUri": "https://REDACTED/v2/oci-artifact/blobs/uploads/04103afe-95b9-4dcc-a855-d31c68caa33b?_nouploadcache=false\u0026_state=cACliVWx83CxQ0fdhXAnPMl--RILMaGifyIRP_xDrlx7Ik5hbWUiOiJvY2ktYXJ0aWZhY3QiLCJVVUlEIjoiMDQxMDNhZmUtOTViOS00ZGNjLWE4NTUtZDMxYzY4Y2FhMzNiIiwiT2Zmc2V0IjowLCJTdGFydGVkQXQiOiIyMDIzLTA0LTIxVDIxOjA5OjI1LjM3ODY2MTgyNFoifQ%3D%3D",
      "RequestMethod": "PATCH",
      "RequestHeaders": {
        "Accept": "application/json",
        "Content-Length": "2",
        "Content-Type": "application/octet-stream",
        "Date": "Fri, 21 Apr 2023 21:09:25 GMT",
        "User-Agent": "azsdk-java-azure-containers-containerregistry/1.1.0-beta.5 (17.0.1; Windows 11; 10.0)",
        "x-ms-client-request-id": "81ac42be-0156-42a1-88d1-5b62573f0362"
      },
      "RequestBody": "e30=",
      "StatusCode": 401,
      "ResponseHeaders": {
        "Access-Control-Expose-Headers": [
          "Docker-Content-Digest",
          "WWW-Authenticate",
          "Link",
          "X-Ms-Correlation-Request-Id"
        ],
        "Connection": "keep-alive",
        "Content-Length": "266",
        "Content-Type": "application/json; charset=utf-8",
        "Date": "Fri, 21 Apr 2023 21:09:25 GMT",
        "Docker-Distribution-Api-Version": "registry/2.0",
        "Server": "openresty",
        "Strict-Transport-Security": [
          "max-age=31536000; includeSubDomains",
          "max-age=31536000; includeSubDomains"
        ],
        "WWW-Authenticate": "Bearer realm=\u0022https://REDACTED\u0022,service=\u0022REDACTED\u0022,scope=\u0022repository:oci-artifact:pull,push\u0022",
        "X-Content-Type-Options": "nosniff",
        "X-Ms-Correlation-Request-Id": "9439729e-7afe-4eef-9df3-d142c412af52"
      },
      "ResponseBody": {
        "errors": [
          {
            "code": "UNAUTHORIZED",
            "message": "authentication required, visit https://aka.ms/acr/authorization for more information.",
            "detail": [
              {
                "Type": "repository",
                "Name": "oci-artifact",
                "Action": "pull"
              },
              {
                "Type": "repository",
                "Name": "oci-artifact",
                "Action": "push"
              }
            ]
          }
        ]
      }
    },
    {
      "RequestUri": "https://REDACTED/oauth2/token?api-version=2021-07-01",
      "RequestMethod": "POST",
      "RequestHeaders": {
        "Accept": "application/json",
        "Content-Length": "110",
        "Content-Type": "application/x-www-form-urlencoded",
        "Date": "Fri, 21 Apr 2023 21:09:25 GMT",
        "User-Agent": "azsdk-java-azure-containers-containerregistry/1.1.0-beta.5 (17.0.1; Windows 11; 10.0)",
        "x-ms-client-request-id": "f300789c-d4df-4c37-8fa0-cece5387d74c"
      },
      "RequestBody": "service=REDACTED\u0026scope=repository%3Aoci-artifact%3Apull%2Cpush\u0026refresh_token=REDACTED\u0026grant_type=refresh_token",
      "StatusCode": 200,
      "ResponseHeaders": {
        "Connection": "keep-alive",
        "Content-Type": "application/json; charset=utf-8",
        "Date": "Fri, 21 Apr 2023 21:09:25 GMT",
        "Server": "openresty",
        "Strict-Transport-Security": "max-age=31536000; includeSubDomains",
        "Transfer-Encoding": "chunked",
        "X-Ms-Correlation-Request-Id": "890c7ebd-2cf7-41fa-8b4c-d1318084ed09",
        "x-ms-ratelimit-remaining-calls-per-second": "328.833333"
      },
      "ResponseBody": {
        "access_token": "Sanitized"
      }
    },
    {
      "RequestUri": "https://REDACTED/v2/oci-artifact/blobs/uploads/04103afe-95b9-4dcc-a855-d31c68caa33b?_nouploadcache=false\u0026_state=cACliVWx83CxQ0fdhXAnPMl--RILMaGifyIRP_xDrlx7Ik5hbWUiOiJvY2ktYXJ0aWZhY3QiLCJVVUlEIjoiMDQxMDNhZmUtOTViOS00ZGNjLWE4NTUtZDMxYzY4Y2FhMzNiIiwiT2Zmc2V0IjowLCJTdGFydGVkQXQiOiIyMDIzLTA0LTIxVDIxOjA5OjI1LjM3ODY2MTgyNFoifQ%3D%3D",
      "RequestMethod": "PATCH",
      "RequestHeaders": {
        "Accept": "application/json",
        "Authorization": "Sanitized",
        "Content-Length": "2",
        "Content-Type": "application/octet-stream",
        "Date": "Fri, 21 Apr 2023 21:09:25 GMT",
        "User-Agent": "azsdk-java-azure-containers-containerregistry/1.1.0-beta.5 (17.0.1; Windows 11; 10.0)",
        "x-ms-client-request-id": "81ac42be-0156-42a1-88d1-5b62573f0362"
      },
      "RequestBody": "e30=",
      "StatusCode": 202,
      "ResponseHeaders": {
        "Access-Control-Expose-Headers": [
          "Docker-Content-Digest",
          "WWW-Authenticate",
          "Link",
          "X-Ms-Correlation-Request-Id"
        ],
        "Connection": "keep-alive",
        "Content-Length": "0",
        "Date": "Fri, 21 Apr 2023 21:09:25 GMT",
        "Docker-Distribution-Api-Version": "registry/2.0",
        "Docker-Upload-Uuid": "04103afe-95b9-4dcc-a855-d31c68caa33b",
        "Location": "/v2/oci-artifact/blobs/uploads/04103afe-95b9-4dcc-a855-d31c68caa33b?_nouploadcache=false\u0026_state=hTC1qOIOAr2x6dbio6JGwT6Nj5K27bFqoMeZS2I6Rql7Ik5hbWUiOiJvY2ktYXJ0aWZhY3QiLCJVVUlEIjoiMDQxMDNhZmUtOTViOS00ZGNjLWE4NTUtZDMxYzY4Y2FhMzNiIiwiT2Zmc2V0IjoyLCJTdGFydGVkQXQiOiIyMDIzLTA0LTIxVDIxOjA5OjI1WiJ9",
        "Range": "0-1",
        "Server": "openresty",
        "Strict-Transport-Security": [
          "max-age=31536000; includeSubDomains",
          "max-age=31536000; includeSubDomains"
        ],
        "X-Content-Type-Options": "nosniff",
        "X-Ms-Client-Request-Id": "81ac42be-0156-42a1-88d1-5b62573f0362",
        "X-Ms-Correlation-Request-Id": "f1bf4180-eb02-49af-b173-6950ed4d57d8",
        "X-Ms-Request-Id": "ce35e81c-91d5-4c78-b7c0-7ffac6428b15"
      },
      "ResponseBody": null
    },
    {
      "RequestUri": "https://REDACTED/v2/oci-artifact/blobs/uploads/04103afe-95b9-4dcc-a855-d31c68caa33b?_nouploadcache=false\u0026_state=hTC1qOIOAr2x6dbio6JGwT6Nj5K27bFqoMeZS2I6Rql7Ik5hbWUiOiJvY2ktYXJ0aWZhY3QiLCJVVUlEIjoiMDQxMDNhZmUtOTViOS00ZGNjLWE4NTUtZDMxYzY4Y2FhMzNiIiwiT2Zmc2V0IjoyLCJTdGFydGVkQXQiOiIyMDIzLTA0LTIxVDIxOjA5OjI1WiJ9\u0026digest=sha256%3A44136fa355b3678a1146ad16f7e8649e94fb4fc21fe77e8310c060f61caaff8a",
      "RequestMethod": "PUT",
      "RequestHeaders": {
        "Accept": "application/json",
        "Content-Length": "0",
        "Date": "Fri, 21 Apr 2023 21:09:25 GMT",
        "User-Agent": "azsdk-java-azure-containers-containerregistry/1.1.0-beta.5 (17.0.1; Windows 11; 10.0)",
        "x-ms-client-request-id": "519198ac-111f-417a-87f5-b99a0ce9a8a2"
      },
      "RequestBody": null,
      "StatusCode": 401,
      "ResponseHeaders": {
        "Access-Control-Expose-Headers": [
          "Docker-Content-Digest",
          "WWW-Authenticate",
          "Link",
          "X-Ms-Correlation-Request-Id"
        ],
        "Connection": "keep-alive",
        "Content-Length": "266",
        "Content-Type": "application/json; charset=utf-8",
        "Date": "Fri, 21 Apr 2023 21:09:25 GMT",
        "Docker-Distribution-Api-Version": "registry/2.0",
        "Server": "openresty",
        "Strict-Transport-Security": [
          "max-age=31536000; includeSubDomains",
          "max-age=31536000; includeSubDomains"
        ],
        "WWW-Authenticate": "Bearer realm=\u0022https://REDACTED\u0022,service=\u0022REDACTED\u0022,scope=\u0022repository:oci-artifact:pull,push\u0022",
        "X-Content-Type-Options": "nosniff",
        "X-Ms-Correlation-Request-Id": "f67ff85b-1532-4542-99e2-6c0ffbb13d4d"
      },
      "ResponseBody": {
        "errors": [
          {
            "code": "UNAUTHORIZED",
            "message": "authentication required, visit https://aka.ms/acr/authorization for more information.",
            "detail": [
              {
                "Type": "repository",
                "Name": "oci-artifact",
                "Action": "pull"
              },
              {
                "Type": "repository",
                "Name": "oci-artifact",
                "Action": "push"
              }
            ]
          }
        ]
      }
    },
    {
      "RequestUri": "https://REDACTED/oauth2/token?api-version=2021-07-01",
      "RequestMethod": "POST",
      "RequestHeaders": {
        "Accept": "application/json",
        "Content-Length": "110",
        "Content-Type": "application/x-www-form-urlencoded",
        "Date": "Fri, 21 Apr 2023 21:09:25 GMT",
        "User-Agent": "azsdk-java-azure-containers-containerregistry/1.1.0-beta.5 (17.0.1; Windows 11; 10.0)",
        "x-ms-client-request-id": "545b4cd9-2f8b-49e2-a7f4-3397d8c28f3d"
      },
      "RequestBody": "service=REDACTED\u0026scope=repository%3Aoci-artifact%3Apull%2Cpush\u0026refresh_token=REDACTED\u0026grant_type=refresh_token",
      "StatusCode": 200,
      "ResponseHeaders": {
        "Connection": "keep-alive",
        "Content-Type": "application/json; charset=utf-8",
        "Date": "Fri, 21 Apr 2023 21:09:25 GMT",
        "Server": "openresty",
        "Strict-Transport-Security": "max-age=31536000; includeSubDomains",
        "Transfer-Encoding": "chunked",
        "X-Ms-Correlation-Request-Id": "2da65675-9e4b-455a-bf29-9c0723b14bf4",
        "x-ms-ratelimit-remaining-calls-per-second": "328.816667"
      },
      "ResponseBody": {
        "access_token": "Sanitized"
      }
    },
    {
      "RequestUri": "https://REDACTED/v2/oci-artifact/blobs/uploads/04103afe-95b9-4dcc-a855-d31c68caa33b?_nouploadcache=false\u0026_state=hTC1qOIOAr2x6dbio6JGwT6Nj5K27bFqoMeZS2I6Rql7Ik5hbWUiOiJvY2ktYXJ0aWZhY3QiLCJVVUlEIjoiMDQxMDNhZmUtOTViOS00ZGNjLWE4NTUtZDMxYzY4Y2FhMzNiIiwiT2Zmc2V0IjoyLCJTdGFydGVkQXQiOiIyMDIzLTA0LTIxVDIxOjA5OjI1WiJ9\u0026digest=sha256%3A44136fa355b3678a1146ad16f7e8649e94fb4fc21fe77e8310c060f61caaff8a",
      "RequestMethod": "PUT",
      "RequestHeaders": {
        "Accept": "application/json",
        "Authorization": "Sanitized",
        "Content-Length": "0",
        "Date": "Fri, 21 Apr 2023 21:09:25 GMT",
        "User-Agent": "azsdk-java-azure-containers-containerregistry/1.1.0-beta.5 (17.0.1; Windows 11; 10.0)",
        "x-ms-client-request-id": "519198ac-111f-417a-87f5-b99a0ce9a8a2"
      },
      "RequestBody": null,
      "StatusCode": 201,
      "ResponseHeaders": {
        "Access-Control-Expose-Headers": [
          "Docker-Content-Digest",
          "WWW-Authenticate",
          "Link",
          "X-Ms-Correlation-Request-Id"
        ],
        "Connection": "keep-alive",
        "Content-Length": "0",
        "Date": "Fri, 21 Apr 2023 21:09:25 GMT",
        "Docker-Content-Digest": "sha256:44136fa355b3678a1146ad16f7e8649e94fb4fc21fe77e8310c060f61caaff8a",
        "Docker-Distribution-Api-Version": "registry/2.0",
        "Location": "/v2/oci-artifact/blobs/sha256:44136fa355b3678a1146ad16f7e8649e94fb4fc21fe77e8310c060f61caaff8a",
        "Server": "openresty",
        "Strict-Transport-Security": [
          "max-age=31536000; includeSubDomains",
          "max-age=31536000; includeSubDomains"
        ],
        "X-Content-Type-Options": "nosniff",
        "X-Ms-Client-Request-Id": "519198ac-111f-417a-87f5-b99a0ce9a8a2",
        "X-Ms-Correlation-Request-Id": "d01209a4-8982-4ac6-b6e4-c1ce5f242118",
        "X-Ms-Request-Id": "fd33a82e-424d-4359-ab75-75a8560d8b11"
      },
      "ResponseBody": null
    },
    {
      "RequestUri": "https://REDACTED/v2/oci-artifact/blobs/uploads/",
      "RequestMethod": "POST",
      "RequestHeaders": {
        "Accept": "application/json",
        "Content-Length": "0",
        "Date": "Fri, 21 Apr 2023 21:09:25 GMT",
        "User-Agent": "azsdk-java-azure-containers-containerregistry/1.1.0-beta.5 (17.0.1; Windows 11; 10.0)",
        "x-ms-client-request-id": "9b6ae1c0-20df-4e82-8f15-b2dd04a2ff07"
      },
      "RequestBody": null,
      "StatusCode": 401,
      "ResponseHeaders": {
        "Access-Control-Expose-Headers": [
          "Docker-Content-Digest",
          "WWW-Authenticate",
          "Link",
          "X-Ms-Correlation-Request-Id"
        ],
        "Connection": "keep-alive",
        "Content-Length": "266",
        "Content-Type": "application/json; charset=utf-8",
        "Date": "Fri, 21 Apr 2023 21:09:25 GMT",
        "Docker-Distribution-Api-Version": "registry/2.0",
        "Server": "openresty",
        "Strict-Transport-Security": [
          "max-age=31536000; includeSubDomains",
          "max-age=31536000; includeSubDomains"
        ],
        "WWW-Authenticate": "Bearer realm=\u0022https://REDACTED\u0022,service=\u0022REDACTED\u0022,scope=\u0022repository:oci-artifact:pull,push\u0022",
        "X-Content-Type-Options": "nosniff",
        "X-Ms-Correlation-Request-Id": "d19211ab-1ac8-4197-ad16-bb56aa58ea4b"
      },
      "ResponseBody": {
        "errors": [
          {
            "code": "UNAUTHORIZED",
            "message": "authentication required, visit https://aka.ms/acr/authorization for more information.",
            "detail": [
              {
                "Type": "repository",
                "Name": "oci-artifact",
                "Action": "pull"
              },
              {
                "Type": "repository",
                "Name": "oci-artifact",
                "Action": "push"
              }
            ]
          }
        ]
      }
    },
    {
      "RequestUri": "https://REDACTED/oauth2/token?api-version=2021-07-01",
      "RequestMethod": "POST",
      "RequestHeaders": {
        "Accept": "application/json",
        "Content-Length": "110",
        "Content-Type": "application/x-www-form-urlencoded",
        "Date": "Fri, 21 Apr 2023 21:09:25 GMT",
        "User-Agent": "azsdk-java-azure-containers-containerregistry/1.1.0-beta.5 (17.0.1; Windows 11; 10.0)",
        "x-ms-client-request-id": "420e6b9a-5885-45c8-bcc3-2a4b1f25de44"
      },
      "RequestBody": "service=REDACTED\u0026scope=repository%3Aoci-artifact%3Apull%2Cpush\u0026refresh_token=REDACTED\u0026grant_type=refresh_token",
      "StatusCode": 200,
      "ResponseHeaders": {
        "Connection": "keep-alive",
        "Content-Type": "application/json; charset=utf-8",
        "Date": "Fri, 21 Apr 2023 21:09:25 GMT",
        "Server": "openresty",
        "Strict-Transport-Security": "max-age=31536000; includeSubDomains",
        "Transfer-Encoding": "chunked",
        "X-Ms-Correlation-Request-Id": "e55c97de-7be8-409d-b8cc-fd6dd53a8729",
        "x-ms-ratelimit-remaining-calls-per-second": "328.8"
      },
      "ResponseBody": {
        "access_token": "Sanitized"
      }
    },
    {
      "RequestUri": "https://REDACTED/v2/oci-artifact/blobs/uploads/",
      "RequestMethod": "POST",
      "RequestHeaders": {
        "Accept": "application/json",
        "Authorization": "Sanitized",
        "Content-Length": "0",
        "Date": "Fri, 21 Apr 2023 21:09:25 GMT",
        "User-Agent": "azsdk-java-azure-containers-containerregistry/1.1.0-beta.5 (17.0.1; Windows 11; 10.0)",
        "x-ms-client-request-id": "9b6ae1c0-20df-4e82-8f15-b2dd04a2ff07"
      },
      "RequestBody": null,
      "StatusCode": 202,
      "ResponseHeaders": {
        "Access-Control-Expose-Headers": [
          "Docker-Content-Digest",
          "WWW-Authenticate",
          "Link",
          "X-Ms-Correlation-Request-Id"
        ],
        "Connection": "keep-alive",
        "Content-Length": "0",
        "Date": "Fri, 21 Apr 2023 21:09:26 GMT",
        "Docker-Distribution-Api-Version": "registry/2.0",
        "Docker-Upload-Uuid": "de0be090-d9f7-4e31-8d62-bd63f3a79cd8",
        "Location": "/v2/oci-artifact/blobs/uploads/de0be090-d9f7-4e31-8d62-bd63f3a79cd8?_nouploadcache=false\u0026_state=PyKkTjypWreJCjoJWbneX21G6GSTZarQ5g2_R5_fkwZ7Ik5hbWUiOiJvY2ktYXJ0aWZhY3QiLCJVVUlEIjoiZGUwYmUwOTAtZDlmNy00ZTMxLThkNjItYmQ2M2YzYTc5Y2Q4IiwiT2Zmc2V0IjowLCJTdGFydGVkQXQiOiIyMDIzLTA0LTIxVDIxOjA5OjI1Ljk5OTY2NzYzNloifQ%3D%3D",
        "Range": "0-0",
        "Server": "openresty",
        "Strict-Transport-Security": [
          "max-age=31536000; includeSubDomains",
          "max-age=31536000; includeSubDomains"
        ],
        "X-Content-Type-Options": "nosniff",
        "X-Ms-Client-Request-Id": "9b6ae1c0-20df-4e82-8f15-b2dd04a2ff07",
        "X-Ms-Correlation-Request-Id": "fc95de96-aa63-4049-94d6-9f973239bdf8",
        "X-Ms-Request-Id": "61dfb162-c5c5-440b-921f-1b0b4ac53142"
      },
      "ResponseBody": null
    },
    {
      "RequestUri": "https://REDACTED/v2/oci-artifact/blobs/uploads/de0be090-d9f7-4e31-8d62-bd63f3a79cd8?_nouploadcache=false\u0026_state=PyKkTjypWreJCjoJWbneX21G6GSTZarQ5g2_R5_fkwZ7Ik5hbWUiOiJvY2ktYXJ0aWZhY3QiLCJVVUlEIjoiZGUwYmUwOTAtZDlmNy00ZTMxLThkNjItYmQ2M2YzYTc5Y2Q4IiwiT2Zmc2V0IjowLCJTdGFydGVkQXQiOiIyMDIzLTA0LTIxVDIxOjA5OjI1Ljk5OTY2NzYzNloifQ%3D%3D",
      "RequestMethod": "PATCH",
      "RequestHeaders": {
        "Accept": "application/json",
        "Content-Length": "11",
        "Content-Type": "application/octet-stream",
        "Date": "Fri, 21 Apr 2023 21:09:26 GMT",
        "User-Agent": "azsdk-java-azure-containers-containerregistry/1.1.0-beta.5 (17.0.1; Windows 11; 10.0)",
        "x-ms-client-request-id": "06676daf-f02a-4bdf-8af2-e88116e248f3"
      },
      "RequestBody": "aGVsbG8gd29ybGQ=",
      "StatusCode": 401,
      "ResponseHeaders": {
        "Access-Control-Expose-Headers": [
          "Docker-Content-Digest",
          "WWW-Authenticate",
          "Link",
          "X-Ms-Correlation-Request-Id"
        ],
        "Connection": "keep-alive",
        "Content-Length": "266",
        "Content-Type": "application/json; charset=utf-8",
        "Date": "Fri, 21 Apr 2023 21:09:26 GMT",
        "Docker-Distribution-Api-Version": "registry/2.0",
        "Server": "openresty",
        "Strict-Transport-Security": [
          "max-age=31536000; includeSubDomains",
          "max-age=31536000; includeSubDomains"
        ],
        "WWW-Authenticate": "Bearer realm=\u0022https://REDACTED\u0022,service=\u0022REDACTED\u0022,scope=\u0022repository:oci-artifact:pull,push\u0022",
        "X-Content-Type-Options": "nosniff",
        "X-Ms-Correlation-Request-Id": "15baff6e-7b5e-4cc2-8ebb-ff45ae88dd49"
      },
      "ResponseBody": {
        "errors": [
          {
            "code": "UNAUTHORIZED",
            "message": "authentication required, visit https://aka.ms/acr/authorization for more information.",
            "detail": [
              {
                "Type": "repository",
                "Name": "oci-artifact",
                "Action": "pull"
              },
              {
                "Type": "repository",
                "Name": "oci-artifact",
                "Action": "push"
              }
            ]
          }
        ]
      }
    },
    {
      "RequestUri": "https://REDACTED/oauth2/token?api-version=2021-07-01",
      "RequestMethod": "POST",
      "RequestHeaders": {
        "Accept": "application/json",
        "Content-Length": "110",
        "Content-Type": "application/x-www-form-urlencoded",
        "Date": "Fri, 21 Apr 2023 21:09:26 GMT",
        "User-Agent": "azsdk-java-azure-containers-containerregistry/1.1.0-beta.5 (17.0.1; Windows 11; 10.0)",
        "x-ms-client-request-id": "334defc3-473a-4fa7-bbf4-720a6b3e375a"
      },
      "RequestBody": "service=REDACTED\u0026scope=repository%3Aoci-artifact%3Apull%2Cpush\u0026refresh_token=REDACTED\u0026grant_type=refresh_token",
      "StatusCode": 200,
      "ResponseHeaders": {
        "Connection": "keep-alive",
        "Content-Type": "application/json; charset=utf-8",
        "Date": "Fri, 21 Apr 2023 21:09:26 GMT",
        "Server": "openresty",
        "Strict-Transport-Security": "max-age=31536000; includeSubDomains",
        "Transfer-Encoding": "chunked",
        "X-Ms-Correlation-Request-Id": "21b28bde-4bc9-4cd2-8092-2202e391ac1b",
        "x-ms-ratelimit-remaining-calls-per-second": "328.783333"
      },
      "ResponseBody": {
        "access_token": "Sanitized"
      }
    },
    {
      "RequestUri": "https://REDACTED/v2/oci-artifact/blobs/uploads/de0be090-d9f7-4e31-8d62-bd63f3a79cd8?_nouploadcache=false\u0026_state=PyKkTjypWreJCjoJWbneX21G6GSTZarQ5g2_R5_fkwZ7Ik5hbWUiOiJvY2ktYXJ0aWZhY3QiLCJVVUlEIjoiZGUwYmUwOTAtZDlmNy00ZTMxLThkNjItYmQ2M2YzYTc5Y2Q4IiwiT2Zmc2V0IjowLCJTdGFydGVkQXQiOiIyMDIzLTA0LTIxVDIxOjA5OjI1Ljk5OTY2NzYzNloifQ%3D%3D",
      "RequestMethod": "PATCH",
      "RequestHeaders": {
        "Accept": "application/json",
        "Authorization": "Sanitized",
        "Content-Length": "11",
        "Content-Type": "application/octet-stream",
        "Date": "Fri, 21 Apr 2023 21:09:26 GMT",
        "User-Agent": "azsdk-java-azure-containers-containerregistry/1.1.0-beta.5 (17.0.1; Windows 11; 10.0)",
        "x-ms-client-request-id": "06676daf-f02a-4bdf-8af2-e88116e248f3"
      },
      "RequestBody": "aGVsbG8gd29ybGQ=",
      "StatusCode": 202,
      "ResponseHeaders": {
        "Access-Control-Expose-Headers": [
          "Docker-Content-Digest",
          "WWW-Authenticate",
          "Link",
          "X-Ms-Correlation-Request-Id"
        ],
        "Connection": "keep-alive",
        "Content-Length": "0",
        "Date": "Fri, 21 Apr 2023 21:09:26 GMT",
        "Docker-Distribution-Api-Version": "registry/2.0",
        "Docker-Upload-Uuid": "de0be090-d9f7-4e31-8d62-bd63f3a79cd8",
        "Location": "/v2/oci-artifact/blobs/uploads/de0be090-d9f7-4e31-8d62-bd63f3a79cd8?_nouploadcache=false\u0026_state=85JZ6XYerYLYF1Um_AkNaNhLmRoUvCnj9ni9nKP6FuN7Ik5hbWUiOiJvY2ktYXJ0aWZhY3QiLCJVVUlEIjoiZGUwYmUwOTAtZDlmNy00ZTMxLThkNjItYmQ2M2YzYTc5Y2Q4IiwiT2Zmc2V0IjoxMSwiU3RhcnRlZEF0IjoiMjAyMy0wNC0yMVQyMTowOToyNVoifQ%3D%3D",
        "Range": "0-10",
        "Server": "openresty",
        "Strict-Transport-Security": [
          "max-age=31536000; includeSubDomains",
          "max-age=31536000; includeSubDomains"
        ],
        "X-Content-Type-Options": "nosniff",
        "X-Ms-Client-Request-Id": "06676daf-f02a-4bdf-8af2-e88116e248f3",
        "X-Ms-Correlation-Request-Id": "8b5cbb56-e7ba-4811-9828-e5a802de8d82",
        "X-Ms-Request-Id": "d8c1e50a-7309-4968-863a-6f780fa255d7"
      },
      "ResponseBody": null
    },
    {
      "RequestUri": "https://REDACTED/v2/oci-artifact/blobs/uploads/de0be090-d9f7-4e31-8d62-bd63f3a79cd8?_nouploadcache=false\u0026_state=85JZ6XYerYLYF1Um_AkNaNhLmRoUvCnj9ni9nKP6FuN7Ik5hbWUiOiJvY2ktYXJ0aWZhY3QiLCJVVUlEIjoiZGUwYmUwOTAtZDlmNy00ZTMxLThkNjItYmQ2M2YzYTc5Y2Q4IiwiT2Zmc2V0IjoxMSwiU3RhcnRlZEF0IjoiMjAyMy0wNC0yMVQyMTowOToyNVoifQ%3D%3D\u0026digest=sha256%3Ab94d27b9934d3e08a52e52d7da7dabfac484efe37a5380ee9088f7ace2efcde9",
      "RequestMethod": "PUT",
      "RequestHeaders": {
        "Accept": "application/json",
        "Content-Length": "0",
        "Date": "Fri, 21 Apr 2023 21:09:26 GMT",
        "User-Agent": "azsdk-java-azure-containers-containerregistry/1.1.0-beta.5 (17.0.1; Windows 11; 10.0)",
        "x-ms-client-request-id": "e77e318d-4d8b-45c8-bfb7-1f1fdd156664"
      },
      "RequestBody": null,
      "StatusCode": 401,
      "ResponseHeaders": {
        "Access-Control-Expose-Headers": [
          "Docker-Content-Digest",
          "WWW-Authenticate",
          "Link",
          "X-Ms-Correlation-Request-Id"
        ],
        "Connection": "keep-alive",
        "Content-Length": "266",
        "Content-Type": "application/json; charset=utf-8",
        "Date": "Fri, 21 Apr 2023 21:09:26 GMT",
        "Docker-Distribution-Api-Version": "registry/2.0",
        "Server": "openresty",
        "Strict-Transport-Security": [
          "max-age=31536000; includeSubDomains",
          "max-age=31536000; includeSubDomains"
        ],
        "WWW-Authenticate": "Bearer realm=\u0022https://REDACTED\u0022,service=\u0022REDACTED\u0022,scope=\u0022repository:oci-artifact:push,pull\u0022",
        "X-Content-Type-Options": "nosniff",
        "X-Ms-Correlation-Request-Id": "44e66e2e-63a2-4504-b3db-f5f30a1fcfa9"
      },
      "ResponseBody": {
        "errors": [
          {
            "code": "UNAUTHORIZED",
            "message": "authentication required, visit https://aka.ms/acr/authorization for more information.",
            "detail": [
              {
                "Type": "repository",
                "Name": "oci-artifact",
                "Action": "pull"
              },
              {
                "Type": "repository",
                "Name": "oci-artifact",
                "Action": "push"
              }
            ]
          }
        ]
      }
    },
    {
      "RequestUri": "https://REDACTED/oauth2/token?api-version=2021-07-01",
      "RequestMethod": "POST",
      "RequestHeaders": {
        "Accept": "application/json",
        "Content-Length": "110",
        "Content-Type": "application/x-www-form-urlencoded",
        "Date": "Fri, 21 Apr 2023 21:09:26 GMT",
        "User-Agent": "azsdk-java-azure-containers-containerregistry/1.1.0-beta.5 (17.0.1; Windows 11; 10.0)",
        "x-ms-client-request-id": "2e2b2494-3edb-47ca-9e5e-f543ffcb2b15"
      },
      "RequestBody": "service=REDACTED\u0026scope=repository%3Aoci-artifact%3Apush%2Cpull\u0026refresh_token=REDACTED\u0026grant_type=refresh_token",
      "StatusCode": 200,
      "ResponseHeaders": {
        "Connection": "keep-alive",
        "Content-Type": "application/json; charset=utf-8",
        "Date": "Fri, 21 Apr 2023 21:09:26 GMT",
        "Server": "openresty",
        "Strict-Transport-Security": "max-age=31536000; includeSubDomains",
        "Transfer-Encoding": "chunked",
        "X-Ms-Correlation-Request-Id": "4b696084-180b-4b9b-9bd2-0da433831778",
        "x-ms-ratelimit-remaining-calls-per-second": "328.733333"
      },
      "ResponseBody": {
        "access_token": "Sanitized"
      }
    },
    {
      "RequestUri": "https://REDACTED/v2/oci-artifact/blobs/uploads/de0be090-d9f7-4e31-8d62-bd63f3a79cd8?_nouploadcache=false\u0026_state=85JZ6XYerYLYF1Um_AkNaNhLmRoUvCnj9ni9nKP6FuN7Ik5hbWUiOiJvY2ktYXJ0aWZhY3QiLCJVVUlEIjoiZGUwYmUwOTAtZDlmNy00ZTMxLThkNjItYmQ2M2YzYTc5Y2Q4IiwiT2Zmc2V0IjoxMSwiU3RhcnRlZEF0IjoiMjAyMy0wNC0yMVQyMTowOToyNVoifQ%3D%3D\u0026digest=sha256%3Ab94d27b9934d3e08a52e52d7da7dabfac484efe37a5380ee9088f7ace2efcde9",
      "RequestMethod": "PUT",
      "RequestHeaders": {
        "Accept": "application/json",
        "Authorization": "Sanitized",
        "Content-Length": "0",
        "Date": "Fri, 21 Apr 2023 21:09:26 GMT",
        "User-Agent": "azsdk-java-azure-containers-containerregistry/1.1.0-beta.5 (17.0.1; Windows 11; 10.0)",
        "x-ms-client-request-id": "e77e318d-4d8b-45c8-bfb7-1f1fdd156664"
      },
      "RequestBody": null,
      "StatusCode": 201,
      "ResponseHeaders": {
        "Access-Control-Expose-Headers": [
          "Docker-Content-Digest",
          "WWW-Authenticate",
          "Link",
          "X-Ms-Correlation-Request-Id"
        ],
        "Connection": "keep-alive",
        "Content-Length": "0",
        "Date": "Fri, 21 Apr 2023 21:09:26 GMT",
        "Docker-Content-Digest": "sha256:b94d27b9934d3e08a52e52d7da7dabfac484efe37a5380ee9088f7ace2efcde9",
        "Docker-Distribution-Api-Version": "registry/2.0",
        "Location": "/v2/oci-artifact/blobs/sha256:b94d27b9934d3e08a52e52d7da7dabfac484efe37a5380ee9088f7ace2efcde9",
        "Server": "openresty",
        "Strict-Transport-Security": [
          "max-age=31536000; includeSubDomains",
          "max-age=31536000; includeSubDomains"
        ],
        "X-Content-Type-Options": "nosniff",
        "X-Ms-Client-Request-Id": "e77e318d-4d8b-45c8-bfb7-1f1fdd156664",
        "X-Ms-Correlation-Request-Id": "1f4e6eb8-71f3-4da4-aa46-3d238355acd1",
        "X-Ms-Request-Id": "26f5a5f0-f4cf-4144-9df6-01fea3344597"
      },
      "ResponseBody": null
    },
    {
      "RequestUri": "https://REDACTED/v2/oci-artifact/manifests/sha256:REDACTED",
      "RequestMethod": "PUT",
      "RequestHeaders": {
        "Accept": "application/json",
        "Content-Length": "459",
        "Content-Type": "application/vnd.oci.image.manifest.v1\u002Bjson",
        "Date": "Fri, 21 Apr 2023 21:09:26 GMT",
        "User-Agent": "azsdk-java-azure-containers-containerregistry/1.1.0-beta.5 (17.0.1; Windows 11; 10.0)",
        "x-ms-client-request-id": "d59cc932-1a73-42bb-bd5d-6feac681c3db"
      },
      "RequestBody": {
        "schemaVersion": 2,
        "config": {
          "mediaType": "application/vnd.acme.rocket.config.v1\u002Bjson",
          "size": 171,
          "digest": "sha256:44136fa355b3678a1146ad16f7e8649e94fb4fc21fe77e8310c060f61caaff8a"
        },
        "layers": [
          {
            "mediaType": "application/vnd.oci.image.layer.v1.tar",
            "size": 28,
            "digest": "sha256:b94d27b9934d3e08a52e52d7da7dabfac484efe37a5380ee9088f7ace2efcde9",
            "annotations": {
              "org.opencontainers.image.ref.name": "654b93f61054e4ce90ed203bb8d556a6200d5f906cf3eca0620738d6dc18cbed"
            }
          }
        ]
      },
      "StatusCode": 401,
      "ResponseHeaders": {
        "Access-Control-Expose-Headers": [
          "Docker-Content-Digest",
          "WWW-Authenticate",
          "Link",
          "X-Ms-Correlation-Request-Id"
        ],
        "Connection": "keep-alive",
        "Content-Length": "266",
        "Content-Type": "application/json; charset=utf-8",
        "Date": "Fri, 21 Apr 2023 21:09:26 GMT",
        "Docker-Distribution-Api-Version": "registry/2.0",
        "Server": "openresty",
        "Strict-Transport-Security": [
          "max-age=31536000; includeSubDomains",
          "max-age=31536000; includeSubDomains"
        ],
        "WWW-Authenticate": "Bearer realm=\u0022https://REDACTED\u0022,service=\u0022REDACTED\u0022,scope=\u0022repository:oci-artifact:pull,push\u0022",
        "X-Content-Type-Options": "nosniff",
        "X-Ms-Correlation-Request-Id": "5570f104-dd3e-4777-bbf7-157d153e3f0c"
      },
      "ResponseBody": {
        "errors": [
          {
            "code": "UNAUTHORIZED",
            "message": "authentication required, visit https://aka.ms/acr/authorization for more information.",
            "detail": [
              {
                "Type": "repository",
                "Name": "oci-artifact",
                "Action": "pull"
              },
              {
                "Type": "repository",
                "Name": "oci-artifact",
                "Action": "push"
              }
            ]
          }
        ]
      }
    },
    {
      "RequestUri": "https://REDACTED/oauth2/token?api-version=2021-07-01",
      "RequestMethod": "POST",
      "RequestHeaders": {
        "Accept": "application/json",
        "Content-Length": "110",
        "Content-Type": "application/x-www-form-urlencoded",
        "Date": "Fri, 21 Apr 2023 21:09:26 GMT",
        "User-Agent": "azsdk-java-azure-containers-containerregistry/1.1.0-beta.5 (17.0.1; Windows 11; 10.0)",
        "x-ms-client-request-id": "9fbd2b7e-08a1-418b-9659-ecf03dfa2084"
      },
      "RequestBody": "service=REDACTED\u0026scope=repository%3Aoci-artifact%3Apull%2Cpush\u0026refresh_token=REDACTED\u0026grant_type=refresh_token",
      "StatusCode": 200,
      "ResponseHeaders": {
        "Connection": "keep-alive",
        "Content-Type": "application/json; charset=utf-8",
        "Date": "Fri, 21 Apr 2023 21:09:26 GMT",
        "Server": "openresty",
        "Strict-Transport-Security": "max-age=31536000; includeSubDomains",
        "Transfer-Encoding": "chunked",
        "X-Ms-Correlation-Request-Id": "cecdc17e-e827-4c6c-90f6-ecf19f1b304f",
        "x-ms-ratelimit-remaining-calls-per-second": "328.683333"
      },
      "ResponseBody": {
        "access_token": "Sanitized"
      }
    },
    {
      "RequestUri": "https://REDACTED/v2/oci-artifact/manifests/sha256:REDACTED",
      "RequestMethod": "PUT",
      "RequestHeaders": {
        "Accept": "application/json",
        "Authorization": "Sanitized",
        "Content-Length": "459",
        "Content-Type": "application/vnd.oci.image.manifest.v1\u002Bjson",
        "Date": "Fri, 21 Apr 2023 21:09:26 GMT",
        "User-Agent": "azsdk-java-azure-containers-containerregistry/1.1.0-beta.5 (17.0.1; Windows 11; 10.0)",
        "x-ms-client-request-id": "d59cc932-1a73-42bb-bd5d-6feac681c3db"
      },
      "RequestBody": {
        "schemaVersion": 2,
        "config": {
          "mediaType": "application/vnd.acme.rocket.config.v1\u002Bjson",
          "size": 171,
          "digest": "sha256:44136fa355b3678a1146ad16f7e8649e94fb4fc21fe77e8310c060f61caaff8a"
        },
        "layers": [
          {
            "mediaType": "application/vnd.oci.image.layer.v1.tar",
            "size": 28,
            "digest": "sha256:b94d27b9934d3e08a52e52d7da7dabfac484efe37a5380ee9088f7ace2efcde9",
            "annotations": {
              "org.opencontainers.image.ref.name": "654b93f61054e4ce90ed203bb8d556a6200d5f906cf3eca0620738d6dc18cbed"
            }
          }
        ]
      },
      "StatusCode": 201,
      "ResponseHeaders": {
        "Access-Control-Expose-Headers": [
          "Docker-Content-Digest",
          "WWW-Authenticate",
          "Link",
          "X-Ms-Correlation-Request-Id"
        ],
        "Connection": "keep-alive",
        "Content-Length": "0",
        "Date": "Fri, 21 Apr 2023 21:09:26 GMT",
        "Docker-Content-Digest": "sha256:492bc88863bdf51159c4efe84e851c48d7034881159b56c4338003e50e801598",
        "Docker-Distribution-Api-Version": "registry/2.0",
        "Location": "/v2/oci-artifact/manifests/sha256:492bc88863bdf51159c4efe84e851c48d7034881159b56c4338003e50e801598",
        "Server": "openresty",
        "Strict-Transport-Security": [
          "max-age=31536000; includeSubDomains",
          "max-age=31536000; includeSubDomains"
        ],
        "X-Content-Type-Options": "nosniff",
        "X-Ms-Client-Request-Id": "d59cc932-1a73-42bb-bd5d-6feac681c3db",
        "X-Ms-Correlation-Request-Id": "8539e2e9-a7ae-494c-a9e2-b2a5275ebf70",
        "X-Ms-Request-Id": "4b40ff03-f29a-44ca-a9c1-b861ea478344"
      },
      "ResponseBody": null
    },
    {
      "RequestUri": "https://REDACTED/v2/oci-artifact/manifests/sha256:REDACTED",
      "RequestMethod": "GET",
      "RequestHeaders": {
        "Accept": "*/*,application/vnd.oci.image.manifest.v1\u002Bjson,application/vnd.docker.distribution.manifest.v2\u002Bjson,application/vnd.oci.image.index.v1\u002Bjson,application/vnd.docker.distribution.manifest.list.v2\u002Bjson,application/vnd.cncf.oras.artifact.manifest.v1\u002Bjson",
        "Content-Length": "0",
        "Date": "Fri, 21 Apr 2023 21:09:26 GMT",
        "User-Agent": "azsdk-java-azure-containers-containerregistry/1.1.0-beta.5 (17.0.1; Windows 11; 10.0)",
        "x-ms-client-request-id": "63f7de6b-a908-4e52-805b-f56a73ca8b4e"
      },
      "RequestBody": null,
      "StatusCode": 401,
      "ResponseHeaders": {
        "Access-Control-Expose-Headers": [
          "Docker-Content-Digest",
          "WWW-Authenticate",
          "Link",
          "X-Ms-Correlation-Request-Id"
        ],
        "Connection": "keep-alive",
        "Content-Length": "206",
        "Content-Type": "application/json; charset=utf-8",
        "Date": "Fri, 21 Apr 2023 21:09:26 GMT",
        "Docker-Distribution-Api-Version": "registry/2.0",
        "Server": "openresty",
        "Strict-Transport-Security": [
          "max-age=31536000; includeSubDomains",
          "max-age=31536000; includeSubDomains"
        ],
        "WWW-Authenticate": "Bearer realm=\u0022https://REDACTED\u0022,service=\u0022REDACTED\u0022,scope=\u0022repository:oci-artifact:pull\u0022",
        "X-Content-Type-Options": "nosniff",
        "X-Ms-Correlation-Request-Id": "9302caa4-ace9-4f3c-ab35-44a4b2ba593e"
      },
      "ResponseBody": {
        "errors": [
          {
            "code": "UNAUTHORIZED",
            "message": "authentication required, visit https://aka.ms/acr/authorization for more information.",
            "detail": [
              {
                "Type": "repository",
                "Name": "oci-artifact",
                "Action": "pull"
              }
            ]
          }
        ]
      }
    },
    {
      "RequestUri": "https://REDACTED/oauth2/token?api-version=2021-07-01",
      "RequestMethod": "POST",
      "RequestHeaders": {
        "Accept": "application/json",
        "Content-Length": "103",
        "Content-Type": "application/x-www-form-urlencoded",
        "Date": "Fri, 21 Apr 2023 21:09:26 GMT",
        "User-Agent": "azsdk-java-azure-containers-containerregistry/1.1.0-beta.5 (17.0.1; Windows 11; 10.0)",
        "x-ms-client-request-id": "370a067a-f095-4c12-ae0f-6f51082bb9e7"
      },
      "RequestBody": "service=REDACTED\u0026scope=repository%3Aoci-artifact%3Apull\u0026refresh_token=REDACTED\u0026grant_type=refresh_token",
      "StatusCode": 200,
      "ResponseHeaders": {
        "Connection": "keep-alive",
        "Content-Type": "application/json; charset=utf-8",
        "Date": "Fri, 21 Apr 2023 21:09:26 GMT",
        "Server": "openresty",
        "Strict-Transport-Security": "max-age=31536000; includeSubDomains",
        "Transfer-Encoding": "chunked",
        "X-Ms-Correlation-Request-Id": "255ac6db-f317-4bce-ae94-d5c41fb7ac3b",
        "x-ms-ratelimit-remaining-calls-per-second": "328.666667"
      },
      "ResponseBody": {
        "access_token": "Sanitized"
      }
    },
    {
      "RequestUri": "https://REDACTED/v2/oci-artifact/manifests/sha256:REDACTED",
      "RequestMethod": "GET",
      "RequestHeaders": {
        "Accept": "*/*,application/vnd.oci.image.manifest.v1\u002Bjson,application/vnd.docker.distribution.manifest.v2\u002Bjson,application/vnd.oci.image.index.v1\u002Bjson,application/vnd.docker.distribution.manifest.list.v2\u002Bjson,application/vnd.cncf.oras.artifact.manifest.v1\u002Bjson",
        "Authorization": "Sanitized",
        "Content-Length": "0",
        "Date": "Fri, 21 Apr 2023 21:09:26 GMT",
        "User-Agent": "azsdk-java-azure-containers-containerregistry/1.1.0-beta.5 (17.0.1; Windows 11; 10.0)",
        "x-ms-client-request-id": "63f7de6b-a908-4e52-805b-f56a73ca8b4e"
      },
      "RequestBody": null,
      "StatusCode": 200,
      "ResponseHeaders": {
        "Access-Control-Expose-Headers": [
          "Docker-Content-Digest",
          "WWW-Authenticate",
          "Link",
          "X-Ms-Correlation-Request-Id"
        ],
        "Connection": "keep-alive",
        "Content-Length": "459",
        "Content-Type": "application/vnd.oci.image.manifest.v1\u002Bjson",
        "Date": "Fri, 21 Apr 2023 21:09:26 GMT",
        "Docker-Content-Digest": "sha256:492bc88863bdf51159c4efe84e851c48d7034881159b56c4338003e50e801598",
        "Docker-Distribution-Api-Version": "registry/2.0",
        "ETag": "\u0022sha256:492bc88863bdf51159c4efe84e851c48d7034881159b56c4338003e50e801598\u0022",
        "Server": "openresty",
        "Strict-Transport-Security": [
          "max-age=31536000; includeSubDomains",
          "max-age=31536000; includeSubDomains"
        ],
        "X-Content-Type-Options": "nosniff",
        "X-Ms-Client-Request-Id": "63f7de6b-a908-4e52-805b-f56a73ca8b4e",
        "X-Ms-Correlation-Request-Id": "11f1bb2a-21a5-42f3-9833-6330b16b1c6d",
        "X-Ms-Request-Id": "8f74255f-3733-4d22-b8ed-9551dbb2e950"
      },
      "ResponseBody": {
        "schemaVersion": 2,
        "config": {
          "mediaType": "application/vnd.acme.rocket.config.v1\u002Bjson",
          "size": 171,
          "digest": "sha256:44136fa355b3678a1146ad16f7e8649e94fb4fc21fe77e8310c060f61caaff8a"
        },
        "layers": [
          {
            "mediaType": "application/vnd.oci.image.layer.v1.tar",
            "size": 28,
            "digest": "sha256:b94d27b9934d3e08a52e52d7da7dabfac484efe37a5380ee9088f7ace2efcde9",
            "annotations": {
              "org.opencontainers.image.ref.name": "654b93f61054e4ce90ed203bb8d556a6200d5f906cf3eca0620738d6dc18cbed"
            }
          }
        ]
      }
    },
    {
      "RequestUri": "https://REDACTED/v2/oci-artifact/blobs/sha256:REDACTED",
      "RequestMethod": "DELETE",
      "RequestHeaders": {
        "Accept": "*/*",
        "Content-Length": "0",
        "Date": "Fri, 21 Apr 2023 21:09:26 GMT",
        "User-Agent": "azsdk-java-azure-containers-containerregistry/1.1.0-beta.5 (17.0.1; Windows 11; 10.0)",
        "x-ms-client-request-id": "60f26f85-5d4e-47c9-8af3-4bc1cdfeaed5"
      },
      "RequestBody": null,
      "StatusCode": 401,
      "ResponseHeaders": {
        "Access-Control-Expose-Headers": [
          "Docker-Content-Digest",
          "WWW-Authenticate",
          "Link",
          "X-Ms-Correlation-Request-Id"
        ],
        "Connection": "keep-alive",
        "Content-Length": "208",
        "Content-Type": "application/json; charset=utf-8",
        "Date": "Fri, 21 Apr 2023 21:09:26 GMT",
        "Docker-Distribution-Api-Version": "registry/2.0",
        "Server": "openresty",
        "Strict-Transport-Security": [
          "max-age=31536000; includeSubDomains",
          "max-age=31536000; includeSubDomains"
        ],
        "WWW-Authenticate": "Bearer realm=\u0022https://REDACTED\u0022,service=\u0022REDACTED\u0022,scope=\u0022repository:oci-artifact:delete\u0022",
        "X-Content-Type-Options": "nosniff",
        "X-Ms-Correlation-Request-Id": "00292931-3f8e-4adb-980a-f2d4c59a71c3"
      },
      "ResponseBody": {
        "errors": [
          {
            "code": "UNAUTHORIZED",
            "message": "authentication required, visit https://aka.ms/acr/authorization for more information.",
            "detail": [
              {
                "Type": "repository",
                "Name": "oci-artifact",
                "Action": "delete"
              }
            ]
          }
        ]
      }
    },
    {
      "RequestUri": "https://REDACTED/oauth2/token?api-version=2021-07-01",
      "RequestMethod": "POST",
      "RequestHeaders": {
        "Accept": "application/json",
        "Content-Length": "105",
        "Content-Type": "application/x-www-form-urlencoded",
        "Date": "Fri, 21 Apr 2023 21:09:27 GMT",
        "User-Agent": "azsdk-java-azure-containers-containerregistry/1.1.0-beta.5 (17.0.1; Windows 11; 10.0)",
        "x-ms-client-request-id": "36757923-5ec3-453a-9273-352714db0da8"
      },
      "RequestBody": "service=REDACTED\u0026scope=repository%3Aoci-artifact%3Adelete\u0026refresh_token=REDACTED\u0026grant_type=refresh_token",
      "StatusCode": 200,
      "ResponseHeaders": {
        "Connection": "keep-alive",
        "Content-Type": "application/json; charset=utf-8",
        "Date": "Fri, 21 Apr 2023 21:09:27 GMT",
        "Server": "openresty",
        "Strict-Transport-Security": "max-age=31536000; includeSubDomains",
        "Transfer-Encoding": "chunked",
        "X-Ms-Correlation-Request-Id": "0df9d2c3-d8e7-4077-b2fd-dce725b12793",
        "x-ms-ratelimit-remaining-calls-per-second": "328.65"
      },
      "ResponseBody": {
        "access_token": "Sanitized"
      }
    },
    {
      "RequestUri": "https://REDACTED/v2/oci-artifact/blobs/sha256:REDACTED",
      "RequestMethod": "DELETE",
      "RequestHeaders": {
        "Accept": "*/*",
        "Authorization": "Sanitized",
        "Content-Length": "0",
        "Date": "Fri, 21 Apr 2023 21:09:26 GMT",
        "User-Agent": "azsdk-java-azure-containers-containerregistry/1.1.0-beta.5 (17.0.1; Windows 11; 10.0)",
        "x-ms-client-request-id": "60f26f85-5d4e-47c9-8af3-4bc1cdfeaed5"
      },
      "RequestBody": null,
      "StatusCode": 202,
      "ResponseHeaders": {
        "Access-Control-Expose-Headers": [
          "Docker-Content-Digest",
          "WWW-Authenticate",
          "Link",
          "X-Ms-Correlation-Request-Id"
        ],
        "Connection": "keep-alive",
        "Content-Length": "0",
        "Date": "Fri, 21 Apr 2023 21:09:27 GMT",
        "Docker-Distribution-Api-Version": "registry/2.0",
        "Server": "openresty",
        "Strict-Transport-Security": [
          "max-age=31536000; includeSubDomains",
          "max-age=31536000; includeSubDomains"
        ],
        "X-Content-Type-Options": "nosniff",
        "X-Ms-Client-Request-Id": "60f26f85-5d4e-47c9-8af3-4bc1cdfeaed5",
        "X-Ms-Correlation-Request-Id": "407ed1c3-d25a-43bc-905d-6c6fe891a3e2",
        "X-Ms-Ratelimit-Remaining-Calls-Per-Second": "32.000000",
        "X-Ms-Request-Id": "0c4df5d7-18d4-4a0e-8d46-e7f319775bae"
      },
      "ResponseBody": null
    },
    {
      "RequestUri": "https://REDACTED/v2/oci-artifact/blobs/sha256:REDACTED",
      "RequestMethod": "DELETE",
      "RequestHeaders": {
        "Accept": "*/*",
        "Content-Length": "0",
        "Date": "Fri, 21 Apr 2023 21:09:27 GMT",
        "User-Agent": "azsdk-java-azure-containers-containerregistry/1.1.0-beta.5 (17.0.1; Windows 11; 10.0)",
        "x-ms-client-request-id": "1524b11f-b927-48ea-a82a-1fcb291b5bf8"
      },
      "RequestBody": null,
      "StatusCode": 401,
      "ResponseHeaders": {
        "Access-Control-Expose-Headers": [
          "Docker-Content-Digest",
          "WWW-Authenticate",
          "Link",
          "X-Ms-Correlation-Request-Id"
        ],
        "Connection": "keep-alive",
        "Content-Length": "208",
        "Content-Type": "application/json; charset=utf-8",
        "Date": "Fri, 21 Apr 2023 21:09:27 GMT",
        "Docker-Distribution-Api-Version": "registry/2.0",
        "Server": "openresty",
        "Strict-Transport-Security": [
          "max-age=31536000; includeSubDomains",
          "max-age=31536000; includeSubDomains"
        ],
        "WWW-Authenticate": "Bearer realm=\u0022https://REDACTED\u0022,service=\u0022REDACTED\u0022,scope=\u0022repository:oci-artifact:delete\u0022",
        "X-Content-Type-Options": "nosniff",
        "X-Ms-Correlation-Request-Id": "7f10b50c-31ed-41a1-a514-a0212a53eb71"
      },
      "ResponseBody": {
        "errors": [
          {
            "code": "UNAUTHORIZED",
            "message": "authentication required, visit https://aka.ms/acr/authorization for more information.",
            "detail": [
              {
                "Type": "repository",
                "Name": "oci-artifact",
                "Action": "delete"
              }
            ]
          }
        ]
      }
    },
    {
      "RequestUri": "https://REDACTED/oauth2/token?api-version=2021-07-01",
      "RequestMethod": "POST",
      "RequestHeaders": {
        "Accept": "application/json",
        "Content-Length": "105",
        "Content-Type": "application/x-www-form-urlencoded",
        "Date": "Fri, 21 Apr 2023 21:09:27 GMT",
        "User-Agent": "azsdk-java-azure-containers-containerregistry/1.1.0-beta.5 (17.0.1; Windows 11; 10.0)",
        "x-ms-client-request-id": "03be3b73-bb84-492b-8108-ea1e04a3fb15"
      },
      "RequestBody": "service=REDACTED\u0026scope=repository%3Aoci-artifact%3Adelete\u0026refresh_token=REDACTED\u0026grant_type=refresh_token",
      "StatusCode": 200,
      "ResponseHeaders": {
        "Connection": "keep-alive",
        "Content-Type": "application/json; charset=utf-8",
        "Date": "Fri, 21 Apr 2023 21:09:27 GMT",
        "Server": "openresty",
        "Strict-Transport-Security": "max-age=31536000; includeSubDomains",
        "Transfer-Encoding": "chunked",
        "X-Ms-Correlation-Request-Id": "cb018ebd-2b56-4b83-b72c-a3abf1327d27",
        "x-ms-ratelimit-remaining-calls-per-second": "328.633333"
      },
      "ResponseBody": {
        "access_token": "Sanitized"
      }
    },
    {
      "RequestUri": "https://REDACTED/v2/oci-artifact/blobs/sha256:REDACTED",
      "RequestMethod": "DELETE",
      "RequestHeaders": {
        "Accept": "*/*",
        "Authorization": "Sanitized",
        "Content-Length": "0",
        "Date": "Fri, 21 Apr 2023 21:09:27 GMT",
        "User-Agent": "azsdk-java-azure-containers-containerregistry/1.1.0-beta.5 (17.0.1; Windows 11; 10.0)",
        "x-ms-client-request-id": "1524b11f-b927-48ea-a82a-1fcb291b5bf8"
      },
      "RequestBody": null,
      "StatusCode": 202,
      "ResponseHeaders": {
        "Access-Control-Expose-Headers": [
          "Docker-Content-Digest",
          "WWW-Authenticate",
          "Link",
          "X-Ms-Correlation-Request-Id"
        ],
        "Connection": "keep-alive",
        "Content-Length": "0",
        "Date": "Fri, 21 Apr 2023 21:09:27 GMT",
        "Docker-Distribution-Api-Version": "registry/2.0",
        "Server": "openresty",
        "Strict-Transport-Security": [
          "max-age=31536000; includeSubDomains",
          "max-age=31536000; includeSubDomains"
        ],
        "X-Content-Type-Options": "nosniff",
        "X-Ms-Client-Request-Id": "1524b11f-b927-48ea-a82a-1fcb291b5bf8",
        "X-Ms-Correlation-Request-Id": "db0d1dce-c63c-4406-a0b5-e5250c0ad223",
        "X-Ms-Ratelimit-Remaining-Calls-Per-Second": "31.000000",
        "X-Ms-Request-Id": "a6be05bf-5718-4d64-877b-c6109721838c"
      },
      "ResponseBody": null
    },
    {
      "RequestUri": "https://REDACTED/v2/oci-artifact/manifests/sha256:REDACTED",
      "RequestMethod": "DELETE",
      "RequestHeaders": {
        "Accept": "application/json",
        "Content-Length": "0",
        "Date": "Fri, 21 Apr 2023 21:09:27 GMT",
        "User-Agent": "azsdk-java-azure-containers-containerregistry/1.1.0-beta.5 (17.0.1; Windows 11; 10.0)",
        "x-ms-client-request-id": "1677f04d-7d52-4aab-b931-c289be5c51c3"
      },
      "RequestBody": null,
      "StatusCode": 401,
      "ResponseHeaders": {
        "Access-Control-Expose-Headers": [
          "Docker-Content-Digest",
          "WWW-Authenticate",
          "Link",
          "X-Ms-Correlation-Request-Id"
        ],
        "Connection": "keep-alive",
        "Content-Length": "208",
        "Content-Type": "application/json; charset=utf-8",
        "Date": "Fri, 21 Apr 2023 21:09:27 GMT",
        "Docker-Distribution-Api-Version": "registry/2.0",
        "Server": "openresty",
        "Strict-Transport-Security": [
          "max-age=31536000; includeSubDomains",
          "max-age=31536000; includeSubDomains"
        ],
        "WWW-Authenticate": "Bearer realm=\u0022https://REDACTED\u0022,service=\u0022REDACTED\u0022,scope=\u0022repository:oci-artifact:delete\u0022",
        "X-Content-Type-Options": "nosniff",
        "X-Ms-Correlation-Request-Id": "99a25680-851d-4bbc-8af9-d775ec2a7bb0"
      },
      "ResponseBody": {
        "errors": [
          {
            "code": "UNAUTHORIZED",
            "message": "authentication required, visit https://aka.ms/acr/authorization for more information.",
            "detail": [
              {
                "Type": "repository",
                "Name": "oci-artifact",
                "Action": "delete"
              }
            ]
          }
        ]
      }
    },
    {
      "RequestUri": "https://REDACTED/oauth2/token?api-version=2021-07-01",
      "RequestMethod": "POST",
      "RequestHeaders": {
        "Accept": "application/json",
        "Content-Length": "105",
        "Content-Type": "application/x-www-form-urlencoded",
        "Date": "Fri, 21 Apr 2023 21:09:27 GMT",
        "User-Agent": "azsdk-java-azure-containers-containerregistry/1.1.0-beta.5 (17.0.1; Windows 11; 10.0)",
        "x-ms-client-request-id": "50236a9d-6b9d-4d1c-8900-78ce2ef773d2"
      },
      "RequestBody": "service=REDACTED\u0026scope=repository%3Aoci-artifact%3Adelete\u0026refresh_token=REDACTED\u0026grant_type=refresh_token",
      "StatusCode": 200,
      "ResponseHeaders": {
        "Connection": "keep-alive",
        "Content-Type": "application/json; charset=utf-8",
        "Date": "Fri, 21 Apr 2023 21:09:27 GMT",
        "Server": "openresty",
        "Strict-Transport-Security": "max-age=31536000; includeSubDomains",
        "Transfer-Encoding": "chunked",
        "X-Ms-Correlation-Request-Id": "3f30630e-1f1f-4daf-be2f-d6740ad4807a",
        "x-ms-ratelimit-remaining-calls-per-second": "328.616667"
      },
      "ResponseBody": {
        "access_token": "Sanitized"
      }
    },
    {
      "RequestUri": "https://REDACTED/v2/oci-artifact/manifests/sha256:REDACTED",
      "RequestMethod": "DELETE",
      "RequestHeaders": {
        "Accept": "application/json",
        "Authorization": "Sanitized",
        "Content-Length": "0",
        "Date": "Fri, 21 Apr 2023 21:09:27 GMT",
        "User-Agent": "azsdk-java-azure-containers-containerregistry/1.1.0-beta.5 (17.0.1; Windows 11; 10.0)",
        "x-ms-client-request-id": "1677f04d-7d52-4aab-b931-c289be5c51c3"
      },
      "RequestBody": null,
      "StatusCode": 202,
      "ResponseHeaders": {
        "Access-Control-Expose-Headers": [
          "Docker-Content-Digest",
          "WWW-Authenticate",
          "Link",
          "X-Ms-Correlation-Request-Id"
        ],
        "Connection": "keep-alive",
        "Content-Length": "0",
        "Date": "Fri, 21 Apr 2023 21:09:27 GMT",
        "Docker-Distribution-Api-Version": "registry/2.0",
        "Server": "openresty",
        "Strict-Transport-Security": [
          "max-age=31536000; includeSubDomains",
          "max-age=31536000; includeSubDomains"
        ],
        "X-Content-Type-Options": "nosniff",
        "X-Ms-Client-Request-Id": "1677f04d-7d52-4aab-b931-c289be5c51c3",
        "X-Ms-Correlation-Request-Id": "682d0d6f-ab7e-46a2-981f-b6118656732d",
        "X-Ms-Ratelimit-Remaining-Calls-Per-Second": "30.000000",
        "X-Ms-Request-Id": "9517abee-0459-40a3-967a-6995d4a5b086"
      },
      "ResponseBody": null
    }
  ],
  "Variables": {}
}
