{
  "Entries": [
    {
      "RequestUri": "https://REDACTED/acr/v1/library%2Fhello-world?api-version=2021-07-01",
      "RequestMethod": "GET",
      "RequestHeaders": {
        "Accept": "application/json",
        "Content-Length": "0",
        "Date": "Fri, 21 Apr 2023 21:10:22 GMT",
        "User-Agent": "azsdk-java-azure-containers-containerregistry/1.1.0-beta.5 (17.0.1; Windows 11; 10.0)",
        "x-ms-client-request-id": "fcdce389-18ea-4f7b-885d-af766877ba7b"
      },
      "RequestBody": null,
      "StatusCode": 401,
      "ResponseHeaders": {
        "Access-Control-Expose-Headers": [
          "Docker-Content-Digest",
          "WWW-Authenticate",
          "Link",
          "X-Ms-Correlation-Request-Id"
        ],
        "Connection": "keep-alive",
        "Content-Length": "222",
        "Content-Type": "application/json; charset=utf-8",
        "Date": "Fri, 21 Apr 2023 21:10:22 GMT",
        "Docker-Distribution-Api-Version": "registry/2.0",
        "Server": "openresty",
        "Strict-Transport-Security": [
          "max-age=31536000; includeSubDomains",
          "max-age=31536000; includeSubDomains"
        ],
        "WWW-Authenticate": "Bearer realm=\u0022https://REDACTED\u0022,service=\u0022REDACTED\u0022,scope=\u0022repository:library/hello-world:metadata_read\u0022",
        "X-Content-Type-Options": "nosniff",
        "X-Ms-Correlation-Request-Id": "1f75b6af-1dd4-47eb-a2d8-9a2eb26fc514"
      },
      "ResponseBody": {
        "errors": [
          {
            "code": "UNAUTHORIZED",
            "message": "authentication required, visit https://aka.ms/acr/authorization for more information.",
            "detail": [
              {
                "Type": "repository",
                "Name": "library/hello-world",
                "Action": "metadata_read"
              }
            ]
          }
        ]
      }
    },
    {
      "RequestUri": "https://REDACTED/oauth2/exchange?api-version=2021-07-01",
      "RequestMethod": "POST",
      "RequestHeaders": {
        "Accept": "application/json",
        "Content-Length": "62",
        "Content-Type": "application/x-www-form-urlencoded",
        "Date": "Fri, 21 Apr 2023 21:10:22 GMT",
        "User-Agent": "azsdk-java-azure-containers-containerregistry/1.1.0-beta.5 (17.0.1; Windows 11; 10.0)",
        "x-ms-client-request-id": "e376eefc-5335-458a-8ec0-9a56118128d5"
      },
      "RequestBody": "grant_type=access_token\u0026service=REDACTED\u0026access_token=REDACTED",
      "StatusCode": 200,
      "ResponseHeaders": {
        "Connection": "keep-alive",
        "Content-Type": "application/json; charset=utf-8",
        "Date": "Fri, 21 Apr 2023 21:10:22 GMT",
        "Server": "openresty",
        "Strict-Transport-Security": "max-age=31536000; includeSubDomains",
        "Transfer-Encoding": "chunked",
        "X-Ms-Correlation-Request-Id": "a57ccd4a-fe1d-4945-a67f-33493fcee4cb",
        "x-ms-ratelimit-remaining-calls-per-second": "329.833333"
      },
      "ResponseBody": {
        "refresh_token": "Sanitized"
      }
    },
    {
      "RequestUri": "https://REDACTED/oauth2/token?api-version=2021-07-01",
      "RequestMethod": "POST",
      "RequestHeaders": {
        "Accept": "application/json",
        "Content-Length": "121",
        "Content-Type": "application/x-www-form-urlencoded",
        "Date": "Fri, 21 Apr 2023 21:10:22 GMT",
        "User-Agent": "azsdk-java-azure-containers-containerregistry/1.1.0-beta.5 (17.0.1; Windows 11; 10.0)",
        "x-ms-client-request-id": "80c497b5-68ae-438c-8f01-4ca25062724a"
      },
      "RequestBody": "service=REDACTED\u0026scope=repository%3Alibrary%2Fhello-world%3Ametadata_read\u0026refresh_token=REDACTED\u0026grant_type=refresh_token",
      "StatusCode": 200,
      "ResponseHeaders": {
        "Connection": "keep-alive",
        "Content-Type": "application/json; charset=utf-8",
        "Date": "Fri, 21 Apr 2023 21:10:22 GMT",
        "Server": "openresty",
        "Strict-Transport-Security": "max-age=31536000; includeSubDomains",
        "Transfer-Encoding": "chunked",
        "X-Ms-Correlation-Request-Id": "a8ebc213-e18e-4e40-bdef-da06e2e95ae3",
        "x-ms-ratelimit-remaining-calls-per-second": "329.816667"
      },
      "ResponseBody": {
        "access_token": "Sanitized"
      }
    },
    {
      "RequestUri": "https://REDACTED/acr/v1/library%2Fhello-world?api-version=2021-07-01",
      "RequestMethod": "GET",
      "RequestHeaders": {
        "Accept": "application/json",
        "Authorization": "Sanitized",
        "Content-Length": "0",
        "Date": "Fri, 21 Apr 2023 21:10:22 GMT",
        "User-Agent": "azsdk-java-azure-containers-containerregistry/1.1.0-beta.5 (17.0.1; Windows 11; 10.0)",
        "x-ms-client-request-id": "fcdce389-18ea-4f7b-885d-af766877ba7b"
      },
      "RequestBody": null,
      "StatusCode": 200,
      "ResponseHeaders": {
        "Access-Control-Expose-Headers": [
          "Docker-Content-Digest",
          "WWW-Authenticate",
          "Link",
          "X-Ms-Correlation-Request-Id"
        ],
        "Connection": "keep-alive",
        "Content-Length": "301",
        "Content-Type": "application/json; charset=utf-8",
        "Date": "Fri, 21 Apr 2023 21:10:22 GMT",
        "Docker-Distribution-Api-Version": "registry/2.0",
        "Server": "openresty",
        "Strict-Transport-Security": [
          "max-age=31536000; includeSubDomains",
          "max-age=31536000; includeSubDomains"
        ],
        "X-Content-Type-Options": "nosniff",
        "X-Ms-Correlation-Request-Id": "7ad13757-2c76-4d48-8a8b-579d0f3d932d"
      },
      "ResponseBody": {
        "registry": "limolkovaacr.azurecr.io",
        "imageName": "library/hello-world",
        "createdTime": "2023-01-30T17:44:39.593234Z",
        "lastUpdateTime": "2023-04-17T21:31:14.7435387Z",
        "manifestCount": 25,
        "tagCount": 5,
        "changeableAttributes": {
          "deleteEnabled": true,
          "writeEnabled": true,
          "readEnabled": true,
          "listEnabled": true
        }
      }
    },
    {
      "RequestUri": "https://REDACTED/acr/v1/library%2Fhello-world?api-version=2021-07-01",
      "RequestMethod": "GET",
      "RequestHeaders": {
        "Accept": "application/json",
        "Content-Length": "0",
        "Date": "Fri, 21 Apr 2023 21:10:22 GMT",
        "User-Agent": "azsdk-java-azure-containers-containerregistry/1.1.0-beta.5 (17.0.1; Windows 11; 10.0)",
        "x-ms-client-request-id": "b4d3e16d-2ac6-4f7c-8d79-686e53835393"
      },
      "RequestBody": null,
      "StatusCode": 401,
      "ResponseHeaders": {
        "Access-Control-Expose-Headers": [
          "Docker-Content-Digest",
          "WWW-Authenticate",
          "Link",
          "X-Ms-Correlation-Request-Id"
        ],
        "Connection": "keep-alive",
        "Content-Length": "222",
        "Content-Type": "application/json; charset=utf-8",
        "Date": "Fri, 21 Apr 2023 21:10:22 GMT",
        "Docker-Distribution-Api-Version": "registry/2.0",
        "Server": "openresty",
        "Strict-Transport-Security": [
          "max-age=31536000; includeSubDomains",
          "max-age=31536000; includeSubDomains"
        ],
        "WWW-Authenticate": "Bearer realm=\u0022https://REDACTED\u0022,service=\u0022REDACTED\u0022,scope=\u0022repository:library/hello-world:metadata_read\u0022",
        "X-Content-Type-Options": "nosniff",
        "X-Ms-Correlation-Request-Id": "994ccf4d-e540-458b-9eaa-248c290f6f8f"
      },
      "ResponseBody": {
        "errors": [
          {
            "code": "UNAUTHORIZED",
            "message": "authentication required, visit https://aka.ms/acr/authorization for more information.",
            "detail": [
              {
                "Type": "repository",
                "Name": "library/hello-world",
                "Action": "metadata_read"
              }
            ]
          }
        ]
      }
    },
    {
      "RequestUri": "https://REDACTED/oauth2/exchange?api-version=2021-07-01",
      "RequestMethod": "POST",
      "RequestHeaders": {
        "Accept": "application/json",
        "Content-Length": "62",
        "Content-Type": "application/x-www-form-urlencoded",
        "Date": "Fri, 21 Apr 2023 21:10:23 GMT",
        "User-Agent": "azsdk-java-azure-containers-containerregistry/1.1.0-beta.5 (17.0.1; Windows 11; 10.0)",
        "x-ms-client-request-id": "5540e306-101d-4d09-832c-878659150583"
      },
      "RequestBody": "grant_type=access_token\u0026service=REDACTED\u0026access_token=REDACTED",
      "StatusCode": 200,
      "ResponseHeaders": {
        "Connection": "keep-alive",
        "Content-Type": "application/json; charset=utf-8",
        "Date": "Fri, 21 Apr 2023 21:10:23 GMT",
        "Server": "openresty",
        "Strict-Transport-Security": "max-age=31536000; includeSubDomains",
        "Transfer-Encoding": "chunked",
        "X-Ms-Correlation-Request-Id": "31d9528c-1892-4f84-bead-506b19a023f0",
        "x-ms-ratelimit-remaining-calls-per-second": "329.8"
      },
      "ResponseBody": {
        "refresh_token": "Sanitized"
      }
    },
    {
      "RequestUri": "https://REDACTED/oauth2/token?api-version=2021-07-01",
      "RequestMethod": "POST",
      "RequestHeaders": {
        "Accept": "application/json",
        "Content-Length": "121",
        "Content-Type": "application/x-www-form-urlencoded",
        "Date": "Fri, 21 Apr 2023 21:10:23 GMT",
        "User-Agent": "azsdk-java-azure-containers-containerregistry/1.1.0-beta.5 (17.0.1; Windows 11; 10.0)",
        "x-ms-client-request-id": "7b989bdd-82ce-4d90-9a96-d7e595b47e81"
      },
      "RequestBody": "service=REDACTED\u0026scope=repository%3Alibrary%2Fhello-world%3Ametadata_read\u0026refresh_token=REDACTED\u0026grant_type=refresh_token",
      "StatusCode": 200,
      "ResponseHeaders": {
        "Connection": "keep-alive",
        "Content-Type": "application/json; charset=utf-8",
        "Date": "Fri, 21 Apr 2023 21:10:23 GMT",
        "Server": "openresty",
        "Strict-Transport-Security": "max-age=31536000; includeSubDomains",
        "Transfer-Encoding": "chunked",
        "X-Ms-Correlation-Request-Id": "4b3e5a1a-d286-475c-b083-b8f2759ef766",
        "x-ms-ratelimit-remaining-calls-per-second": "329.783333"
      },
      "ResponseBody": {
        "access_token": "Sanitized"
      }
    },
    {
      "RequestUri": "https://REDACTED/acr/v1/library%2Fhello-world?api-version=2021-07-01",
      "RequestMethod": "GET",
      "RequestHeaders": {
        "Accept": "application/json",
        "Authorization": "Sanitized",
        "Content-Length": "0",
        "Date": "Fri, 21 Apr 2023 21:10:22 GMT",
        "User-Agent": "azsdk-java-azure-containers-containerregistry/1.1.0-beta.5 (17.0.1; Windows 11; 10.0)",
        "x-ms-client-request-id": "b4d3e16d-2ac6-4f7c-8d79-686e53835393"
      },
      "RequestBody": null,
      "StatusCode": 200,
      "ResponseHeaders": {
        "Access-Control-Expose-Headers": [
          "Docker-Content-Digest",
          "WWW-Authenticate",
          "Link",
          "X-Ms-Correlation-Request-Id"
        ],
        "Connection": "keep-alive",
        "Content-Length": "301",
        "Content-Type": "application/json; charset=utf-8",
        "Date": "Fri, 21 Apr 2023 21:10:23 GMT",
        "Docker-Distribution-Api-Version": "registry/2.0",
        "Server": "openresty",
        "Strict-Transport-Security": [
          "max-age=31536000; includeSubDomains",
          "max-age=31536000; includeSubDomains"
        ],
        "X-Content-Type-Options": "nosniff",
        "X-Ms-Correlation-Request-Id": "6038a6ff-48ba-42c3-9b92-eb4cab845388"
      },
      "ResponseBody": {
        "registry": "limolkovaacr.azurecr.io",
        "imageName": "library/hello-world",
        "createdTime": "2023-01-30T17:44:39.593234Z",
        "lastUpdateTime": "2023-04-17T21:31:14.7435387Z",
        "manifestCount": 25,
        "tagCount": 5,
        "changeableAttributes": {
          "deleteEnabled": true,
          "writeEnabled": true,
          "readEnabled": true,
          "listEnabled": true
        }
      }
    }
  ],
  "Variables": {}
}
