{
  "Entries": [
    {
      "RequestUri": "https://REDACTED/acr/v1/library%2Fhello-world/_tags/latest?api-version=2021-07-01",
      "RequestMethod": "GET",
      "RequestHeaders": {
        "Accept": "application/json",
        "Content-Length": "0",
        "Date": "Fri, 21 Apr 2023 21:10:19 GMT",
        "User-Agent": "azsdk-java-azure-containers-containerregistry/1.1.0-beta.5 (17.0.1; Windows 11; 10.0)",
        "x-ms-client-request-id": "7d8c7abe-29be-4d3d-b01e-a6342e32f513"
      },
      "RequestBody": null,
      "StatusCode": 401,
      "ResponseHeaders": {
        "Access-Control-Expose-Headers": [
          "Docker-Content-Digest",
          "WWW-Authenticate",
          "Link",
          "X-Ms-Correlation-Request-Id"
        ],
        "Connection": "keep-alive",
        "Content-Length": "222",
        "Content-Type": "application/json; charset=utf-8",
        "Date": "Fri, 21 Apr 2023 21:10:19 GMT",
        "Docker-Distribution-Api-Version": "registry/2.0",
        "Server": "openresty",
        "Strict-Transport-Security": [
          "max-age=31536000; includeSubDomains",
          "max-age=31536000; includeSubDomains"
        ],
        "WWW-Authenticate": "Bearer realm=\u0022https://REDACTED\u0022,service=\u0022REDACTED\u0022,scope=\u0022repository:library/hello-world:metadata_read\u0022",
        "X-Content-Type-Options": "nosniff",
        "X-Ms-Correlation-Request-Id": "71f20d0c-a27a-45e8-9cf7-ca9ca6f5f006"
      },
      "ResponseBody": {
        "errors": [
          {
            "code": "UNAUTHORIZED",
            "message": "authentication required, visit https://aka.ms/acr/authorization for more information.",
            "detail": [
              {
                "Type": "repository",
                "Name": "library/hello-world",
                "Action": "metadata_read"
              }
            ]
          }
        ]
      }
    },
    {
      "RequestUri": "https://REDACTED/oauth2/exchange?api-version=2021-07-01",
      "RequestMethod": "POST",
      "RequestHeaders": {
        "Accept": "application/json",
        "Content-Length": "62",
        "Content-Type": "application/x-www-form-urlencoded",
        "Date": "Fri, 21 Apr 2023 21:10:19 GMT",
        "User-Agent": "azsdk-java-azure-containers-containerregistry/1.1.0-beta.5 (17.0.1; Windows 11; 10.0)",
        "x-ms-client-request-id": "bb2a576f-a27c-4394-b14d-45d0239ef8ee"
      },
      "RequestBody": "grant_type=access_token\u0026service=REDACTED\u0026access_token=REDACTED",
      "StatusCode": 200,
      "ResponseHeaders": {
        "Connection": "keep-alive",
        "Content-Type": "application/json; charset=utf-8",
        "Date": "Fri, 21 Apr 2023 21:10:19 GMT",
        "Server": "openresty",
        "Strict-Transport-Security": "max-age=31536000; includeSubDomains",
        "Transfer-Encoding": "chunked",
        "X-Ms-Correlation-Request-Id": "85494104-ee69-4e9c-8bf0-48019e8daa2c",
        "x-ms-ratelimit-remaining-calls-per-second": "330.1"
      },
      "ResponseBody": {
        "refresh_token": "Sanitized"
      }
    },
    {
      "RequestUri": "https://REDACTED/oauth2/token?api-version=2021-07-01",
      "RequestMethod": "POST",
      "RequestHeaders": {
        "Accept": "application/json",
        "Content-Length": "121",
        "Content-Type": "application/x-www-form-urlencoded",
        "Date": "Fri, 21 Apr 2023 21:10:19 GMT",
        "User-Agent": "azsdk-java-azure-containers-containerregistry/1.1.0-beta.5 (17.0.1; Windows 11; 10.0)",
        "x-ms-client-request-id": "25edabf4-328a-41d9-8420-0a21dad638fe"
      },
      "RequestBody": "service=REDACTED\u0026scope=repository%3Alibrary%2Fhello-world%3Ametadata_read\u0026refresh_token=REDACTED\u0026grant_type=refresh_token",
      "StatusCode": 200,
      "ResponseHeaders": {
        "Connection": "keep-alive",
        "Content-Type": "application/json; charset=utf-8",
        "Date": "Fri, 21 Apr 2023 21:10:19 GMT",
        "Server": "openresty",
        "Strict-Transport-Security": "max-age=31536000; includeSubDomains",
        "Transfer-Encoding": "chunked",
        "X-Ms-Correlation-Request-Id": "68f83444-18e0-491c-ad8d-16ef41751129",
        "x-ms-ratelimit-remaining-calls-per-second": "330.083333"
      },
      "ResponseBody": {
        "access_token": "Sanitized"
      }
    },
    {
      "RequestUri": "https://REDACTED/acr/v1/library%2Fhello-world/_tags/latest?api-version=2021-07-01",
      "RequestMethod": "GET",
      "RequestHeaders": {
        "Accept": "application/json",
        "Authorization": "Sanitized",
        "Content-Length": "0",
        "Date": "Fri, 21 Apr 2023 21:10:19 GMT",
        "User-Agent": "azsdk-java-azure-containers-containerregistry/1.1.0-beta.5 (17.0.1; Windows 11; 10.0)",
        "x-ms-client-request-id": "7d8c7abe-29be-4d3d-b01e-a6342e32f513"
      },
      "RequestBody": null,
      "StatusCode": 200,
      "ResponseHeaders": {
        "Access-Control-Expose-Headers": [
          "Docker-Content-Digest",
          "WWW-Authenticate",
          "Link",
          "X-Ms-Correlation-Request-Id"
        ],
        "Connection": "keep-alive",
        "Content-Length": "392",
        "Content-Type": "application/json; charset=utf-8",
        "Date": "Fri, 21 Apr 2023 21:10:19 GMT",
        "Docker-Distribution-Api-Version": "registry/2.0",
        "Server": "openresty",
        "Strict-Transport-Security": [
          "max-age=31536000; includeSubDomains",
          "max-age=31536000; includeSubDomains"
        ],
        "X-Content-Type-Options": "nosniff",
        "X-Ms-Correlation-Request-Id": "54d7f180-cef4-44c1-9c92-ee3e6c71df24"
      },
      "ResponseBody": {
        "registry": "limolkovaacr.azurecr.io",
        "imageName": "library/hello-world",
        "tag": {
          "name": "latest",
          "digest": "sha256:4e83453afed1b4fa1a3500525091dbfca6ce1e66903fd4c01ff015dbcb1ba33e",
          "createdTime": "2023-01-30T17:44:39.7139436Z",
          "lastUpdateTime": "2023-04-17T20:53:52.9357229Z",
          "signed": false,
          "changeableAttributes": {
            "deleteEnabled": true,
            "writeEnabled": true,
            "readEnabled": true,
            "listEnabled": true
          }
        }
      }
    },
    {
      "RequestUri": "https://REDACTED/acr/v1/library%2Fhello-world/_manifests/sha256:REDACTED",
      "RequestMethod": "GET",
      "RequestHeaders": {
        "Accept": "application/json",
        "Content-Length": "0",
        "Date": "Fri, 21 Apr 2023 21:10:20 GMT",
        "User-Agent": "azsdk-java-azure-containers-containerregistry/1.1.0-beta.5 (17.0.1; Windows 11; 10.0)",
        "x-ms-client-request-id": "e504017c-86a8-423a-96d5-dcb00f96c774"
      },
      "RequestBody": null,
      "StatusCode": 401,
      "ResponseHeaders": {
        "Access-Control-Expose-Headers": [
          "Docker-Content-Digest",
          "WWW-Authenticate",
          "Link",
          "X-Ms-Correlation-Request-Id"
        ],
        "Connection": "keep-alive",
        "Content-Length": "222",
        "Content-Type": "application/json; charset=utf-8",
        "Date": "Fri, 21 Apr 2023 21:10:20 GMT",
        "Docker-Distribution-Api-Version": "registry/2.0",
        "Server": "openresty",
        "Strict-Transport-Security": [
          "max-age=31536000; includeSubDomains",
          "max-age=31536000; includeSubDomains"
        ],
        "WWW-Authenticate": "Bearer realm=\u0022https://REDACTED\u0022,service=\u0022REDACTED\u0022,scope=\u0022repository:library/hello-world:metadata_read\u0022",
        "X-Content-Type-Options": "nosniff",
        "X-Ms-Correlation-Request-Id": "00b44ded-6f1d-4d96-ae3e-202d2ba6e78c"
      },
      "ResponseBody": {
        "errors": [
          {
            "code": "UNAUTHORIZED",
            "message": "authentication required, visit https://aka.ms/acr/authorization for more information.",
            "detail": [
              {
                "Type": "repository",
                "Name": "library/hello-world",
                "Action": "metadata_read"
              }
            ]
          }
        ]
      }
    },
    {
      "RequestUri": "https://REDACTED/oauth2/token?api-version=2021-07-01",
      "RequestMethod": "POST",
      "RequestHeaders": {
        "Accept": "application/json",
        "Content-Length": "121",
        "Content-Type": "application/x-www-form-urlencoded",
        "Date": "Fri, 21 Apr 2023 21:10:20 GMT",
        "User-Agent": "azsdk-java-azure-containers-containerregistry/1.1.0-beta.5 (17.0.1; Windows 11; 10.0)",
        "x-ms-client-request-id": "a88d86d2-80dc-4860-9d2d-235d3ae0b8d8"
      },
      "RequestBody": "service=REDACTED\u0026scope=repository%3Alibrary%2Fhello-world%3Ametadata_read\u0026refresh_token=REDACTED\u0026grant_type=refresh_token",
      "StatusCode": 200,
      "ResponseHeaders": {
        "Connection": "keep-alive",
        "Content-Type": "application/json; charset=utf-8",
        "Date": "Fri, 21 Apr 2023 21:10:20 GMT",
        "Server": "openresty",
        "Strict-Transport-Security": "max-age=31536000; includeSubDomains",
        "Transfer-Encoding": "chunked",
        "X-Ms-Correlation-Request-Id": "dfa8b341-745e-4764-8fe2-2a3ca7e31292",
        "x-ms-ratelimit-remaining-calls-per-second": "330.9"
      },
      "ResponseBody": {
        "access_token": "Sanitized"
      }
    },
    {
      "RequestUri": "https://REDACTED/acr/v1/library%2Fhello-world/_manifests/sha256:REDACTED",
      "RequestMethod": "GET",
      "RequestHeaders": {
        "Accept": "application/json",
        "Authorization": "Sanitized",
        "Content-Length": "0",
        "Date": "Fri, 21 Apr 2023 21:10:20 GMT",
        "User-Agent": "azsdk-java-azure-containers-containerregistry/1.1.0-beta.5 (17.0.1; Windows 11; 10.0)",
        "x-ms-client-request-id": "e504017c-86a8-423a-96d5-dcb00f96c774"
      },
      "RequestBody": null,
      "StatusCode": 200,
      "ResponseHeaders": {
        "Access-Control-Expose-Headers": [
          "Docker-Content-Digest",
          "WWW-Authenticate",
          "Link",
          "X-Ms-Correlation-Request-Id"
        ],
        "Connection": "keep-alive",
        "Content-Length": "1849",
        "Content-Type": "application/json; charset=utf-8",
        "Date": "Fri, 21 Apr 2023 21:10:20 GMT",
        "Docker-Distribution-Api-Version": "registry/2.0",
        "Server": "openresty",
        "Strict-Transport-Security": [
          "max-age=31536000; includeSubDomains",
          "max-age=31536000; includeSubDomains"
        ],
        "X-Content-Type-Options": "nosniff",
        "X-Ms-Correlation-Request-Id": "5f6a36a9-f7be-48ae-be3d-4602e343204f"
      },
      "ResponseBody": {
        "registry": "limolkovaacr.azurecr.io",
        "imageName": "library/hello-world",
        "manifest": {
          "digest": "sha256:4e83453afed1b4fa1a3500525091dbfca6ce1e66903fd4c01ff015dbcb1ba33e",
          "imageSize": 229179042,
          "createdTime": "2023-04-17T20:53:53.0440199Z",
          "lastUpdateTime": "2023-04-17T20:53:53.0440199Z",
          "mediaType": "application/vnd.docker.distribution.manifest.list.v2\u002Bjson",
          "tags": [
            "latest",
            "v1",
            "v2",
            "v3",
            "v4"
          ],
          "changeableAttributes": {
            "deleteEnabled": true,
            "writeEnabled": true,
            "readEnabled": true,
            "listEnabled": true
          },
          "references": [
            {
              "digest": "sha256:f54a58bc1aac5ea1a25d796ae155dc228b3f0e11d046ae276b39c4bf2f13d8c4",
              "architecture": "amd64",
              "os": "linux"
            },
            {
              "digest": "sha256:6253ef1af25aabd67777a01c686e7c69ee612961db34c8b90da079e5473be83b",
              "architecture": "arm",
              "os": "linux"
            },
            {
              "digest": "sha256:40d0cfd0861719208ff9f7747ab3f97844eeca509df705db44a736df863b76af",
              "architecture": "arm",
              "os": "linux"
            },
            {
              "digest": "sha256:432f982638b3aefab73cc58ab28f5c16e96fdb504e8c134fc58dff4bae8bf338",
              "architecture": "arm64",
              "os": "linux"
            },
            {
              "digest": "sha256:995efde2e81b21d1ea7066aa77a59298a62a9e9fbb4b77f36c189774ec9b1089",
              "architecture": "386",
              "os": "linux"
            },
            {
              "digest": "sha256:eb11b1a194ff8e236a01eff392c4e1296a53b0fb4780d8b0382f7996a15d5392",
              "architecture": "mips64le",
              "os": "linux"
            },
            {
              "digest": "sha256:3209b9aec056b296ea55b2af7757d078bf92e55a3ea29c5fdef5c785bcef09c4",
              "architecture": "ppc64le",
              "os": "linux"
            },
            {
              "digest": "sha256:98c9722322be649df94780d3fbe594fce7996234b259f27eac9428b84050c849",
              "architecture": "riscv64",
              "os": "linux"
            },
            {
              "digest": "sha256:c7b6944911848ce39b44ed660d95fb54d69bbd531de724c7ce6fc9f743c0b861",
              "architecture": "s390x",
              "os": "linux"
            },
            {
              "digest": "sha256:5e022189f7e57e0b8b59d87a7c8d448eef7fc7a94418395ca8f0ffbed1d4cb84",
              "architecture": "amd64",
              "os": "windows"
            },
            {
              "digest": "sha256:8ecc1906cb80f3250bc965d853a1d0ad964ab40d2ae929d0a8b9f04250d749b5",
              "architecture": "amd64",
              "os": "windows"
            }
          ]
        }
      }
    },
    {
      "RequestUri": "https://REDACTED/acr/v1/library%2Fhello-world/_tags/latest?api-version=2021-07-01",
      "RequestMethod": "GET",
      "RequestHeaders": {
        "Accept": "application/json",
        "Content-Length": "0",
        "Date": "Fri, 21 Apr 2023 21:10:20 GMT",
        "User-Agent": "azsdk-java-azure-containers-containerregistry/1.1.0-beta.5 (17.0.1; Windows 11; 10.0)",
        "x-ms-client-request-id": "82850af5-4f04-4b9c-9121-f8b486bb15e8"
      },
      "RequestBody": null,
      "StatusCode": 401,
      "ResponseHeaders": {
        "Access-Control-Expose-Headers": [
          "Docker-Content-Digest",
          "WWW-Authenticate",
          "Link",
          "X-Ms-Correlation-Request-Id"
        ],
        "Connection": "keep-alive",
        "Content-Length": "222",
        "Content-Type": "application/json; charset=utf-8",
        "Date": "Fri, 21 Apr 2023 21:10:20 GMT",
        "Docker-Distribution-Api-Version": "registry/2.0",
        "Server": "openresty",
        "Strict-Transport-Security": [
          "max-age=31536000; includeSubDomains",
          "max-age=31536000; includeSubDomains"
        ],
        "WWW-Authenticate": "Bearer realm=\u0022https://REDACTED\u0022,service=\u0022REDACTED\u0022,scope=\u0022repository:library/hello-world:metadata_read\u0022",
        "X-Content-Type-Options": "nosniff",
        "X-Ms-Correlation-Request-Id": "8f1cb659-d6cd-408f-be53-8defeea4d755"
      },
      "ResponseBody": {
        "errors": [
          {
            "code": "UNAUTHORIZED",
            "message": "authentication required, visit https://aka.ms/acr/authorization for more information.",
            "detail": [
              {
                "Type": "repository",
                "Name": "library/hello-world",
                "Action": "metadata_read"
              }
            ]
          }
        ]
      }
    },
    {
      "RequestUri": "https://REDACTED/oauth2/exchange?api-version=2021-07-01",
      "RequestMethod": "POST",
      "RequestHeaders": {
        "Accept": "application/json",
        "Content-Length": "62",
        "Content-Type": "application/x-www-form-urlencoded",
        "Date": "Fri, 21 Apr 2023 21:10:20 GMT",
        "User-Agent": "azsdk-java-azure-containers-containerregistry/1.1.0-beta.5 (17.0.1; Windows 11; 10.0)",
        "x-ms-client-request-id": "f11709fa-a841-4cdc-b9eb-984c762ebe1d"
      },
      "RequestBody": "grant_type=access_token\u0026service=REDACTED\u0026access_token=REDACTED",
      "StatusCode": 200,
      "ResponseHeaders": {
        "Connection": "keep-alive",
        "Content-Type": "application/json; charset=utf-8",
        "Date": "Fri, 21 Apr 2023 21:10:20 GMT",
        "Server": "openresty",
        "Strict-Transport-Security": "max-age=31536000; includeSubDomains",
        "Transfer-Encoding": "chunked",
        "X-Ms-Correlation-Request-Id": "d3b9e119-d312-4418-bac7-9672899367f8",
        "x-ms-ratelimit-remaining-calls-per-second": "330.033333"
      },
      "ResponseBody": {
        "refresh_token": "Sanitized"
      }
    },
    {
      "RequestUri": "https://REDACTED/oauth2/token?api-version=2021-07-01",
      "RequestMethod": "POST",
      "RequestHeaders": {
        "Accept": "application/json",
        "Content-Length": "121",
        "Content-Type": "application/x-www-form-urlencoded",
        "Date": "Fri, 21 Apr 2023 21:10:20 GMT",
        "User-Agent": "azsdk-java-azure-containers-containerregistry/1.1.0-beta.5 (17.0.1; Windows 11; 10.0)",
        "x-ms-client-request-id": "89500d4f-7fc0-48fa-b731-1f8009f4e058"
      },
      "RequestBody": "service=REDACTED\u0026scope=repository%3Alibrary%2Fhello-world%3Ametadata_read\u0026refresh_token=REDACTED\u0026grant_type=refresh_token",
      "StatusCode": 200,
      "ResponseHeaders": {
        "Connection": "keep-alive",
        "Content-Type": "application/json; charset=utf-8",
        "Date": "Fri, 21 Apr 2023 21:10:20 GMT",
        "Server": "openresty",
        "Strict-Transport-Security": "max-age=31536000; includeSubDomains",
        "Transfer-Encoding": "chunked",
        "X-Ms-Correlation-Request-Id": "851a7976-ccb3-48b1-9bea-66c81e1fc02d",
        "x-ms-ratelimit-remaining-calls-per-second": "330.016667"
      },
      "ResponseBody": {
        "access_token": "Sanitized"
      }
    },
    {
      "RequestUri": "https://REDACTED/acr/v1/library%2Fhello-world/_tags/latest?api-version=2021-07-01",
      "RequestMethod": "GET",
      "RequestHeaders": {
        "Accept": "application/json",
        "Authorization": "Sanitized",
        "Content-Length": "0",
        "Date": "Fri, 21 Apr 2023 21:10:20 GMT",
        "User-Agent": "azsdk-java-azure-containers-containerregistry/1.1.0-beta.5 (17.0.1; Windows 11; 10.0)",
        "x-ms-client-request-id": "82850af5-4f04-4b9c-9121-f8b486bb15e8"
      },
      "RequestBody": null,
      "StatusCode": 200,
      "ResponseHeaders": {
        "Access-Control-Expose-Headers": [
          "Docker-Content-Digest",
          "WWW-Authenticate",
          "Link",
          "X-Ms-Correlation-Request-Id"
        ],
        "Connection": "keep-alive",
        "Content-Length": "392",
        "Content-Type": "application/json; charset=utf-8",
        "Date": "Fri, 21 Apr 2023 21:10:20 GMT",
        "Docker-Distribution-Api-Version": "registry/2.0",
        "Server": "openresty",
        "Strict-Transport-Security": [
          "max-age=31536000; includeSubDomains",
          "max-age=31536000; includeSubDomains"
        ],
        "X-Content-Type-Options": "nosniff",
        "X-Ms-Correlation-Request-Id": "db81f8ad-924e-453b-968d-20d1643eae5f"
      },
      "ResponseBody": {
        "registry": "limolkovaacr.azurecr.io",
        "imageName": "library/hello-world",
        "tag": {
          "name": "latest",
          "digest": "sha256:4e83453afed1b4fa1a3500525091dbfca6ce1e66903fd4c01ff015dbcb1ba33e",
          "createdTime": "2023-01-30T17:44:39.7139436Z",
          "lastUpdateTime": "2023-04-17T20:53:52.9357229Z",
          "signed": false,
          "changeableAttributes": {
            "deleteEnabled": true,
            "writeEnabled": true,
            "readEnabled": true,
            "listEnabled": true
          }
        }
      }
    },
    {
      "RequestUri": "https://REDACTED/acr/v1/library%2Fhello-world/_manifests/sha256:REDACTED",
      "RequestMethod": "GET",
      "RequestHeaders": {
        "Accept": "application/json",
        "Content-Length": "0",
        "Date": "Fri, 21 Apr 2023 21:10:20 GMT",
        "User-Agent": "azsdk-java-azure-containers-containerregistry/1.1.0-beta.5 (17.0.1; Windows 11; 10.0)",
        "x-ms-client-request-id": "13b73f40-7573-4015-8bca-f4b465902d5b"
      },
      "RequestBody": null,
      "StatusCode": 401,
      "ResponseHeaders": {
        "Access-Control-Expose-Headers": [
          "Docker-Content-Digest",
          "WWW-Authenticate",
          "Link",
          "X-Ms-Correlation-Request-Id"
        ],
        "Connection": "keep-alive",
        "Content-Length": "222",
        "Content-Type": "application/json; charset=utf-8",
        "Date": "Fri, 21 Apr 2023 21:10:20 GMT",
        "Docker-Distribution-Api-Version": "registry/2.0",
        "Server": "openresty",
        "Strict-Transport-Security": [
          "max-age=31536000; includeSubDomains",
          "max-age=31536000; includeSubDomains"
        ],
        "WWW-Authenticate": "Bearer realm=\u0022https://REDACTED\u0022,service=\u0022REDACTED\u0022,scope=\u0022repository:library/hello-world:metadata_read\u0022",
        "X-Content-Type-Options": "nosniff",
        "X-Ms-Correlation-Request-Id": "d7b8c8f5-ef7c-4b99-b3af-e9c1c5b5f2d9"
      },
      "ResponseBody": {
        "errors": [
          {
            "code": "UNAUTHORIZED",
            "message": "authentication required, visit https://aka.ms/acr/authorization for more information.",
            "detail": [
              {
                "Type": "repository",
                "Name": "library/hello-world",
                "Action": "metadata_read"
              }
            ]
          }
        ]
      }
    },
    {
      "RequestUri": "https://REDACTED/oauth2/token?api-version=2021-07-01",
      "RequestMethod": "POST",
      "RequestHeaders": {
        "Accept": "application/json",
        "Content-Length": "121",
        "Content-Type": "application/x-www-form-urlencoded",
        "Date": "Fri, 21 Apr 2023 21:10:20 GMT",
        "User-Agent": "azsdk-java-azure-containers-containerregistry/1.1.0-beta.5 (17.0.1; Windows 11; 10.0)",
        "x-ms-client-request-id": "68098b92-53e4-4ffb-9903-d1aa7dad3b00"
      },
      "RequestBody": "service=REDACTED\u0026scope=repository%3Alibrary%2Fhello-world%3Ametadata_read\u0026refresh_token=REDACTED\u0026grant_type=refresh_token",
      "StatusCode": 200,
      "ResponseHeaders": {
        "Connection": "keep-alive",
        "Content-Type": "application/json; charset=utf-8",
        "Date": "Fri, 21 Apr 2023 21:10:20 GMT",
        "Server": "openresty",
        "Strict-Transport-Security": "max-age=31536000; includeSubDomains",
        "Transfer-Encoding": "chunked",
        "X-Ms-Correlation-Request-Id": "8ccff05c-aed1-4293-90e5-f8a3592ca487",
        "x-ms-ratelimit-remaining-calls-per-second": "330"
      },
      "ResponseBody": {
        "access_token": "Sanitized"
      }
    },
    {
      "RequestUri": "https://REDACTED/acr/v1/library%2Fhello-world/_manifests/sha256:REDACTED",
      "RequestMethod": "GET",
      "RequestHeaders": {
        "Accept": "application/json",
        "Authorization": "Sanitized",
        "Content-Length": "0",
        "Date": "Fri, 21 Apr 2023 21:10:20 GMT",
        "User-Agent": "azsdk-java-azure-containers-containerregistry/1.1.0-beta.5 (17.0.1; Windows 11; 10.0)",
        "x-ms-client-request-id": "13b73f40-7573-4015-8bca-f4b465902d5b"
      },
      "RequestBody": null,
      "StatusCode": 200,
      "ResponseHeaders": {
        "Access-Control-Expose-Headers": [
          "Docker-Content-Digest",
          "WWW-Authenticate",
          "Link",
          "X-Ms-Correlation-Request-Id"
        ],
        "Connection": "keep-alive",
        "Content-Length": "1849",
        "Content-Type": "application/json; charset=utf-8",
        "Date": "Fri, 21 Apr 2023 21:10:20 GMT",
        "Docker-Distribution-Api-Version": "registry/2.0",
        "Server": "openresty",
        "Strict-Transport-Security": [
          "max-age=31536000; includeSubDomains",
          "max-age=31536000; includeSubDomains"
        ],
        "X-Content-Type-Options": "nosniff",
        "X-Ms-Correlation-Request-Id": "38db2e6f-778d-4974-9c9a-6cdf90f80e04"
      },
      "ResponseBody": {
        "registry": "limolkovaacr.azurecr.io",
        "imageName": "library/hello-world",
        "manifest": {
          "digest": "sha256:4e83453afed1b4fa1a3500525091dbfca6ce1e66903fd4c01ff015dbcb1ba33e",
          "imageSize": 229179042,
          "createdTime": "2023-04-17T20:53:53.0440199Z",
          "lastUpdateTime": "2023-04-17T20:53:53.0440199Z",
          "mediaType": "application/vnd.docker.distribution.manifest.list.v2\u002Bjson",
          "tags": [
            "latest",
            "v1",
            "v2",
            "v3",
            "v4"
          ],
          "changeableAttributes": {
            "deleteEnabled": true,
            "writeEnabled": true,
            "readEnabled": true,
            "listEnabled": true
          },
          "references": [
            {
              "digest": "sha256:f54a58bc1aac5ea1a25d796ae155dc228b3f0e11d046ae276b39c4bf2f13d8c4",
              "architecture": "amd64",
              "os": "linux"
            },
            {
              "digest": "sha256:6253ef1af25aabd67777a01c686e7c69ee612961db34c8b90da079e5473be83b",
              "architecture": "arm",
              "os": "linux"
            },
            {
              "digest": "sha256:40d0cfd0861719208ff9f7747ab3f97844eeca509df705db44a736df863b76af",
              "architecture": "arm",
              "os": "linux"
            },
            {
              "digest": "sha256:432f982638b3aefab73cc58ab28f5c16e96fdb504e8c134fc58dff4bae8bf338",
              "architecture": "arm64",
              "os": "linux"
            },
            {
              "digest": "sha256:995efde2e81b21d1ea7066aa77a59298a62a9e9fbb4b77f36c189774ec9b1089",
              "architecture": "386",
              "os": "linux"
            },
            {
              "digest": "sha256:eb11b1a194ff8e236a01eff392c4e1296a53b0fb4780d8b0382f7996a15d5392",
              "architecture": "mips64le",
              "os": "linux"
            },
            {
              "digest": "sha256:3209b9aec056b296ea55b2af7757d078bf92e55a3ea29c5fdef5c785bcef09c4",
              "architecture": "ppc64le",
              "os": "linux"
            },
            {
              "digest": "sha256:98c9722322be649df94780d3fbe594fce7996234b259f27eac9428b84050c849",
              "architecture": "riscv64",
              "os": "linux"
            },
            {
              "digest": "sha256:c7b6944911848ce39b44ed660d95fb54d69bbd531de724c7ce6fc9f743c0b861",
              "architecture": "s390x",
              "os": "linux"
            },
            {
              "digest": "sha256:5e022189f7e57e0b8b59d87a7c8d448eef7fc7a94418395ca8f0ffbed1d4cb84",
              "architecture": "amd64",
              "os": "windows"
            },
            {
              "digest": "sha256:8ecc1906cb80f3250bc965d853a1d0ad964ab40d2ae929d0a8b9f04250d749b5",
              "architecture": "amd64",
              "os": "windows"
            }
          ]
        }
      }
    }
  ],
  "Variables": {}
}
