{
  "Entries": [
    {
      "RequestUri": "https://REDACTED/acr/v1/library%2Fhello-seattle?api-version=2021-07-01",
      "RequestMethod": "DELETE",
      "RequestHeaders": {
        "Accept": "application/json",
        "Content-Length": "0",
        "Date": "Fri, 21 Apr 2023 21:10:13 GMT",
        "User-Agent": "azsdk-java-azure-containers-containerregistry/1.1.0-beta.5 (17.0.1; Windows 11; 10.0)",
        "x-ms-client-request-id": "585ec9aa-b939-4129-900f-2179af5fddd6"
      },
      "RequestBody": null,
      "StatusCode": 401,
      "ResponseHeaders": {
        "Access-Control-Expose-Headers": [
          "Docker-Content-Digest",
          "WWW-Authenticate",
          "Link",
          "X-Ms-Correlation-Request-Id"
        ],
        "Connection": "keep-alive",
        "Content-Length": "217",
        "Content-Type": "application/json; charset=utf-8",
        "Date": "Fri, 21 Apr 2023 21:10:14 GMT",
        "Docker-Distribution-Api-Version": "registry/2.0",
        "Server": "openresty",
        "Strict-Transport-Security": [
          "max-age=31536000; includeSubDomains",
          "max-age=31536000; includeSubDomains"
        ],
        "WWW-Authenticate": "Bearer realm=\u0022https://REDACTED\u0022,service=\u0022REDACTED\u0022,scope=\u0022repository:library/hello-seattle:delete\u0022",
        "X-Content-Type-Options": "nosniff",
        "X-Ms-Correlation-Request-Id": "a7b6cd69-5075-4203-a08a-414adc155db1"
      },
      "ResponseBody": {
        "errors": [
          {
            "code": "UNAUTHORIZED",
            "message": "authentication required, visit https://aka.ms/acr/authorization for more information.",
            "detail": [
              {
                "Type": "repository",
                "Name": "library/hello-seattle",
                "Action": "delete"
              }
            ]
          }
        ]
      }
    },
    {
      "RequestUri": "https://REDACTED/oauth2/exchange?api-version=2021-07-01",
      "RequestMethod": "POST",
      "RequestHeaders": {
        "Accept": "application/json",
        "Content-Length": "62",
        "Content-Type": "application/x-www-form-urlencoded",
        "Date": "Fri, 21 Apr 2023 21:10:14 GMT",
        "User-Agent": "azsdk-java-azure-containers-containerregistry/1.1.0-beta.5 (17.0.1; Windows 11; 10.0)",
        "x-ms-client-request-id": "9217f49d-25f4-4dfa-9e3e-0da8cb7a1dfd"
      },
      "RequestBody": "grant_type=access_token\u0026service=REDACTED\u0026access_token=REDACTED",
      "StatusCode": 200,
      "ResponseHeaders": {
        "Connection": "keep-alive",
        "Content-Type": "application/json; charset=utf-8",
        "Date": "Fri, 21 Apr 2023 21:10:14 GMT",
        "Server": "openresty",
        "Strict-Transport-Security": "max-age=31536000; includeSubDomains",
        "Transfer-Encoding": "chunked",
        "X-Ms-Correlation-Request-Id": "64287cc2-3e0f-4bbc-9dea-0ec2f6cfd35b",
        "x-ms-ratelimit-remaining-calls-per-second": "326.9"
      },
      "ResponseBody": {
        "refresh_token": "Sanitized"
      }
    },
    {
      "RequestUri": "https://REDACTED/oauth2/token?api-version=2021-07-01",
      "RequestMethod": "POST",
      "RequestHeaders": {
        "Accept": "application/json",
        "Content-Length": "116",
        "Content-Type": "application/x-www-form-urlencoded",
        "Date": "Fri, 21 Apr 2023 21:10:14 GMT",
        "User-Agent": "azsdk-java-azure-containers-containerregistry/1.1.0-beta.5 (17.0.1; Windows 11; 10.0)",
        "x-ms-client-request-id": "40e7ec0c-9c96-4454-bbe2-1b1eaa77dced"
      },
      "RequestBody": "service=REDACTED\u0026scope=repository%3Alibrary%2Fhello-seattle%3Adelete\u0026refresh_token=REDACTED\u0026grant_type=refresh_token",
      "StatusCode": 200,
      "ResponseHeaders": {
        "Connection": "keep-alive",
        "Content-Type": "application/json; charset=utf-8",
        "Date": "Fri, 21 Apr 2023 21:10:14 GMT",
        "Server": "openresty",
        "Strict-Transport-Security": "max-age=31536000; includeSubDomains",
        "Transfer-Encoding": "chunked",
        "X-Ms-Correlation-Request-Id": "f9225976-973f-4d17-bde6-75563507eacf",
        "x-ms-ratelimit-remaining-calls-per-second": "326.883333"
      },
      "ResponseBody": {
        "access_token": "Sanitized"
      }
    },
    {
      "RequestUri": "https://REDACTED/acr/v1/library%2Fhello-seattle?api-version=2021-07-01",
      "RequestMethod": "DELETE",
      "RequestHeaders": {
        "Accept": "application/json",
        "Authorization": "Sanitized",
        "Content-Length": "0",
        "Date": "Fri, 21 Apr 2023 21:10:13 GMT",
        "User-Agent": "azsdk-java-azure-containers-containerregistry/1.1.0-beta.5 (17.0.1; Windows 11; 10.0)",
        "x-ms-client-request-id": "585ec9aa-b939-4129-900f-2179af5fddd6"
      },
      "RequestBody": null,
      "StatusCode": 202,
      "ResponseHeaders": {
        "Access-Control-Expose-Headers": [
          "Docker-Content-Digest",
          "WWW-Authenticate",
          "Link",
          "X-Ms-Correlation-Request-Id"
        ],
        "Connection": "keep-alive",
        "Content-Length": "936",
        "Content-Type": "application/json; charset=utf-8",
        "Date": "Fri, 21 Apr 2023 21:10:16 GMT",
        "Docker-Distribution-Api-Version": "registry/2.0",
        "Server": "openresty",
        "Strict-Transport-Security": [
          "max-age=31536000; includeSubDomains",
          "max-age=31536000; includeSubDomains"
        ],
        "X-Content-Type-Options": "nosniff",
        "X-Ms-Client-Request-Id": "585ec9aa-b939-4129-900f-2179af5fddd6",
        "X-Ms-Correlation-Request-Id": "a971cb85-a931-4bb2-bdbb-373abeb3bd5e",
        "X-Ms-Ratelimit-Remaining-Calls-Per-Second": "32.000000",
        "X-Ms-Request-Id": "a5d448db-6186-4d5d-8cdf-c4619baa53b8"
      },
      "ResponseBody": {
        "manifestsDeleted": [
          "sha256:220d888ab6ad0f51269605a7ffc0798f442d33c140ed5051e20eec501bbf2202",
          "sha256:2c542cfa48db891b0d4667b1fd98c78428d0e4d7e59ab483dd027a185cf4dbe0",
          "sha256:5c9ac9b2b91bacbe58641a89cb130d6b1cdb8b040e48a76751335d01ef5d76b7",
          "sha256:6f29a27f990505592eb80fc3032334568562f5f682ee17ef9d6b090bfe387e25",
          "sha256:7a012702999ac3589aeb46d28ab2b9b6b82324d8504b55e5cf4fdc9a9f52558d",
          "sha256:80f072dcbce20f8745fa8ec7594ee1cc5e4c53910df1dc4886b03942f249ba76",
          "sha256:9f16da7cb4e19d8def2ae8343610e985b9c46f33867d4b724ba47a4145952621",
          "sha256:ae574da1bf2b023591ed9c40a086b6768369c511cbc2fad37545dbe3048de81e",
          "sha256:b6ed6e4cc14488cfce68e946d13ae329ccf3e8454b26d106f23e3dff38f0b955",
          "sha256:c22223dc179f142076c071e844254ba21cb2e53a7fbb52ff275865130f11c7c1",
          "sha256:d7f84c1d6f16b1006d6ed62783625113b480ea697664909601f51ef380d55523",
          "sha256:d91c24cf3e56abeb62b887ed721836ba88ed5a543e26d28328e312ab518088f3"
        ],
        "tagsDeleted": [
          "latest"
        ]
      }
    }
  ],
  "Variables": {}
}
