{
  "Entries": [
    {
      "RequestUri": "https://REDACTED/acr/v1/library%2Falpine/_tags/v4?api-version=2021-07-01",
      "RequestMethod": "GET",
      "RequestHeaders": {
        "Accept": "application/json",
        "Content-Length": "0",
        "Date": "Fri, 21 Apr 2023 21:13:34 GMT",
        "User-Agent": "azsdk-java-azure-containers-containerregistry/1.1.0-beta.5 (17.0.1; Windows 11; 10.0)",
        "x-ms-client-request-id": "7010f802-5085-4e50-81ee-69711ec82c0a"
      },
      "RequestBody": null,
      "StatusCode": 401,
      "ResponseHeaders": {
        "Access-Control-Expose-Headers": [
          "Docker-Content-Digest",
          "WWW-Authenticate",
          "Link",
          "X-Ms-Correlation-Request-Id"
        ],
        "Connection": "keep-alive",
        "Content-Length": "217",
        "Content-Type": "application/json; charset=utf-8",
        "Date": "Fri, 21 Apr 2023 21:13:34 GMT",
        "Docker-Distribution-Api-Version": "registry/2.0",
        "Server": "openresty",
        "Strict-Transport-Security": [
          "max-age=31536000; includeSubDomains",
          "max-age=31536000; includeSubDomains"
        ],
        "WWW-Authenticate": "Bearer realm=\u0022https://REDACTED\u0022,service=\u0022REDACTED\u0022,scope=\u0022repository:library/alpine:metadata_read\u0022",
        "X-Content-Type-Options": "nosniff",
        "X-Ms-Correlation-Request-Id": "71b9afab-8e3f-416d-99a7-77f265e7bca9"
      },
      "ResponseBody": {
        "errors": [
          {
            "code": "UNAUTHORIZED",
            "message": "authentication required, visit https://aka.ms/acr/authorization for more information.",
            "detail": [
              {
                "Type": "repository",
                "Name": "library/alpine",
                "Action": "metadata_read"
              }
            ]
          }
        ]
      }
    },
    {
      "RequestUri": "https://REDACTED/oauth2/exchange?api-version=2021-07-01",
      "RequestMethod": "POST",
      "RequestHeaders": {
        "Accept": "application/json",
        "Content-Length": "62",
        "Content-Type": "application/x-www-form-urlencoded",
        "Date": "Fri, 21 Apr 2023 21:13:34 GMT",
        "User-Agent": "azsdk-java-azure-containers-containerregistry/1.1.0-beta.5 (17.0.1; Windows 11; 10.0)",
        "x-ms-client-request-id": "2a243140-1532-4769-aa7f-574b38cc2f39"
      },
      "RequestBody": "grant_type=access_token\u0026service=REDACTED\u0026access_token=REDACTED",
      "StatusCode": 200,
      "ResponseHeaders": {
        "Connection": "keep-alive",
        "Content-Type": "application/json; charset=utf-8",
        "Date": "Fri, 21 Apr 2023 21:13:34 GMT",
        "Server": "openresty",
        "Strict-Transport-Security": "max-age=31536000; includeSubDomains",
        "Transfer-Encoding": "chunked",
        "X-Ms-Correlation-Request-Id": "f95d2087-b84d-4f54-9d3c-d5650cede16e",
        "x-ms-ratelimit-remaining-calls-per-second": "333.283333"
      },
      "ResponseBody": {
        "refresh_token": "Sanitized"
      }
    },
    {
      "RequestUri": "https://REDACTED/oauth2/token?api-version=2021-07-01",
      "RequestMethod": "POST",
      "RequestHeaders": {
        "Accept": "application/json",
        "Content-Length": "116",
        "Content-Type": "application/x-www-form-urlencoded",
        "Date": "Fri, 21 Apr 2023 21:13:34 GMT",
        "User-Agent": "azsdk-java-azure-containers-containerregistry/1.1.0-beta.5 (17.0.1; Windows 11; 10.0)",
        "x-ms-client-request-id": "b55b324b-b376-4dce-9f6a-7a5bde450d8e"
      },
      "RequestBody": "service=REDACTED\u0026scope=repository%3Alibrary%2Falpine%3Ametadata_read\u0026refresh_token=REDACTED\u0026grant_type=refresh_token",
      "StatusCode": 200,
      "ResponseHeaders": {
        "Connection": "keep-alive",
        "Content-Type": "application/json; charset=utf-8",
        "Date": "Fri, 21 Apr 2023 21:13:34 GMT",
        "Server": "openresty",
        "Strict-Transport-Security": "max-age=31536000; includeSubDomains",
        "Transfer-Encoding": "chunked",
        "X-Ms-Correlation-Request-Id": "acaedf12-68fb-4ade-8e67-020b6edf0917",
        "x-ms-ratelimit-remaining-calls-per-second": "333.266667"
      },
      "ResponseBody": {
        "access_token": "Sanitized"
      }
    },
    {
      "RequestUri": "https://REDACTED/acr/v1/library%2Falpine/_tags/v4?api-version=2021-07-01",
      "RequestMethod": "GET",
      "RequestHeaders": {
        "Accept": "application/json",
        "Authorization": "Sanitized",
        "Content-Length": "0",
        "Date": "Fri, 21 Apr 2023 21:13:34 GMT",
        "User-Agent": "azsdk-java-azure-containers-containerregistry/1.1.0-beta.5 (17.0.1; Windows 11; 10.0)",
        "x-ms-client-request-id": "7010f802-5085-4e50-81ee-69711ec82c0a"
      },
      "RequestBody": null,
      "StatusCode": 200,
      "ResponseHeaders": {
        "Access-Control-Expose-Headers": [
          "Docker-Content-Digest",
          "WWW-Authenticate",
          "Link",
          "X-Ms-Correlation-Request-Id"
        ],
        "Connection": "keep-alive",
        "Content-Length": "383",
        "Content-Type": "application/json; charset=utf-8",
        "Date": "Fri, 21 Apr 2023 21:13:34 GMT",
        "Docker-Distribution-Api-Version": "registry/2.0",
        "Server": "openresty",
        "Strict-Transport-Security": [
          "max-age=31536000; includeSubDomains",
          "max-age=31536000; includeSubDomains"
        ],
        "X-Content-Type-Options": "nosniff",
        "X-Ms-Correlation-Request-Id": "95e4e6c3-c110-4384-a5c1-55780ca175cc"
      },
      "ResponseBody": {
        "registry": "limolkovaacr.azurecr.io",
        "imageName": "library/alpine",
        "tag": {
          "name": "v4",
          "digest": "sha256:124c7d2707904eea7431fffe91522a01e5a861a624ee31d03372cc1d138a3126",
          "createdTime": "2022-12-06T19:47:36.1208889Z",
          "lastUpdateTime": "2023-03-29T21:46:30.1879225Z",
          "signed": false,
          "changeableAttributes": {
            "deleteEnabled": true,
            "writeEnabled": true,
            "readEnabled": true,
            "listEnabled": true
          }
        }
      }
    },
    {
      "RequestUri": "https://REDACTED/acr/v1/library%2Falpine/_manifests/sha256:REDACTED",
      "RequestMethod": "GET",
      "RequestHeaders": {
        "Accept": "application/json",
        "Content-Length": "0",
        "Date": "Fri, 21 Apr 2023 21:13:34 GMT",
        "User-Agent": "azsdk-java-azure-containers-containerregistry/1.1.0-beta.5 (17.0.1; Windows 11; 10.0)",
        "x-ms-client-request-id": "3ea4ea3e-88bf-4026-88fd-d9f9d8ddf02d"
      },
      "RequestBody": null,
      "StatusCode": 401,
      "ResponseHeaders": {
        "Access-Control-Expose-Headers": [
          "Docker-Content-Digest",
          "WWW-Authenticate",
          "Link",
          "X-Ms-Correlation-Request-Id"
        ],
        "Connection": "keep-alive",
        "Content-Length": "217",
        "Content-Type": "application/json; charset=utf-8",
        "Date": "Fri, 21 Apr 2023 21:13:34 GMT",
        "Docker-Distribution-Api-Version": "registry/2.0",
        "Server": "openresty",
        "Strict-Transport-Security": [
          "max-age=31536000; includeSubDomains",
          "max-age=31536000; includeSubDomains"
        ],
        "WWW-Authenticate": "Bearer realm=\u0022https://REDACTED\u0022,service=\u0022REDACTED\u0022,scope=\u0022repository:library/alpine:metadata_read\u0022",
        "X-Content-Type-Options": "nosniff",
        "X-Ms-Correlation-Request-Id": "555612d3-aee5-4b48-8810-401020217031"
      },
      "ResponseBody": {
        "errors": [
          {
            "code": "UNAUTHORIZED",
            "message": "authentication required, visit https://aka.ms/acr/authorization for more information.",
            "detail": [
              {
                "Type": "repository",
                "Name": "library/alpine",
                "Action": "metadata_read"
              }
            ]
          }
        ]
      }
    },
    {
      "RequestUri": "https://REDACTED/oauth2/token?api-version=2021-07-01",
      "RequestMethod": "POST",
      "RequestHeaders": {
        "Accept": "application/json",
        "Content-Length": "116",
        "Content-Type": "application/x-www-form-urlencoded",
        "Date": "Fri, 21 Apr 2023 21:13:34 GMT",
        "User-Agent": "azsdk-java-azure-containers-containerregistry/1.1.0-beta.5 (17.0.1; Windows 11; 10.0)",
        "x-ms-client-request-id": "cf3913bd-9229-48ba-9729-022eed20f4ab"
      },
      "RequestBody": "service=REDACTED\u0026scope=repository%3Alibrary%2Falpine%3Ametadata_read\u0026refresh_token=REDACTED\u0026grant_type=refresh_token",
      "StatusCode": 200,
      "ResponseHeaders": {
        "Connection": "keep-alive",
        "Content-Type": "application/json; charset=utf-8",
        "Date": "Fri, 21 Apr 2023 21:13:34 GMT",
        "Server": "openresty",
        "Strict-Transport-Security": "max-age=31536000; includeSubDomains",
        "Transfer-Encoding": "chunked",
        "X-Ms-Correlation-Request-Id": "14b9a431-f15b-43dc-9612-2c0af871932e",
        "x-ms-ratelimit-remaining-calls-per-second": "333.25"
      },
      "ResponseBody": {
        "access_token": "Sanitized"
      }
    },
    {
      "RequestUri": "https://REDACTED/acr/v1/library%2Falpine/_manifests/sha256:REDACTED",
      "RequestMethod": "GET",
      "RequestHeaders": {
        "Accept": "application/json",
        "Authorization": "Sanitized",
        "Content-Length": "0",
        "Date": "Fri, 21 Apr 2023 21:13:34 GMT",
        "User-Agent": "azsdk-java-azure-containers-containerregistry/1.1.0-beta.5 (17.0.1; Windows 11; 10.0)",
        "x-ms-client-request-id": "3ea4ea3e-88bf-4026-88fd-d9f9d8ddf02d"
      },
      "RequestBody": null,
      "StatusCode": 200,
      "ResponseHeaders": {
        "Access-Control-Expose-Headers": [
          "Docker-Content-Digest",
          "WWW-Authenticate",
          "Link",
          "X-Ms-Correlation-Request-Id"
        ],
        "Connection": "keep-alive",
        "Content-Length": "1350",
        "Content-Type": "application/json; charset=utf-8",
        "Date": "Fri, 21 Apr 2023 21:13:34 GMT",
        "Docker-Distribution-Api-Version": "registry/2.0",
        "Server": "openresty",
        "Strict-Transport-Security": [
          "max-age=31536000; includeSubDomains",
          "max-age=31536000; includeSubDomains"
        ],
        "X-Content-Type-Options": "nosniff",
        "X-Ms-Correlation-Request-Id": "a470138c-1223-4c24-8998-8fdb755bffc2"
      },
      "ResponseBody": {
        "registry": "limolkovaacr.azurecr.io",
        "imageName": "library/alpine",
        "manifest": {
          "digest": "sha256:124c7d2707904eea7431fffe91522a01e5a861a624ee31d03372cc1d138a3126",
          "imageSize": 22609792,
          "createdTime": "2023-03-29T21:46:29.6869949Z",
          "lastUpdateTime": "2023-03-29T21:46:29.6869949Z",
          "mediaType": "application/vnd.docker.distribution.manifest.list.v2\u002Bjson",
          "tags": [
            "latest",
            "v1",
            "v2",
            "v3",
            "v4"
          ],
          "changeableAttributes": {
            "deleteEnabled": true,
            "writeEnabled": true,
            "readEnabled": true,
            "listEnabled": true
          },
          "references": [
            {
              "digest": "sha256:b6ca290b6b4cdcca5b3db3ffa338ee0285c11744b4a6abaa9627746ee3291d8d",
              "architecture": "amd64",
              "os": "linux"
            },
            {
              "digest": "sha256:888fd5bcc23ddd20ac7248182033eb0db7073dd4ca92556f68d3c91b4de309d4",
              "architecture": "arm",
              "os": "linux"
            },
            {
              "digest": "sha256:a99f6ddb5a7f037b423eb17c052956e1d9c8eee03941b319f2d6939bd846a67b",
              "architecture": "arm",
              "os": "linux"
            },
            {
              "digest": "sha256:b5a5b7ce4eabc8414bf367761a28f4e8b16952ce5de537c15ed917b71b245f11",
              "architecture": "arm64",
              "os": "linux"
            },
            {
              "digest": "sha256:3f57972158a12207fe5a2332005e6baf7bd73873e78b3f3a846df4fc93c3b7e6",
              "architecture": "386",
              "os": "linux"
            },
            {
              "digest": "sha256:74021d4e48aac79ab98a79790eb91788ed120fd1401170d9961aa6367bcbf9e5",
              "architecture": "ppc64le",
              "os": "linux"
            },
            {
              "digest": "sha256:d0730329aea18749d75deff83b1607886eef6ad96e82fa6ad96af87b73bae611",
              "architecture": "s390x",
              "os": "linux"
            }
          ]
        }
      }
    },
    {
      "RequestUri": "https://REDACTED/v2/library%2Falpine/manifests/sha256:REDACTED",
      "RequestMethod": "DELETE",
      "RequestHeaders": {
        "Accept": "application/json",
        "Content-Length": "0",
        "Date": "Fri, 21 Apr 2023 21:13:35 GMT",
        "User-Agent": "azsdk-java-azure-containers-containerregistry/1.1.0-beta.5 (17.0.1; Windows 11; 10.0)",
        "x-ms-client-request-id": "62b4ddda-694b-4b1d-a242-334afab0bb36"
      },
      "RequestBody": null,
      "StatusCode": 401,
      "ResponseHeaders": {
        "Access-Control-Expose-Headers": [
          "Docker-Content-Digest",
          "WWW-Authenticate",
          "Link",
          "X-Ms-Correlation-Request-Id"
        ],
        "Connection": "keep-alive",
        "Content-Length": "210",
        "Content-Type": "application/json; charset=utf-8",
        "Date": "Fri, 21 Apr 2023 21:13:35 GMT",
        "Docker-Distribution-Api-Version": "registry/2.0",
        "Server": "openresty",
        "Strict-Transport-Security": [
          "max-age=31536000; includeSubDomains",
          "max-age=31536000; includeSubDomains"
        ],
        "WWW-Authenticate": "Bearer realm=\u0022https://REDACTED\u0022,service=\u0022REDACTED\u0022,scope=\u0022repository:library/alpine:delete\u0022",
        "X-Content-Type-Options": "nosniff",
        "X-Ms-Correlation-Request-Id": "3bf4a6dc-3d98-487f-88e1-0771aca6cd87"
      },
      "ResponseBody": {
        "errors": [
          {
            "code": "UNAUTHORIZED",
            "message": "authentication required, visit https://aka.ms/acr/authorization for more information.",
            "detail": [
              {
                "Type": "repository",
                "Name": "library/alpine",
                "Action": "delete"
              }
            ]
          }
        ]
      }
    },
    {
      "RequestUri": "https://REDACTED/oauth2/exchange?api-version=2021-07-01",
      "RequestMethod": "POST",
      "RequestHeaders": {
        "Accept": "application/json",
        "Content-Length": "62",
        "Content-Type": "application/x-www-form-urlencoded",
        "Date": "Fri, 21 Apr 2023 21:13:35 GMT",
        "User-Agent": "azsdk-java-azure-containers-containerregistry/1.1.0-beta.5 (17.0.1; Windows 11; 10.0)",
        "x-ms-client-request-id": "20d52606-5665-4d04-aa82-a3613352a524"
      },
      "RequestBody": "grant_type=access_token\u0026service=REDACTED\u0026access_token=REDACTED",
      "StatusCode": 200,
      "ResponseHeaders": {
        "Connection": "keep-alive",
        "Content-Type": "application/json; charset=utf-8",
        "Date": "Fri, 21 Apr 2023 21:13:35 GMT",
        "Server": "openresty",
        "Strict-Transport-Security": "max-age=31536000; includeSubDomains",
        "Transfer-Encoding": "chunked",
        "X-Ms-Correlation-Request-Id": "51f20a1e-8b81-44f8-89b3-53fc74fdbb6d",
        "x-ms-ratelimit-remaining-calls-per-second": "333.233333"
      },
      "ResponseBody": {
        "refresh_token": "Sanitized"
      }
    },
    {
      "RequestUri": "https://REDACTED/oauth2/token?api-version=2021-07-01",
      "RequestMethod": "POST",
      "RequestHeaders": {
        "Accept": "application/json",
        "Content-Length": "109",
        "Content-Type": "application/x-www-form-urlencoded",
        "Date": "Fri, 21 Apr 2023 21:13:35 GMT",
        "User-Agent": "azsdk-java-azure-containers-containerregistry/1.1.0-beta.5 (17.0.1; Windows 11; 10.0)",
        "x-ms-client-request-id": "1d8c09c9-9061-492e-8693-9067be0952e0"
      },
      "RequestBody": "service=REDACTED\u0026scope=repository%3Alibrary%2Falpine%3Adelete\u0026refresh_token=REDACTED\u0026grant_type=refresh_token",
      "StatusCode": 200,
      "ResponseHeaders": {
        "Connection": "keep-alive",
        "Content-Type": "application/json; charset=utf-8",
        "Date": "Fri, 21 Apr 2023 21:13:35 GMT",
        "Server": "openresty",
        "Strict-Transport-Security": "max-age=31536000; includeSubDomains",
        "Transfer-Encoding": "chunked",
        "X-Ms-Correlation-Request-Id": "c9723055-0b49-41d3-a43c-30706f6b1b4d",
        "x-ms-ratelimit-remaining-calls-per-second": "333.216667"
      },
      "ResponseBody": {
        "access_token": "Sanitized"
      }
    },
    {
      "RequestUri": "https://REDACTED/v2/library%2Falpine/manifests/sha256:REDACTED",
      "RequestMethod": "DELETE",
      "RequestHeaders": {
        "Accept": "application/json",
        "Authorization": "Sanitized",
        "Content-Length": "0",
        "Date": "Fri, 21 Apr 2023 21:13:35 GMT",
        "User-Agent": "azsdk-java-azure-containers-containerregistry/1.1.0-beta.5 (17.0.1; Windows 11; 10.0)",
        "x-ms-client-request-id": "62b4ddda-694b-4b1d-a242-334afab0bb36"
      },
      "RequestBody": null,
      "StatusCode": 202,
      "ResponseHeaders": {
        "Access-Control-Expose-Headers": [
          "Docker-Content-Digest",
          "WWW-Authenticate",
          "Link",
          "X-Ms-Correlation-Request-Id"
        ],
        "Connection": "keep-alive",
        "Content-Length": "0",
        "Date": "Fri, 21 Apr 2023 21:13:35 GMT",
        "Docker-Distribution-Api-Version": "registry/2.0",
        "Server": "openresty",
        "Strict-Transport-Security": [
          "max-age=31536000; includeSubDomains",
          "max-age=31536000; includeSubDomains"
        ],
        "X-Content-Type-Options": "nosniff",
        "X-Ms-Client-Request-Id": "62b4ddda-694b-4b1d-a242-334afab0bb36",
        "X-Ms-Correlation-Request-Id": "9cbbb6dd-bdbe-497c-a04c-add845fc2a19",
        "X-Ms-Ratelimit-Remaining-Calls-Per-Second": "32.000000",
        "X-Ms-Request-Id": "83d7b37a-15a4-4a7b-ac2d-b2932087e72f"
      },
      "ResponseBody": null
    },
    {
      "RequestUri": "https://REDACTED/v2/library%2Falpine/manifests/sha256:REDACTED",
      "RequestMethod": "DELETE",
      "RequestHeaders": {
        "Accept": "application/json",
        "Content-Length": "0",
        "Date": "Fri, 21 Apr 2023 21:13:35 GMT",
        "User-Agent": "azsdk-java-azure-containers-containerregistry/1.1.0-beta.5 (17.0.1; Windows 11; 10.0)",
        "x-ms-client-request-id": "7d75e600-c8d9-4c70-9552-be431e1a0e8b"
      },
      "RequestBody": null,
      "StatusCode": 401,
      "ResponseHeaders": {
        "Access-Control-Expose-Headers": [
          "Docker-Content-Digest",
          "WWW-Authenticate",
          "Link",
          "X-Ms-Correlation-Request-Id"
        ],
        "Connection": "keep-alive",
        "Content-Length": "210",
        "Content-Type": "application/json; charset=utf-8",
        "Date": "Fri, 21 Apr 2023 21:13:35 GMT",
        "Docker-Distribution-Api-Version": "registry/2.0",
        "Server": "openresty",
        "Strict-Transport-Security": [
          "max-age=31536000; includeSubDomains",
          "max-age=31536000; includeSubDomains"
        ],
        "WWW-Authenticate": "Bearer realm=\u0022https://REDACTED\u0022,service=\u0022REDACTED\u0022,scope=\u0022repository:library/alpine:delete\u0022",
        "X-Content-Type-Options": "nosniff",
        "X-Ms-Correlation-Request-Id": "9e6f6460-d042-4a7f-9e9c-c3c3dc224c08"
      },
      "ResponseBody": {
        "errors": [
          {
            "code": "UNAUTHORIZED",
            "message": "authentication required, visit https://aka.ms/acr/authorization for more information.",
            "detail": [
              {
                "Type": "repository",
                "Name": "library/alpine",
                "Action": "delete"
              }
            ]
          }
        ]
      }
    },
    {
      "RequestUri": "https://REDACTED/oauth2/token?api-version=2021-07-01",
      "RequestMethod": "POST",
      "RequestHeaders": {
        "Accept": "application/json",
        "Content-Length": "109",
        "Content-Type": "application/x-www-form-urlencoded",
        "Date": "Fri, 21 Apr 2023 21:13:35 GMT",
        "User-Agent": "azsdk-java-azure-containers-containerregistry/1.1.0-beta.5 (17.0.1; Windows 11; 10.0)",
        "x-ms-client-request-id": "41417bf4-f5d5-4bd1-86d5-fe2f011a8388"
      },
      "RequestBody": "service=REDACTED\u0026scope=repository%3Alibrary%2Falpine%3Adelete\u0026refresh_token=REDACTED\u0026grant_type=refresh_token",
      "StatusCode": 200,
      "ResponseHeaders": {
        "Connection": "keep-alive",
        "Content-Type": "application/json; charset=utf-8",
        "Date": "Fri, 21 Apr 2023 21:13:35 GMT",
        "Server": "openresty",
        "Strict-Transport-Security": "max-age=31536000; includeSubDomains",
        "Transfer-Encoding": "chunked",
        "X-Ms-Correlation-Request-Id": "44e32f74-34ee-4800-9d22-51bf04f81ce5",
        "x-ms-ratelimit-remaining-calls-per-second": "333.2"
      },
      "ResponseBody": {
        "access_token": "Sanitized"
      }
    },
    {
      "RequestUri": "https://REDACTED/v2/library%2Falpine/manifests/sha256:REDACTED",
      "RequestMethod": "DELETE",
      "RequestHeaders": {
        "Accept": "application/json",
        "Authorization": "Sanitized",
        "Content-Length": "0",
        "Date": "Fri, 21 Apr 2023 21:13:35 GMT",
        "User-Agent": "azsdk-java-azure-containers-containerregistry/1.1.0-beta.5 (17.0.1; Windows 11; 10.0)",
        "x-ms-client-request-id": "7d75e600-c8d9-4c70-9552-be431e1a0e8b"
      },
      "RequestBody": null,
      "StatusCode": 404,
      "ResponseHeaders": {
        "Access-Control-Expose-Headers": [
          "Docker-Content-Digest",
          "WWW-Authenticate",
          "Link",
          "X-Ms-Correlation-Request-Id"
        ],
        "Connection": "keep-alive",
        "Content-Length": "147",
        "Content-Type": "application/json; charset=utf-8",
        "Date": "Fri, 21 Apr 2023 21:13:35 GMT",
        "Docker-Distribution-Api-Version": "registry/2.0",
        "Server": "openresty",
        "Strict-Transport-Security": [
          "max-age=31536000; includeSubDomains",
          "max-age=31536000; includeSubDomains"
        ],
        "X-Content-Type-Options": "nosniff",
        "X-Ms-Client-Request-Id": "7d75e600-c8d9-4c70-9552-be431e1a0e8b",
        "X-Ms-Correlation-Request-Id": "099dd708-7f62-4b62-a598-3803f4902152",
        "X-Ms-Ratelimit-Remaining-Calls-Per-Second": "31.000000",
        "X-Ms-Request-Id": "cb411f37-77be-4d68-9983-cad7814224e5"
      },
      "ResponseBody": {
        "errors": [
          {
            "code": "MANIFEST_UNKNOWN",
            "message": "manifest sha256:b6ca290b6b4cdcca5b3db3ffa338ee0285c11744b4a6abaa9627746ee3291d8d is not found"
          }
        ]
      }
    }
  ],
  "Variables": {}
}
